101.226.33.202 - - [07/Aug/2017:15:28:50 +0000] "GET /img/project-item-02.jpg HTTP/1.1" 200 27090 "http://qiankaihua.top/?nsukey=RfyVozpV3wJKiqlCI4SIdmVA1pCyPXHABKQCGp4tS74pVNOaJy30KjnhAtDyoeNr1SXTDjHJNsdleaaeOi0qVnjDIg9Li%2FdQzJ3DpCbyCs9ID74olS5jMoQ4oMgD47jJfv7zVHBMaa%2FPExIVXspBzKLKDuaOx4PkOxfwlqiM%2FHhxoxSGbrodSvDC4PJ1XC%2Fy" "Mozilla/5.0 (iPhone; CPU iPhone OS 8_4 like Mac OS X) AppleWebKit/600.1.4 (KHTML, like Gecko) Version/8.0 Mobile/12H143 Safari/600.1.4"
101.226.33.202 - - [07/Aug/2017:15:28:50 +0000] "GET /img/left-feature-image.png HTTP/1.1" 200 79640 "http://qiankaihua.top/?nsukey=RfyVozpV3wJKiqlCI4SIdmVA1pCyPXHABKQCGp4tS74pVNOaJy30KjnhAtDyoeNr1SXTDjHJNsdleaaeOi0qVnjDIg9Li%2FdQzJ3DpCbyCs9ID74olS5jMoQ4oMgD47jJfv7zVHBMaa%2FPExIVXspBzKLKDuaOx4PkOxfwlqiM%2FHhxoxSGbrodSvDC4PJ1XC%2Fy" "Mozilla/5.0 (iPhone; CPU iPhone OS 8_4 like Mac OS X) AppleWebKit/600.1.4 (KHTML, like Gecko) Version/8.0 Mobile/12H143 Safari/600.1.4"
117.185.27.115 - - [07/Aug/2017:15:28:51 +0000] "GET /blog/1 HTTP/1.1" 200 1804 "" "Mozilla/5.0 (iPhone; CPU iPhone OS 8_4 like Mac OS X) AppleWebKit/600.1.4 (KHTML, like Gecko) Version/8.0 Mobile/12H143 Safari/600.1.4"
117.185.27.115 - - [07/Aug/2017:15:28:51 +0000] "GET /css/all.css HTTP/1.1" 200 11214 "http://qiankaihua.top/blog/1" "Mozilla/5.0 (iPhone; CPU iPhone OS 8_4 like Mac OS X) AppleWebKit/600.1.4 (KHTML, like Gecko) Version/8.0 Mobile/12H143 Safari/600.1.4"
117.185.27.115 - - [07/Aug/2017:15:28:52 +0000] "GET /css/templatemo-style.css HTTP/1.1" 200 3505 "http://qiankaihua.top/blog/1" "Mozilla/5.0 (iPhone; CPU iPhone OS 8_4 like Mac OS X) AppleWebKit/600.1.4 (KHTML, like Gecko) Version/8.0 Mobile/12H143 Safari/600.1.4"
117.185.27.115 - - [07/Aug/2017:15:28:52 +0000] "GET /js/all.js HTTP/1.1" 200 1226 "http://qiankaihua.top/blog/1" "Mozilla/5.0 (iPhone; CPU iPhone OS 8_4 like Mac OS X) AppleWebKit/600.1.4 (KHTML, like Gecko) Version/8.0 Mobile/12H143 Safari/600.1.4"
117.185.27.115 - - [07/Aug/2017:15:28:52 +0000] "GET /js/vendor/modernizr-2.8.3-respond-1.4.2.min.js HTTP/1.1" 200 8531 "http://qiankaihua.top/blog/1" "Mozilla/5.0 (iPhone; CPU iPhone OS 8_4 like Mac OS X) AppleWebKit/600.1.4 (KHTML, like Gecko) Version/8.0 Mobile/12H143 Safari/600.1.4"
117.185.27.115 - - [07/Aug/2017:15:28:52 +0000] "GET /css/bootstrap-theme.min.css HTTP/1.1" 200 2688 "http://qiankaihua.top/blog/1" "Mozilla/5.0 (iPhone; CPU iPhone OS 8_4 like Mac OS X) AppleWebKit/600.1.4 (KHTML, like Gecko) Version/8.0 Mobile/12H143 Safari/600.1.4"
117.185.27.115 - - [07/Aug/2017:15:28:52 +0000] "GET /js/vendor/modernizr-2.8.3-respond-1.4.2.min.js HTTP/1.1" 200 8530 "http://qiankaihua.top/blog/1" "Mozilla/5.0 (iPhone; CPU iPhone OS 8_4 like Mac OS X) AppleWebKit/600.1.4 (KHTML, like Gecko) Version/8.0 Mobile/12H143 Safari/600.1.4"
117.185.27.115 - - [07/Aug/2017:15:28:52 +0000] "GET /css/templatemo-style.css HTTP/1.1" 200 3504 "http://qiankaihua.top/blog/1" "Mozilla/5.0 (iPhone; CPU iPhone OS 8_4 like Mac OS X) AppleWebKit/600.1.4 (KHTML, like Gecko) Version/8.0 Mobile/12H143 Safari/600.1.4"
117.185.27.115 - - [07/Aug/2017:15:28:52 +0000] "GET /img/next.png HTTP/1.1" 200 1635 "http://qiankaihua.top/blog/1" "Mozilla/5.0 (iPhone; CPU iPhone OS 8_4 like Mac OS X) AppleWebKit/600.1.4 (KHTML, like Gecko) Version/8.0 Mobile/12H143 Safari/600.1.4"
117.185.27.115 - - [07/Aug/2017:15:28:52 +0000] "GET /img/prev.png HTTP/1.1" 200 1645 "http://qiankaihua.top/blog/1" "Mozilla/5.0 (iPhone; CPU iPhone OS 8_4 like Mac OS X) AppleWebKit/600.1.4 (KHTML, like Gecko) Version/8.0 Mobile/12H143 Safari/600.1.4"
117.185.27.115 - - [07/Aug/2017:15:28:52 +0000] "GET /img/loading.gif HTTP/1.1" 200 8762 "http://qiankaihua.top/blog/1" "Mozilla/5.0 (iPhone; CPU iPhone OS 8_4 like Mac OS X) AppleWebKit/600.1.4 (KHTML, like Gecko) Version/8.0 Mobile/12H143 Safari/600.1.4"
117.185.27.115 - - [07/Aug/2017:15:28:52 +0000] "GET /css/bootstrap-theme.min.css HTTP/1.1" 200 2687 "http://qiankaihua.top/blog/1" "Mozilla/5.0 (iPhone; CPU iPhone OS 8_4 like Mac OS X) AppleWebKit/600.1.4 (KHTML, like Gecko) Version/8.0 Mobile/12H143 Safari/600.1.4"
117.185.27.115 - - [07/Aug/2017:15:28:52 +0000] "GET /img/close.png HTTP/1.1" 200 564 "http://qiankaihua.top/blog/1" "Mozilla/5.0 (iPhone; CPU iPhone OS 8_4 like Mac OS X) AppleWebKit/600.1.4 (KHTML, like Gecko) Version/8.0 Mobile/12H143 Safari/600.1.4"
::1 - - [07/Aug/2017:15:28:57 +0000] "OPTIONS * HTTP/1.0" 200 126 "-" "Apache/2.4.18 (Ubuntu) (internal dummy connection)"
::1 - - [07/Aug/2017:15:28:58 +0000] "OPTIONS * HTTP/1.0" 200 126 "-" "Apache/2.4.18 (Ubuntu) (internal dummy connection)"
::1 - - [07/Aug/2017:15:28:59 +0000] "OPTIONS * HTTP/1.0" 200 126 "-" "Apache/2.4.18 (Ubuntu) (internal dummy connection)"
112.65.193.14 - - [07/Aug/2017:15:29:07 +0000] "GET /blog/1?nsukey=AWRRechMda2w0SywxnbMMwsfivPHgD49rfN%2Bszyn6f5kn8dt9T7jhzeaXGk0B1k40cqR9VodGxe7oxST7GKCP8BwJ5MfiNfrRlDeJ06aOdUCUP9w5Ml7GQXwGQby%2BUvYCVdqG3VOHY5tl7rtagqvwmpZ2vCS4tyd3qxiJ8%2BJSMcPwIzllLAcpVXrkaDefN3u HTTP/1.1" 200 1802 "" "Mozilla/5.0 (iPhone; CPU iPhone OS 8_4 like Mac OS X) AppleWebKit/600.1.4 (KHTML, like Gecko) Version/8.0 Mobile/12H143 Safari/600.1.4"
112.65.193.14 - - [07/Aug/2017:15:29:08 +0000] "GET /css/all.css HTTP/1.1" 200 11214 "http://qiankaihua.top/blog/1?nsukey=AWRRechMda2w0SywxnbMMwsfivPHgD49rfN%2Bszyn6f5kn8dt9T7jhzeaXGk0B1k40cqR9VodGxe7oxST7GKCP8BwJ5MfiNfrRlDeJ06aOdUCUP9w5Ml7GQXwGQby%2BUvYCVdqG3VOHY5tl7rtagqvwmpZ2vCS4tyd3qxiJ8%2BJSMcPwIzllLAcpVXrkaDefN3u" "Mozilla/5.0 (iPhone; CPU iPhone OS 8_4 like Mac OS X) AppleWebKit/600.1.4 (KHTML, like Gecko) Version/8.0 Mobile/12H143 Safari/600.1.4"
112.65.193.14 - - [07/Aug/2017:15:29:08 +0000] "GET /js/all.js HTTP/1.1" 200 1226 "http://qiankaihua.top/blog/1?nsukey=AWRRechMda2w0SywxnbMMwsfivPHgD49rfN%2Bszyn6f5kn8dt9T7jhzeaXGk0B1k40cqR9VodGxe7oxST7GKCP8BwJ5MfiNfrRlDeJ06aOdUCUP9w5Ml7GQXwGQby%2BUvYCVdqG3VOHY5tl7rtagqvwmpZ2vCS4tyd3qxiJ8%2BJSMcPwIzllLAcpVXrkaDefN3u" "Mozilla/5.0 (iPhone; CPU iPhone OS 8_4 like Mac OS X) AppleWebKit/600.1.4 (KHTML, like Gecko) Version/8.0 Mobile/12H143 Safari/600.1.4"
112.65.193.14 - - [07/Aug/2017:15:29:08 +0000] "GET /js/vendor/modernizr-2.8.3-respond-1.4.2.min.js HTTP/1.1" 200 8531 "http://qiankaihua.top/blog/1?nsukey=AWRRechMda2w0SywxnbMMwsfivPHgD49rfN%2Bszyn6f5kn8dt9T7jhzeaXGk0B1k40cqR9VodGxe7oxST7GKCP8BwJ5MfiNfrRlDeJ06aOdUCUP9w5Ml7GQXwGQby%2BUvYCVdqG3VOHY5tl7rtagqvwmpZ2vCS4tyd3qxiJ8%2BJSMcPwIzllLAcpVXrkaDefN3u" "Mozilla/5.0 (iPhone; CPU iPhone OS 8_4 like Mac OS X) AppleWebKit/600.1.4 (KHTML, like Gecko) Version/8.0 Mobile/12H143 Safari/600.1.4"
112.65.193.14 - - [07/Aug/2017:15:29:08 +0000] "GET /css/bootstrap-theme.min.css HTTP/1.1" 200 2688 "http://qiankaihua.top/blog/1?nsukey=AWRRechMda2w0SywxnbMMwsfivPHgD49rfN%2Bszyn6f5kn8dt9T7jhzeaXGk0B1k40cqR9VodGxe7oxST7GKCP8BwJ5MfiNfrRlDeJ06aOdUCUP9w5Ml7GQXwGQby%2BUvYCVdqG3VOHY5tl7rtagqvwmpZ2vCS4tyd3qxiJ8%2BJSMcPwIzllLAcpVXrkaDefN3u" "Mozilla/5.0 (iPhone; CPU iPhone OS 8_4 like Mac OS X) AppleWebKit/600.1.4 (KHTML, like Gecko) Version/8.0 Mobile/12H143 Safari/600.1.4"
112.65.193.14 - - [07/Aug/2017:15:29:08 +0000] "GET /css/templatemo-style.css HTTP/1.1" 200 3505 "http://qiankaihua.top/blog/1?nsukey=AWRRechMda2w0SywxnbMMwsfivPHgD49rfN%2Bszyn6f5kn8dt9T7jhzeaXGk0B1k40cqR9VodGxe7oxST7GKCP8BwJ5MfiNfrRlDeJ06aOdUCUP9w5Ml7GQXwGQby%2BUvYCVdqG3VOHY5tl7rtagqvwmpZ2vCS4tyd3qxiJ8%2BJSMcPwIzllLAcpVXrkaDefN3u" "Mozilla/5.0 (iPhone; CPU iPhone OS 8_4 like Mac OS X) AppleWebKit/600.1.4 (KHTML, like Gecko) Version/8.0 Mobile/12H143 Safari/600.1.4"
112.65.193.14 - - [07/Aug/2017:15:29:08 +0000] "GET /css/templatemo-style.css HTTP/1.1" 200 3504 "http://qiankaihua.top/blog/1?nsukey=AWRRechMda2w0SywxnbMMwsfivPHgD49rfN%2Bszyn6f5kn8dt9T7jhzeaXGk0B1k40cqR9VodGxe7oxST7GKCP8BwJ5MfiNfrRlDeJ06aOdUCUP9w5Ml7GQXwGQby%2BUvYCVdqG3VOHY5tl7rtagqvwmpZ2vCS4tyd3qxiJ8%2BJSMcPwIzllLAcpVXrkaDefN3u" "Mozilla/5.0 (iPhone; CPU iPhone OS 8_4 like Mac OS X) AppleWebKit/600.1.4 (KHTML, like Gecko) Version/8.0 Mobile/12H143 Safari/600.1.4"
112.65.193.14 - - [07/Aug/2017:15:29:08 +0000] "GET /js/vendor/modernizr-2.8.3-respond-1.4.2.min.js HTTP/1.1" 200 8530 "http://qiankaihua.top/blog/1?nsukey=AWRRechMda2w0SywxnbMMwsfivPHgD49rfN%2Bszyn6f5kn8dt9T7jhzeaXGk0B1k40cqR9VodGxe7oxST7GKCP8BwJ5MfiNfrRlDeJ06aOdUCUP9w5Ml7GQXwGQby%2BUvYCVdqG3VOHY5tl7rtagqvwmpZ2vCS4tyd3qxiJ8%2BJSMcPwIzllLAcpVXrkaDefN3u" "Mozilla/5.0 (iPhone; CPU iPhone OS 8_4 like Mac OS X) AppleWebKit/600.1.4 (KHTML, like Gecko) Version/8.0 Mobile/12H143 Safari/600.1.4"
112.65.193.14 - - [07/Aug/2017:15:29:08 +0000] "GET /css/bootstrap-theme.min.css HTTP/1.1" 200 2687 "http://qiankaihua.top/blog/1?nsukey=AWRRechMda2w0SywxnbMMwsfivPHgD49rfN%2Bszyn6f5kn8dt9T7jhzeaXGk0B1k40cqR9VodGxe7oxST7GKCP8BwJ5MfiNfrRlDeJ06aOdUCUP9w5Ml7GQXwGQby%2BUvYCVdqG3VOHY5tl7rtagqvwmpZ2vCS4tyd3qxiJ8%2BJSMcPwIzllLAcpVXrkaDefN3u" "Mozilla/5.0 (iPhone; CPU iPhone OS 8_4 like Mac OS X) AppleWebKit/600.1.4 (KHTML, like Gecko) Version/8.0 Mobile/12H143 Safari/600.1.4"
112.65.193.14 - - [07/Aug/2017:15:29:08 +0000] "GET /img/loading.gif HTTP/1.1" 200 8762 "http://qiankaihua.top/blog/1?nsukey=AWRRechMda2w0SywxnbMMwsfivPHgD49rfN%2Bszyn6f5kn8dt9T7jhzeaXGk0B1k40cqR9VodGxe7oxST7GKCP8BwJ5MfiNfrRlDeJ06aOdUCUP9w5Ml7GQXwGQby%2BUvYCVdqG3VOHY5tl7rtagqvwmpZ2vCS4tyd3qxiJ8%2BJSMcPwIzllLAcpVXrkaDefN3u" "Mozilla/5.0 (iPhone; CPU iPhone OS 8_4 like Mac OS X) AppleWebKit/600.1.4 (KHTML, like Gecko) Version/8.0 Mobile/12H143 Safari/600.1.4"
112.65.193.14 - - [07/Aug/2017:15:29:08 +0000] "GET /img/close.png HTTP/1.1" 200 564 "http://qiankaihua.top/blog/1?nsukey=AWRRechMda2w0SywxnbMMwsfivPHgD49rfN%2Bszyn6f5kn8dt9T7jhzeaXGk0B1k40cqR9VodGxe7oxST7GKCP8BwJ5MfiNfrRlDeJ06aOdUCUP9w5Ml7GQXwGQby%2BUvYCVdqG3VOHY5tl7rtagqvwmpZ2vCS4tyd3qxiJ8%2BJSMcPwIzllLAcpVXrkaDefN3u" "Mozilla/5.0 (iPhone; CPU iPhone OS 8_4 like Mac OS X) AppleWebKit/600.1.4 (KHTML, like Gecko) Version/8.0 Mobile/12H143 Safari/600.1.4"
112.65.193.14 - - [07/Aug/2017:15:29:08 +0000] "GET /img/next.png HTTP/1.1" 200 1635 "http://qiankaihua.top/blog/1?nsukey=AWRRechMda2w0SywxnbMMwsfivPHgD49rfN%2Bszyn6f5kn8dt9T7jhzeaXGk0B1k40cqR9VodGxe7oxST7GKCP8BwJ5MfiNfrRlDeJ06aOdUCUP9w5Ml7GQXwGQby%2BUvYCVdqG3VOHY5tl7rtagqvwmpZ2vCS4tyd3qxiJ8%2BJSMcPwIzllLAcpVXrkaDefN3u" "Mozilla/5.0 (iPhone; CPU iPhone OS 8_4 like Mac OS X) AppleWebKit/600.1.4 (KHTML, like Gecko) Version/8.0 Mobile/12H143 Safari/600.1.4"
112.65.193.14 - - [07/Aug/2017:15:29:08 +0000] "GET /img/prev.png HTTP/1.1" 200 1645 "http://qiankaihua.top/blog/1?nsukey=AWRRechMda2w0SywxnbMMwsfivPHgD49rfN%2Bszyn6f5kn8dt9T7jhzeaXGk0B1k40cqR9VodGxe7oxST7GKCP8BwJ5MfiNfrRlDeJ06aOdUCUP9w5Ml7GQXwGQby%2BUvYCVdqG3VOHY5tl7rtagqvwmpZ2vCS4tyd3qxiJ8%2BJSMcPwIzllLAcpVXrkaDefN3u" "Mozilla/5.0 (iPhone; CPU iPhone OS 8_4 like Mac OS X) AppleWebKit/600.1.4 (KHTML, like Gecko) Version/8.0 Mobile/12H143 Safari/600.1.4"
221.237.85.29 - - [07/Aug/2017:15:29:20 +0000] "GET /blog/bloglist HTTP/1.1" 200 1453 "http://qiankaihua.top/" "Mozilla/5.0 (Linux; Android 7.0; MHA-AL00 Build/HUAWEIMHA-AL00) AppleWebKit/537.36 (KHTML, like Gecko) Version/4.0 Mobile Safari/537.36"
221.237.85.29 - - [07/Aug/2017:15:29:25 +0000] "GET /blog/bloglist HTTP/1.1" 200 1457 "http://qiankaihua.top/" "Mozilla/5.0 (Linux; Android 7.0; MHA-AL00 Build/HUAWEIMHA-AL00) AppleWebKit/537.36 (KHTML, like Gecko) Version/4.0 Mobile Safari/537.36"
221.237.85.29 - - [07/Aug/2017:15:29:25 +0000] "GET /js/all.js HTTP/1.1" 200 1225 "http://qiankaihua.top/blog/bloglist" "Mozilla/5.0 (Linux; Android 7.0; MHA-AL00 Build/HUAWEIMHA-AL00) AppleWebKit/537.36 (KHTML, like Gecko) Version/4.0 Mobile Safari/537.36"
221.237.85.29 - - [07/Aug/2017:15:29:25 +0000] "GET /css/all.css HTTP/1.1" 200 11214 "http://qiankaihua.top/blog/bloglist" "Mozilla/5.0 (Linux; Android 7.0; MHA-AL00 Build/HUAWEIMHA-AL00) AppleWebKit/537.36 (KHTML, like Gecko) Version/4.0 Mobile Safari/537.36"
117.185.27.99 - - [07/Aug/2017:15:29:35 +0000] "GET /?nsukey=UooAI01zCsxLZsZSIh%2BGmxZhUsMGeQVoM5%2FejeVpJAgqQ3EsTdv4qmvTncRHU3W2Uoj19o7IbfvDUxul2kFogAMSaO9Od2qtkM5huosZxIeCldF0Dh3ZYEmzQDz2fesHL%2BHyOT51%2BugO8TinXKwgTK72RT9D1tYx5T7ehfmBMxEOseI5hcr%2BaORTOnSsaLWz HTTP/1.1" 200 3386 "-" "Mozilla/5.0 (Windows; U; Windows NT 5.1; en-US) AppleWebKit/534.13 (KHTML, like Gecko) Chrome/9.0.597.107 Safari/534.13"
101.226.125.117 - - [07/Aug/2017:15:29:37 +0000] "GET /?nsukey=UooAI01zCsxLZsZSIh%2BGmxZhUsMGeQVoM5%2FejeVpJAgqQ3EsTdv4qmvTncRHU3W2Uoj19o7IbfvDUxul2kFogAMSaO9Od2qtkM5huosZxIeCldF0Dh3ZYEmzQDz2fesHL%2BHyOT51%2BugO8TinXKwgTK72RT9D1tYx5T7ehfmBMxEOseI5hcr%2BaORTOnSsaLWz HTTP/1.1" 200 3392 "-" "Mozilla/5.0 (Windows NT 6.1; WOW64) AppleWebKit/537.36 (KHTML, like Gecko) Chrome/46.0.2490.80 Safari/537.36"
115.199.243.168 - - [07/Aug/2017:15:29:38 +0000] "GET /?nsukey=UooAI01zCsxLZsZSIh%2BGmxZhUsMGeQVoM5%2FejeVpJAgqQ3EsTdv4qmvTncRHU3W2Uoj19o7IbfvDUxul2kFogAMSaO9Od2qtkM5huosZxIeCldF0Dh3ZYEmzQDz2fesHL%2BHyOT51%2BugO8TinXKwgTK72RT9D1tYx5T7ehfmBMxEOseI5hcr%2BaORTOnSsaLWz HTTP/1.1" 200 3321 "-" "Mozilla/5.0 (iPhone; CPU iPhone OS 10_3_2 like Mac OS X) AppleWebKit/603.2.4 (KHTML, like Gecko) Version/10.0 Mobile/14F89 Safari/602.1"
115.199.243.168 - - [07/Aug/2017:15:29:39 +0000] "GET /css/templatemo-style.css HTTP/1.1" 200 3504 "http://qiankaihua.top/?nsukey=UooAI01zCsxLZsZSIh%2BGmxZhUsMGeQVoM5%2FejeVpJAgqQ3EsTdv4qmvTncRHU3W2Uoj19o7IbfvDUxul2kFogAMSaO9Od2qtkM5huosZxIeCldF0Dh3ZYEmzQDz2fesHL%2BHyOT51%2BugO8TinXKwgTK72RT9D1tYx5T7ehfmBMxEOseI5hcr%2BaORTOnSsaLWz" "Mozilla/5.0 (iPhone; CPU iPhone OS 10_3_2 like Mac OS X) AppleWebKit/603.2.4 (KHTML, like Gecko) Version/10.0 Mobile/14F89 Safari/602.1"
115.199.243.168 - - [07/Aug/2017:15:29:39 +0000] "GET /css/bootstrap.min.css HTTP/1.1" 200 19057 "http://qiankaihua.top/?nsukey=UooAI01zCsxLZsZSIh%2BGmxZhUsMGeQVoM5%2FejeVpJAgqQ3EsTdv4qmvTncRHU3W2Uoj19o7IbfvDUxul2kFogAMSaO9Od2qtkM5huosZxIeCldF0Dh3ZYEmzQDz2fesHL%2BHyOT51%2BugO8TinXKwgTK72RT9D1tYx5T7ehfmBMxEOseI5hcr%2BaORTOnSsaLWz" "Mozilla/5.0 (iPhone; CPU iPhone OS 10_3_2 like Mac OS X) AppleWebKit/603.2.4 (KHTML, like Gecko) Version/10.0 Mobile/14F89 Safari/602.1"
115.199.243.168 - - [07/Aug/2017:15:29:39 +0000] "GET /css/fontAwesome.css HTTP/1.1" 200 7826 "http://qiankaihua.top/?nsukey=UooAI01zCsxLZsZSIh%2BGmxZhUsMGeQVoM5%2FejeVpJAgqQ3EsTdv4qmvTncRHU3W2Uoj19o7IbfvDUxul2kFogAMSaO9Od2qtkM5huosZxIeCldF0Dh3ZYEmzQDz2fesHL%2BHyOT51%2BugO8TinXKwgTK72RT9D1tYx5T7ehfmBMxEOseI5hcr%2BaORTOnSsaLWz" "Mozilla/5.0 (iPhone; CPU iPhone OS 10_3_2 like Mac OS X) AppleWebKit/603.2.4 (KHTML, like Gecko) Version/10.0 Mobile/14F89 Safari/602.1"
115.199.243.168 - - [07/Aug/2017:15:29:39 +0000] "GET /css/bootstrap-theme.min.css HTTP/1.1" 200 2688 "http://qiankaihua.top/?nsukey=UooAI01zCsxLZsZSIh%2BGmxZhUsMGeQVoM5%2FejeVpJAgqQ3EsTdv4qmvTncRHU3W2Uoj19o7IbfvDUxul2kFogAMSaO9Od2qtkM5huosZxIeCldF0Dh3ZYEmzQDz2fesHL%2BHyOT51%2BugO8TinXKwgTK72RT9D1tYx5T7ehfmBMxEOseI5hcr%2BaORTOnSsaLWz" "Mozilla/5.0 (iPhone; CPU iPhone OS 10_3_2 like Mac OS X) AppleWebKit/603.2.4 (KHTML, like Gecko) Version/10.0 Mobile/14F89 Safari/602.1"
115.199.243.168 - - [07/Aug/2017:15:29:39 +0000] "GET /js/vendor/jquery-1.11.2.min.js HTTP/1.1" 200 33635 "http://qiankaihua.top/?nsukey=UooAI01zCsxLZsZSIh%2BGmxZhUsMGeQVoM5%2FejeVpJAgqQ3EsTdv4qmvTncRHU3W2Uoj19o7IbfvDUxul2kFogAMSaO9Od2qtkM5huosZxIeCldF0Dh3ZYEmzQDz2fesHL%2BHyOT51%2BugO8TinXKwgTK72RT9D1tYx5T7ehfmBMxEOseI5hcr%2BaORTOnSsaLWz" "Mozilla/5.0 (iPhone; CPU iPhone OS 10_3_2 like Mac OS X) AppleWebKit/603.2.4 (KHTML, like Gecko) Version/10.0 Mobile/14F89 Safari/602.1"
115.199.243.168 - - [07/Aug/2017:15:29:39 +0000] "GET /js/vendor/modernizr-2.8.3-respond-1.4.2.min.js HTTP/1.1" 200 8530 "http://qiankaihua.top/?nsukey=UooAI01zCsxLZsZSIh%2BGmxZhUsMGeQVoM5%2FejeVpJAgqQ3EsTdv4qmvTncRHU3W2Uoj19o7IbfvDUxul2kFogAMSaO9Od2qtkM5huosZxIeCldF0Dh3ZYEmzQDz2fesHL%2BHyOT51%2BugO8TinXKwgTK72RT9D1tYx5T7ehfmBMxEOseI5hcr%2BaORTOnSsaLWz" "Mozilla/5.0 (iPhone; CPU iPhone OS 10_3_2 like Mac OS X) AppleWebKit/603.2.4 (KHTML, like Gecko) Version/10.0 Mobile/14F89 Safari/602.1"
115.199.243.168 - - [07/Aug/2017:15:29:39 +0000] "GET /js/vendor/bootstrap.min.js HTTP/1.1" 200 9792 "http://qiankaihua.top/?nsukey=UooAI01zCsxLZsZSIh%2BGmxZhUsMGeQVoM5%2FejeVpJAgqQ3EsTdv4qmvTncRHU3W2Uoj19o7IbfvDUxul2kFogAMSaO9Od2qtkM5huosZxIeCldF0Dh3ZYEmzQDz2fesHL%2BHyOT51%2BugO8TinXKwgTK72RT9D1tYx5T7ehfmBMxEOseI5hcr%2BaORTOnSsaLWz" "Mozilla/5.0 (iPhone; CPU iPhone OS 10_3_2 like Mac OS X) AppleWebKit/603.2.4 (KHTML, like Gecko) Version/10.0 Mobile/14F89 Safari/602.1"
115.199.243.168 - - [07/Aug/2017:15:29:39 +0000] "GET /js/plugins.js HTTP/1.1" 200 729 "http://qiankaihua.top/?nsukey=UooAI01zCsxLZsZSIh%2BGmxZhUsMGeQVoM5%2FejeVpJAgqQ3EsTdv4qmvTncRHU3W2Uoj19o7IbfvDUxul2kFogAMSaO9Od2qtkM5huosZxIeCldF0Dh3ZYEmzQDz2fesHL%2BHyOT51%2BugO8TinXKwgTK72RT9D1tYx5T7ehfmBMxEOseI5hcr%2BaORTOnSsaLWz" "Mozilla/5.0 (iPhone; CPU iPhone OS 10_3_2 like Mac OS X) AppleWebKit/603.2.4 (KHTML, like Gecko) Version/10.0 Mobile/14F89 Safari/602.1"
115.199.243.168 - - [07/Aug/2017:15:29:39 +0000] "GET /js/mymain.js HTTP/1.1" 200 6654 "http://qiankaihua.top/?nsukey=UooAI01zCsxLZsZSIh%2BGmxZhUsMGeQVoM5%2FejeVpJAgqQ3EsTdv4qmvTncRHU3W2Uoj19o7IbfvDUxul2kFogAMSaO9Od2qtkM5huosZxIeCldF0Dh3ZYEmzQDz2fesHL%2BHyOT51%2BugO8TinXKwgTK72RT9D1tYx5T7ehfmBMxEOseI5hcr%2BaORTOnSsaLWz" "Mozilla/5.0 (iPhone; CPU iPhone OS 10_3_2 like Mac OS X) AppleWebKit/603.2.4 (KHTML, like Gecko) Version/10.0 Mobile/14F89 Safari/602.1"
115.199.243.168 - - [07/Aug/2017:15:29:39 +0000] "GET /img/home-icon.png HTTP/1.1" 200 1965 "http://qiankaihua.top/?nsukey=UooAI01zCsxLZsZSIh%2BGmxZhUsMGeQVoM5%2FejeVpJAgqQ3EsTdv4qmvTncRHU3W2Uoj19o7IbfvDUxul2kFogAMSaO9Od2qtkM5huosZxIeCldF0Dh3ZYEmzQDz2fesHL%2BHyOT51%2BugO8TinXKwgTK72RT9D1tYx5T7ehfmBMxEOseI5hcr%2BaORTOnSsaLWz" "Mozilla/5.0 (iPhone; CPU iPhone OS 10_3_2 like Mac OS X) AppleWebKit/603.2.4 (KHTML, like Gecko) Version/10.0 Mobile/14F89 Safari/602.1"
115.199.243.168 - - [07/Aug/2017:15:29:39 +0000] "GET /img/about-icon.png HTTP/1.1" 200 2197 "http://qiankaihua.top/?nsukey=UooAI01zCsxLZsZSIh%2BGmxZhUsMGeQVoM5%2FejeVpJAgqQ3EsTdv4qmvTncRHU3W2Uoj19o7IbfvDUxul2kFogAMSaO9Od2qtkM5huosZxIeCldF0Dh3ZYEmzQDz2fesHL%2BHyOT51%2BugO8TinXKwgTK72RT9D1tYx5T7ehfmBMxEOseI5hcr%2BaORTOnSsaLWz" "Mozilla/5.0 (iPhone; CPU iPhone OS 10_3_2 like Mac OS X) AppleWebKit/603.2.4 (KHTML, like Gecko) Version/10.0 Mobile/14F89 Safari/602.1"
115.199.243.168 - - [07/Aug/2017:15:29:39 +0000] "GET /img/featured-icon.png HTTP/1.1" 200 1817 "http://qiankaihua.top/?nsukey=UooAI01zCsxLZsZSIh%2BGmxZhUsMGeQVoM5%2FejeVpJAgqQ3EsTdv4qmvTncRHU3W2Uoj19o7IbfvDUxul2kFogAMSaO9Od2qtkM5huosZxIeCldF0Dh3ZYEmzQDz2fesHL%2BHyOT51%2BugO8TinXKwgTK72RT9D1tYx5T7ehfmBMxEOseI5hcr%2BaORTOnSsaLWz" "Mozilla/5.0 (iPhone; CPU iPhone OS 10_3_2 like Mac OS X) AppleWebKit/603.2.4 (KHTML, like Gecko) Version/10.0 Mobile/14F89 Safari/602.1"
115.199.243.168 - - [07/Aug/2017:15:29:39 +0000] "GET /img/projects-icon.png HTTP/1.1" 200 1745 "http://qiankaihua.top/?nsukey=UooAI01zCsxLZsZSIh%2BGmxZhUsMGeQVoM5%2FejeVpJAgqQ3EsTdv4qmvTncRHU3W2Uoj19o7IbfvDUxul2kFogAMSaO9Od2qtkM5huosZxIeCldF0Dh3ZYEmzQDz2fesHL%2BHyOT51%2BugO8TinXKwgTK72RT9D1tYx5T7ehfmBMxEOseI5hcr%2BaORTOnSsaLWz" "Mozilla/5.0 (iPhone; CPU iPhone OS 10_3_2 like Mac OS X) AppleWebKit/603.2.4 (KHTML, like Gecko) Version/10.0 Mobile/14F89 Safari/602.1"
115.199.243.168 - - [07/Aug/2017:15:29:39 +0000] "GET /img/contact-icon.png HTTP/1.1" 200 1859 "http://qiankaihua.top/?nsukey=UooAI01zCsxLZsZSIh%2BGmxZhUsMGeQVoM5%2FejeVpJAgqQ3EsTdv4qmvTncRHU3W2Uoj19o7IbfvDUxul2kFogAMSaO9Od2qtkM5huosZxIeCldF0Dh3ZYEmzQDz2fesHL%2BHyOT51%2BugO8TinXKwgTK72RT9D1tYx5T7ehfmBMxEOseI5hcr%2BaORTOnSsaLWz" "Mozilla/5.0 (iPhone; CPU iPhone OS 10_3_2 like Mac OS X) AppleWebKit/603.2.4 (KHTML, like Gecko) Version/10.0 Mobile/14F89 Safari/602.1"
115.199.243.168 - - [07/Aug/2017:15:29:39 +0000] "GET /img/left-about-image.jpg HTTP/1.1" 200 48112 "http://qiankaihua.top/?nsukey=UooAI01zCsxLZsZSIh%2BGmxZhUsMGeQVoM5%2FejeVpJAgqQ3EsTdv4qmvTncRHU3W2Uoj19o7IbfvDUxul2kFogAMSaO9Od2qtkM5huosZxIeCldF0Dh3ZYEmzQDz2fesHL%2BHyOT51%2BugO8TinXKwgTK72RT9D1tYx5T7ehfmBMxEOseI5hcr%2BaORTOnSsaLWz" "Mozilla/5.0 (iPhone; CPU iPhone OS 10_3_2 like Mac OS X) AppleWebKit/603.2.4 (KHTML, like Gecko) Version/10.0 Mobile/14F89 Safari/602.1"
115.199.243.168 - - [07/Aug/2017:15:29:39 +0000] "GET /img/right-about-image.jpg HTTP/1.1" 200 40466 "http://qiankaihua.top/?nsukey=UooAI01zCsxLZsZSIh%2BGmxZhUsMGeQVoM5%2FejeVpJAgqQ3EsTdv4qmvTncRHU3W2Uoj19o7IbfvDUxul2kFogAMSaO9Od2qtkM5huosZxIeCldF0Dh3ZYEmzQDz2fesHL%2BHyOT51%2BugO8TinXKwgTK72RT9D1tYx5T7ehfmBMxEOseI5hcr%2BaORTOnSsaLWz" "Mozilla/5.0 (iPhone; CPU iPhone OS 10_3_2 like Mac OS X) AppleWebKit/603.2.4 (KHTML, like Gecko) Version/10.0 Mobile/14F89 Safari/602.1"
115.199.243.168 - - [07/Aug/2017:15:29:40 +0000] "GET /fonts/fontawesome-webfont.woff2?v=4.7.0 HTTP/1.1" 200 77423 "http://qiankaihua.top/?nsukey=UooAI01zCsxLZsZSIh%2BGmxZhUsMGeQVoM5%2FejeVpJAgqQ3EsTdv4qmvTncRHU3W2Uoj19o7IbfvDUxul2kFogAMSaO9Od2qtkM5huosZxIeCldF0Dh3ZYEmzQDz2fesHL%2BHyOT51%2BugO8TinXKwgTK72RT9D1tYx5T7ehfmBMxEOseI5hcr%2BaORTOnSsaLWz" "Mozilla/5.0 (iPhone; CPU iPhone OS 10_3_2 like Mac OS X) AppleWebKit/603.2.4 (KHTML, like Gecko) Version/10.0 Mobile/14F89 Safari/602.1"
115.199.243.168 - - [07/Aug/2017:15:29:41 +0000] "GET /img/project-item-01.jpg HTTP/1.1" 200 17243 "http://qiankaihua.top/?nsukey=UooAI01zCsxLZsZSIh%2BGmxZhUsMGeQVoM5%2FejeVpJAgqQ3EsTdv4qmvTncRHU3W2Uoj19o7IbfvDUxul2kFogAMSaO9Od2qtkM5huosZxIeCldF0Dh3ZYEmzQDz2fesHL%2BHyOT51%2BugO8TinXKwgTK72RT9D1tYx5T7ehfmBMxEOseI5hcr%2BaORTOnSsaLWz" "Mozilla/5.0 (iPhone; CPU iPhone OS 10_3_2 like Mac OS X) AppleWebKit/603.2.4 (KHTML, like Gecko) Version/10.0 Mobile/14F89 Safari/602.1"
115.199.243.168 - - [07/Aug/2017:15:29:42 +0000] "GET /img/project-item-02.jpg HTTP/1.1" 200 27090 "http://qiankaihua.top/?nsukey=UooAI01zCsxLZsZSIh%2BGmxZhUsMGeQVoM5%2FejeVpJAgqQ3EsTdv4qmvTncRHU3W2Uoj19o7IbfvDUxul2kFogAMSaO9Od2qtkM5huosZxIeCldF0Dh3ZYEmzQDz2fesHL%2BHyOT51%2BugO8TinXKwgTK72RT9D1tYx5T7ehfmBMxEOseI5hcr%2BaORTOnSsaLWz" "Mozilla/5.0 (iPhone; CPU iPhone OS 10_3_2 like Mac OS X) AppleWebKit/603.2.4 (KHTML, like Gecko) Version/10.0 Mobile/14F89 Safari/602.1"
115.199.243.168 - - [07/Aug/2017:15:29:43 +0000] "GET /img/project-item-03.jpg HTTP/1.1" 200 21008 "http://qiankaihua.top/?nsukey=UooAI01zCsxLZsZSIh%2BGmxZhUsMGeQVoM5%2FejeVpJAgqQ3EsTdv4qmvTncRHU3W2Uoj19o7IbfvDUxul2kFogAMSaO9Od2qtkM5huosZxIeCldF0Dh3ZYEmzQDz2fesHL%2BHyOT51%2BugO8TinXKwgTK72RT9D1tYx5T7ehfmBMxEOseI5hcr%2BaORTOnSsaLWz" "Mozilla/5.0 (iPhone; CPU iPhone OS 10_3_2 like Mac OS X) AppleWebKit/603.2.4 (KHTML, like Gecko) Version/10.0 Mobile/14F89 Safari/602.1"
115.199.243.168 - - [07/Aug/2017:15:29:45 +0000] "GET /img/project-item-04.jpg HTTP/1.1" 200 19779 "http://qiankaihua.top/?nsukey=UooAI01zCsxLZsZSIh%2BGmxZhUsMGeQVoM5%2FejeVpJAgqQ3EsTdv4qmvTncRHU3W2Uoj19o7IbfvDUxul2kFogAMSaO9Od2qtkM5huosZxIeCldF0Dh3ZYEmzQDz2fesHL%2BHyOT51%2BugO8TinXKwgTK72RT9D1tYx5T7ehfmBMxEOseI5hcr%2BaORTOnSsaLWz" "Mozilla/5.0 (iPhone; CPU iPhone OS 10_3_2 like Mac OS X) AppleWebKit/603.2.4 (KHTML, like Gecko) Version/10.0 Mobile/14F89 Safari/602.1"
221.237.85.29 - - [07/Aug/2017:15:29:45 +0000] "GET /js/vendor/modernizr-2.8.3-respond-1.4.2.min.js HTTP/1.1" 200 8531 "http://qiankaihua.top/blog/bloglist" "Mozilla/5.0 (Linux; Android 7.0; MHA-AL00 Build/HUAWEIMHA-AL00) AppleWebKit/537.36 (KHTML, like Gecko) Version/4.0 Mobile Safari/537.36"
115.199.243.168 - - [07/Aug/2017:15:29:45 +0000] "GET /img/project-item-05.jpg HTTP/1.1" 200 20968 "http://qiankaihua.top/?nsukey=UooAI01zCsxLZsZSIh%2BGmxZhUsMGeQVoM5%2FejeVpJAgqQ3EsTdv4qmvTncRHU3W2Uoj19o7IbfvDUxul2kFogAMSaO9Od2qtkM5huosZxIeCldF0Dh3ZYEmzQDz2fesHL%2BHyOT51%2BugO8TinXKwgTK72RT9D1tYx5T7ehfmBMxEOseI5hcr%2BaORTOnSsaLWz" "Mozilla/5.0 (iPhone; CPU iPhone OS 10_3_2 like Mac OS X) AppleWebKit/603.2.4 (KHTML, like Gecko) Version/10.0 Mobile/14F89 Safari/602.1"
115.199.243.168 - - [07/Aug/2017:15:29:46 +0000] "GET /img/project-item-06.jpg HTTP/1.1" 200 19800 "http://qiankaihua.top/?nsukey=UooAI01zCsxLZsZSIh%2BGmxZhUsMGeQVoM5%2FejeVpJAgqQ3EsTdv4qmvTncRHU3W2Uoj19o7IbfvDUxul2kFogAMSaO9Od2qtkM5huosZxIeCldF0Dh3ZYEmzQDz2fesHL%2BHyOT51%2BugO8TinXKwgTK72RT9D1tYx5T7ehfmBMxEOseI5hcr%2BaORTOnSsaLWz" "Mozilla/5.0 (iPhone; CPU iPhone OS 10_3_2 like Mac OS X) AppleWebKit/603.2.4 (KHTML, like Gecko) Version/10.0 Mobile/14F89 Safari/602.1"
115.199.243.168 - - [07/Aug/2017:15:29:46 +0000] "GET /img/project-item-07.jpg HTTP/1.1" 200 26605 "http://qiankaihua.top/?nsukey=UooAI01zCsxLZsZSIh%2BGmxZhUsMGeQVoM5%2FejeVpJAgqQ3EsTdv4qmvTncRHU3W2Uoj19o7IbfvDUxul2kFogAMSaO9Od2qtkM5huosZxIeCldF0Dh3ZYEmzQDz2fesHL%2BHyOT51%2BugO8TinXKwgTK72RT9D1tYx5T7ehfmBMxEOseI5hcr%2BaORTOnSsaLWz" "Mozilla/5.0 (iPhone; CPU iPhone OS 10_3_2 like Mac OS X) AppleWebKit/603.2.4 (KHTML, like Gecko) Version/10.0 Mobile/14F89 Safari/602.1"
221.237.85.29 - - [07/Aug/2017:15:29:46 +0000] "GET /blog/bloglist HTTP/1.1" 200 1461 "http://qiankaihua.top/" "Mozilla/5.0 (Linux; Android 7.0; MHA-AL00 Build/HUAWEIMHA-AL00) AppleWebKit/537.36 (KHTML, like Gecko) Version/4.0 Mobile Safari/537.36"
221.237.85.29 - - [07/Aug/2017:15:29:46 +0000] "GET /css/all.css HTTP/1.1" 200 11214 "http://qiankaihua.top/blog/bloglist" "Mozilla/5.0 (Linux; Android 7.0; MHA-AL00 Build/HUAWEIMHA-AL00) AppleWebKit/537.36 (KHTML, like Gecko) Version/4.0 Mobile Safari/537.36"
115.199.243.168 - - [07/Aug/2017:15:29:46 +0000] "GET /img/project-item-08.jpg HTTP/1.1" 200 20049 "http://qiankaihua.top/?nsukey=UooAI01zCsxLZsZSIh%2BGmxZhUsMGeQVoM5%2FejeVpJAgqQ3EsTdv4qmvTncRHU3W2Uoj19o7IbfvDUxul2kFogAMSaO9Od2qtkM5huosZxIeCldF0Dh3ZYEmzQDz2fesHL%2BHyOT51%2BugO8TinXKwgTK72RT9D1tYx5T7ehfmBMxEOseI5hcr%2BaORTOnSsaLWz" "Mozilla/5.0 (iPhone; CPU iPhone OS 10_3_2 like Mac OS X) AppleWebKit/603.2.4 (KHTML, like Gecko) Version/10.0 Mobile/14F89 Safari/602.1"
115.199.243.168 - - [07/Aug/2017:15:29:46 +0000] "GET /img/close.png HTTP/1.1" 200 564 "http://qiankaihua.top/?nsukey=UooAI01zCsxLZsZSIh%2BGmxZhUsMGeQVoM5%2FejeVpJAgqQ3EsTdv4qmvTncRHU3W2Uoj19o7IbfvDUxul2kFogAMSaO9Od2qtkM5huosZxIeCldF0Dh3ZYEmzQDz2fesHL%2BHyOT51%2BugO8TinXKwgTK72RT9D1tYx5T7ehfmBMxEOseI5hcr%2BaORTOnSsaLWz" "Mozilla/5.0 (iPhone; CPU iPhone OS 10_3_2 like Mac OS X) AppleWebKit/603.2.4 (KHTML, like Gecko) Version/10.0 Mobile/14F89 Safari/602.1"
115.199.243.168 - - [07/Aug/2017:15:29:46 +0000] "GET /img/loading.gif HTTP/1.1" 200 8762 "http://qiankaihua.top/?nsukey=UooAI01zCsxLZsZSIh%2BGmxZhUsMGeQVoM5%2FejeVpJAgqQ3EsTdv4qmvTncRHU3W2Uoj19o7IbfvDUxul2kFogAMSaO9Od2qtkM5huosZxIeCldF0Dh3ZYEmzQDz2fesHL%2BHyOT51%2BugO8TinXKwgTK72RT9D1tYx5T7ehfmBMxEOseI5hcr%2BaORTOnSsaLWz" "Mozilla/5.0 (iPhone; CPU iPhone OS 10_3_2 like Mac OS X) AppleWebKit/603.2.4 (KHTML, like Gecko) Version/10.0 Mobile/14F89 Safari/602.1"
221.237.85.29 - - [07/Aug/2017:15:29:46 +0000] "GET /css/templatemo-style.css HTTP/1.1" 200 3505 "http://qiankaihua.top/blog/bloglist" "Mozilla/5.0 (Linux; Android 7.0; MHA-AL00 Build/HUAWEIMHA-AL00) AppleWebKit/537.36 (KHTML, like Gecko) Version/4.0 Mobile Safari/537.36"
221.237.85.29 - - [07/Aug/2017:15:29:46 +0000] "GET /css/bootstrap-theme.min.css HTTP/1.1" 200 2687 "http://qiankaihua.top/blog/bloglist" "Mozilla/5.0 (Linux; Android 7.0; MHA-AL00 Build/HUAWEIMHA-AL00) AppleWebKit/537.36 (KHTML, like Gecko) Version/4.0 Mobile Safari/537.36"
221.237.85.29 - - [07/Aug/2017:15:29:46 +0000] "GET /js/all.js HTTP/1.1" 200 1226 "http://qiankaihua.top/blog/bloglist" "Mozilla/5.0 (Linux; Android 7.0; MHA-AL00 Build/HUAWEIMHA-AL00) AppleWebKit/537.36 (KHTML, like Gecko) Version/4.0 Mobile Safari/537.36"
115.199.243.168 - - [07/Aug/2017:15:29:46 +0000] "GET /img/prev.png HTTP/1.1" 200 1645 "http://qiankaihua.top/?nsukey=UooAI01zCsxLZsZSIh%2BGmxZhUsMGeQVoM5%2FejeVpJAgqQ3EsTdv4qmvTncRHU3W2Uoj19o7IbfvDUxul2kFogAMSaO9Od2qtkM5huosZxIeCldF0Dh3ZYEmzQDz2fesHL%2BHyOT51%2BugO8TinXKwgTK72RT9D1tYx5T7ehfmBMxEOseI5hcr%2BaORTOnSsaLWz" "Mozilla/5.0 (iPhone; CPU iPhone OS 10_3_2 like Mac OS X) AppleWebKit/603.2.4 (KHTML, like Gecko) Version/10.0 Mobile/14F89 Safari/602.1"
115.199.243.168 - - [07/Aug/2017:15:29:47 +0000] "GET /img/next.png HTTP/1.1" 200 1635 "http://qiankaihua.top/?nsukey=UooAI01zCsxLZsZSIh%2BGmxZhUsMGeQVoM5%2FejeVpJAgqQ3EsTdv4qmvTncRHU3W2Uoj19o7IbfvDUxul2kFogAMSaO9Od2qtkM5huosZxIeCldF0Dh3ZYEmzQDz2fesHL%2BHyOT51%2BugO8TinXKwgTK72RT9D1tYx5T7ehfmBMxEOseI5hcr%2BaORTOnSsaLWz" "Mozilla/5.0 (iPhone; CPU iPhone OS 10_3_2 like Mac OS X) AppleWebKit/603.2.4 (KHTML, like Gecko) Version/10.0 Mobile/14F89 Safari/602.1"
115.199.243.168 - - [07/Aug/2017:15:29:40 +0000] "GET /img/left-feature-image.png HTTP/1.1" 200 497902 "http://qiankaihua.top/?nsukey=UooAI01zCsxLZsZSIh%2BGmxZhUsMGeQVoM5%2FejeVpJAgqQ3EsTdv4qmvTncRHU3W2Uoj19o7IbfvDUxul2kFogAMSaO9Od2qtkM5huosZxIeCldF0Dh3ZYEmzQDz2fesHL%2BHyOT51%2BugO8TinXKwgTK72RT9D1tYx5T7ehfmBMxEOseI5hcr%2BaORTOnSsaLWz" "Mozilla/5.0 (iPhone; CPU iPhone OS 10_3_2 like Mac OS X) AppleWebKit/603.2.4 (KHTML, like Gecko) Version/10.0 Mobile/14F89 Safari/602.1"
101.226.102.148 - - [07/Aug/2017:15:29:54 +0000] "-" 408 0 "-" "-"
::1 - - [07/Aug/2017:15:29:54 +0000] "OPTIONS * HTTP/1.0" 200 126 "-" "Apache/2.4.18 (Ubuntu) (internal dummy connection)"
::1 - - [07/Aug/2017:15:29:55 +0000] "OPTIONS * HTTP/1.0" 200 126 "-" "Apache/2.4.18 (Ubuntu) (internal dummy connection)"
::1 - - [07/Aug/2017:15:29:56 +0000] "OPTIONS * HTTP/1.0" 200 126 "-" "Apache/2.4.18 (Ubuntu) (internal dummy connection)"
221.237.85.29 - - [07/Aug/2017:15:30:06 +0000] "GET /js/vendor/modernizr-2.8.3-respond-1.4.2.min.js HTTP/1.1" 200 8531 "http://qiankaihua.top/blog/bloglist" "Mozilla/5.0 (Linux; Android 7.0; MHA-AL00 Build/HUAWEIMHA-AL00) AppleWebKit/537.36 (KHTML, like Gecko) Version/4.0 Mobile Safari/537.36"
221.237.85.29 - - [07/Aug/2017:15:30:07 +0000] "GET /img/close.png HTTP/1.1" 304 180 "http://qiankaihua.top/css/templatemo-style.css" "Mozilla/5.0 (Linux; Android 7.0; MHA-AL00 Build/HUAWEIMHA-AL00) AppleWebKit/537.36 (KHTML, like Gecko) Version/4.0 Mobile Safari/537.36"
221.237.85.29 - - [07/Aug/2017:15:30:07 +0000] "GET /css/bootstrap-theme.min.css HTTP/1.1" 200 2688 "http://qiankaihua.top/blog/bloglist" "Mozilla/5.0 (Linux; Android 7.0; MHA-AL00 Build/HUAWEIMHA-AL00) AppleWebKit/537.36 (KHTML, like Gecko) Version/4.0 Mobile Safari/537.36"
221.237.85.29 - - [07/Aug/2017:15:30:07 +0000] "GET /img/loading.gif HTTP/1.1" 304 182 "http://qiankaihua.top/css/templatemo-style.css" "Mozilla/5.0 (Linux; Android 7.0; MHA-AL00 Build/HUAWEIMHA-AL00) AppleWebKit/537.36 (KHTML, like Gecko) Version/4.0 Mobile Safari/537.36"
221.237.85.29 - - [07/Aug/2017:15:30:07 +0000] "GET /img/prev.png HTTP/1.1" 304 180 "http://qiankaihua.top/css/templatemo-style.css" "Mozilla/5.0 (Linux; Android 7.0; MHA-AL00 Build/HUAWEIMHA-AL00) AppleWebKit/537.36 (KHTML, like Gecko) Version/4.0 Mobile Safari/537.36"
221.237.85.29 - - [07/Aug/2017:15:30:07 +0000] "GET /img/next.png HTTP/1.1" 304 181 "http://qiankaihua.top/css/templatemo-style.css" "Mozilla/5.0 (Linux; Android 7.0; MHA-AL00 Build/HUAWEIMHA-AL00) AppleWebKit/537.36 (KHTML, like Gecko) Version/4.0 Mobile Safari/537.36"
115.199.243.168 - - [07/Aug/2017:15:30:52 +0000] "GET /blog/bloglist HTTP/1.1" 200 1453 "http://qiankaihua.top/?nsukey=UooAI01zCsxLZsZSIh%2BGmxZhUsMGeQVoM5%2FejeVpJAgqQ3EsTdv4qmvTncRHU3W2Uoj19o7IbfvDUxul2kFogAMSaO9Od2qtkM5huosZxIeCldF0Dh3ZYEmzQDz2fesHL%2BHyOT51%2BugO8TinXKwgTK72RT9D1tYx5T7ehfmBMxEOseI5hcr%2BaORTOnSsaLWz" "Mozilla/5.0 (iPhone; CPU iPhone OS 10_3_2 like Mac OS X) AppleWebKit/603.2.4 (KHTML, like Gecko) Version/10.0 Mobile/14F89 Safari/602.1"
115.199.243.168 - - [07/Aug/2017:15:30:52 +0000] "GET /css/all.css HTTP/1.1" 200 11215 "http://qiankaihua.top/blog/bloglist" "Mozilla/5.0 (iPhone; CPU iPhone OS 10_3_2 like Mac OS X) AppleWebKit/603.2.4 (KHTML, like Gecko) Version/10.0 Mobile/14F89 Safari/602.1"
115.199.243.168 - - [07/Aug/2017:15:30:53 +0000] "GET /js/all.js HTTP/1.1" 200 1226 "http://qiankaihua.top/blog/bloglist" "Mozilla/5.0 (iPhone; CPU iPhone OS 10_3_2 like Mac OS X) AppleWebKit/603.2.4 (KHTML, like Gecko) Version/10.0 Mobile/14F89 Safari/602.1"
115.199.243.168 - - [07/Aug/2017:15:30:54 +0000] "GET /img/loading.gif HTTP/1.1" 200 8762 "http://qiankaihua.top/blog/bloglist" "Mozilla/5.0 (iPhone; CPU iPhone OS 10_3_2 like Mac OS X) AppleWebKit/603.2.4 (KHTML, like Gecko) Version/10.0 Mobile/14F89 Safari/602.1"
115.199.243.168 - - [07/Aug/2017:15:30:54 +0000] "GET /img/close.png HTTP/1.1" 200 564 "http://qiankaihua.top/blog/bloglist" "Mozilla/5.0 (iPhone; CPU iPhone OS 10_3_2 like Mac OS X) AppleWebKit/603.2.4 (KHTML, like Gecko) Version/10.0 Mobile/14F89 Safari/602.1"
115.199.243.168 - - [07/Aug/2017:15:30:54 +0000] "GET /img/prev.png HTTP/1.1" 200 1645 "http://qiankaihua.top/blog/bloglist" "Mozilla/5.0 (iPhone; CPU iPhone OS 10_3_2 like Mac OS X) AppleWebKit/603.2.4 (KHTML, like Gecko) Version/10.0 Mobile/14F89 Safari/602.1"
115.199.243.168 - - [07/Aug/2017:15:30:55 +0000] "GET /img/next.png HTTP/1.1" 200 1636 "http://qiankaihua.top/blog/bloglist" "Mozilla/5.0 (iPhone; CPU iPhone OS 10_3_2 like Mac OS X) AppleWebKit/603.2.4 (KHTML, like Gecko) Version/10.0 Mobile/14F89 Safari/602.1"
221.237.85.29 - - [07/Aug/2017:15:30:59 +0000] "GET /blog/1 HTTP/1.1" 200 1800 "http://qiankaihua.top/blog/bloglist" "Mozilla/5.0 (Linux; Android 7.0; MHA-AL00 Build/HUAWEIMHA-AL00) AppleWebKit/537.36 (KHTML, like Gecko) Version/4.0 Mobile Safari/537.36"
221.237.85.29 - - [07/Aug/2017:15:31:00 +0000] "GET /js/all.js HTTP/1.1" 200 1225 "http://qiankaihua.top/blog/1" "Mozilla/5.0 (Linux; Android 7.0; MHA-AL00 Build/HUAWEIMHA-AL00) AppleWebKit/537.36 (KHTML, like Gecko) Version/4.0 Mobile Safari/537.36"
115.199.243.168 - - [07/Aug/2017:15:31:04 +0000] "GET /blog/1 HTTP/1.1" 200 1802 "http://qiankaihua.top/blog/bloglist" "Mozilla/5.0 (iPhone; CPU iPhone OS 10_3_2 like Mac OS X) AppleWebKit/603.2.4 (KHTML, like Gecko) Version/10.0 Mobile/14F89 Safari/602.1"
221.237.85.29 - - [07/Aug/2017:15:31:09 +0000] "GET / HTTP/1.1" 200 3323 "-" "Mozilla/5.0 (Linux; Android 7.0; MHA-AL00 Build/HUAWEIMHA-AL00) AppleWebKit/537.36 (KHTML, like Gecko) Version/4.0 Mobile Safari/537.36"
115.199.243.168 - - [07/Aug/2017:15:31:47 +0000] "GET /blog/bloglist?page=1 HTTP/1.1" 200 1457 "http://qiankaihua.top/blog/1" "Mozilla/5.0 (iPhone; CPU iPhone OS 10_3_2 like Mac OS X) AppleWebKit/603.2.4 (KHTML, like Gecko) Version/10.0 Mobile/14F89 Safari/602.1"
115.199.243.168 - - [07/Aug/2017:15:31:48 +0000] "GET /js/all.js HTTP/1.1" 200 1225 "http://qiankaihua.top/blog/bloglist?page=1" "Mozilla/5.0 (iPhone; CPU iPhone OS 10_3_2 like Mac OS X) AppleWebKit/603.2.4 (KHTML, like Gecko) Version/10.0 Mobile/14F89 Safari/602.1"
115.199.243.168 - - [07/Aug/2017:15:31:58 +0000] "GET /blog/1 HTTP/1.1" 200 1808 "http://qiankaihua.top/blog/bloglist?page=1" "Mozilla/5.0 (iPhone; CPU iPhone OS 10_3_2 like Mac OS X) AppleWebKit/603.2.4 (KHTML, like Gecko) Version/10.0 Mobile/14F89 Safari/602.1"
221.237.85.29 - - [07/Aug/2017:15:32:07 +0000] "GET / HTTP/1.1" 200 3425 "-" "Mozilla/5.0 (X11; Linux x86_64) AppleWebKit/537.36 (KHTML, like Gecko) Chrome/59.0.3071.115 Safari/537.36"
115.199.243.168 - - [07/Aug/2017:15:32:08 +0000] "GET /?nsukey=UooAI01zCsxLZsZSIh%2BGmxZhUsMGeQVoM5%2FejeVpJAgqQ3EsTdv4qmvTncRHU3W2Uoj19o7IbfvDUxul2kFogAMSaO9Od2qtkM5huosZxIeCldF0Dh3ZYEmzQDz2fesHL%2BHyOT51%2BugO8TinXKwgTK72RT9D1tYx5T7ehfmBMxEOseI5hcr%2BaORTOnSsaLWz HTTP/1.1" 200 3321 "-" "Mozilla/5.0 (iPhone; CPU iPhone OS 10_3_2 like Mac OS X) AppleWebKit/603.2.4 (KHTML, like Gecko) Version/10.0 Mobile/14F89 Safari/602.1"
221.237.85.29 - - [07/Aug/2017:15:32:08 +0000] "GET /videos/video.mp4 HTTP/1.1" 206 149798 "http://qiankaihua.top/" "Mozilla/5.0 (X11; Linux x86_64) AppleWebKit/537.36 (KHTML, like Gecko) Chrome/59.0.3071.115 Safari/537.36"
221.237.85.29 - - [07/Aug/2017:15:32:29 +0000] "GET / HTTP/1.1" 200 3323 "-" "Mozilla/5.0 (Linux; Android 7.0; MHA-AL00 Build/HUAWEIMHA-AL00) AppleWebKit/537.36 (KHTML, like Gecko) Version/4.0 Mobile Safari/537.36"
115.199.243.168 - - [07/Aug/2017:15:32:30 +0000] "GET /img/item-01.jpg HTTP/1.1" 200 45305 "http://qiankaihua.top/?nsukey=UooAI01zCsxLZsZSIh%2BGmxZhUsMGeQVoM5%2FejeVpJAgqQ3EsTdv4qmvTncRHU3W2Uoj19o7IbfvDUxul2kFogAMSaO9Od2qtkM5huosZxIeCldF0Dh3ZYEmzQDz2fesHL%2BHyOT51%2BugO8TinXKwgTK72RT9D1tYx5T7ehfmBMxEOseI5hcr%2BaORTOnSsaLWz" "Mozilla/5.0 (iPhone; CPU iPhone OS 10_3_2 like Mac OS X) AppleWebKit/603.2.4 (KHTML, like Gecko) Version/10.0 Mobile/14F89 Safari/602.1"
115.199.243.168 - - [07/Aug/2017:15:32:31 +0000] "GET /img/item-02.jpg HTTP/1.1" 200 93827 "http://qiankaihua.top/?nsukey=UooAI01zCsxLZsZSIh%2BGmxZhUsMGeQVoM5%2FejeVpJAgqQ3EsTdv4qmvTncRHU3W2Uoj19o7IbfvDUxul2kFogAMSaO9Od2qtkM5huosZxIeCldF0Dh3ZYEmzQDz2fesHL%2BHyOT51%2BugO8TinXKwgTK72RT9D1tYx5T7ehfmBMxEOseI5hcr%2BaORTOnSsaLWz" "Mozilla/5.0 (iPhone; CPU iPhone OS 10_3_2 like Mac OS X) AppleWebKit/603.2.4 (KHTML, like Gecko) Version/10.0 Mobile/14F89 Safari/602.1"
115.199.243.168 - - [07/Aug/2017:15:32:33 +0000] "GET /img/item-03.jpg HTTP/1.1" 200 57722 "http://qiankaihua.top/?nsukey=UooAI01zCsxLZsZSIh%2BGmxZhUsMGeQVoM5%2FejeVpJAgqQ3EsTdv4qmvTncRHU3W2Uoj19o7IbfvDUxul2kFogAMSaO9Od2qtkM5huosZxIeCldF0Dh3ZYEmzQDz2fesHL%2BHyOT51%2BugO8TinXKwgTK72RT9D1tYx5T7ehfmBMxEOseI5hcr%2BaORTOnSsaLWz" "Mozilla/5.0 (iPhone; CPU iPhone OS 10_3_2 like Mac OS X) AppleWebKit/603.2.4 (KHTML, like Gecko) Version/10.0 Mobile/14F89 Safari/602.1"
221.237.85.29 - - [07/Aug/2017:15:32:49 +0000] "GET /js/vendor/modernizr-2.8.3-respond-1.4.2.min.js HTTP/1.1" 200 8531 "http://qiankaihua.top/" "Mozilla/5.0 (Linux; Android 7.0; MHA-AL00 Build/HUAWEIMHA-AL00) AppleWebKit/537.36 (KHTML, like Gecko) Version/4.0 Mobile Safari/537.36"
139.59.61.139 - - [07/Aug/2017:15:33:03 +0000] "GET / HTTP/1.1" 200 3329 "-" "Mozilla/5.0 (Linux; Android 7.0; MHA-AL00 Build/HUAWEIMHA-AL00) AppleWebKit/537.36 (KHTML, like Gecko) Version/4.0 Mobile Safari/537.36"
139.59.61.139 - - [07/Aug/2017:15:33:03 +0000] "GET /css/bootstrap.min.css HTTP/1.1" 200 19056 "http://qiankaihua.top/" "Mozilla/5.0 (Linux; Android 7.0; MHA-AL00 Build/HUAWEIMHA-AL00) AppleWebKit/537.36 (KHTML, like Gecko) Version/4.0 Mobile Safari/537.36"
101.226.93.241 - - [07/Aug/2017:15:33:03 +0000] "-" 408 0 "-" "-"
128.199.58.82 - - [07/Aug/2017:15:33:03 +0000] "GET /css/fontAwesome.css HTTP/1.1" 200 7826 "http://qiankaihua.top/" "Mozilla/5.0 (Linux; Android 7.0; MHA-AL00 Build/HUAWEIMHA-AL00) AppleWebKit/537.36 (KHTML, like Gecko) Version/4.0 Mobile Safari/537.36"
128.199.58.82 - - [07/Aug/2017:15:33:03 +0000] "GET /css/templatemo-style.css HTTP/1.1" 200 3505 "http://qiankaihua.top/" "Mozilla/5.0 (Linux; Android 7.0; MHA-AL00 Build/HUAWEIMHA-AL00) AppleWebKit/537.36 (KHTML, like Gecko) Version/4.0 Mobile Safari/537.36"
128.199.58.82 - - [07/Aug/2017:15:33:03 +0000] "GET /css/bootstrap-theme.min.css HTTP/1.1" 200 2688 "http://qiankaihua.top/" "Mozilla/5.0 (Linux; Android 7.0; MHA-AL00 Build/HUAWEIMHA-AL00) AppleWebKit/537.36 (KHTML, like Gecko) Version/4.0 Mobile Safari/537.36"
139.59.61.139 - - [07/Aug/2017:15:33:04 +0000] "GET /img/home-icon.png HTTP/1.1" 304 181 "http://qiankaihua.top/" "Mozilla/5.0 (Linux; Android 7.0; MHA-AL00 Build/HUAWEIMHA-AL00) AppleWebKit/537.36 (KHTML, like Gecko) Version/4.0 Mobile Safari/537.36"
139.59.61.139 - - [07/Aug/2017:15:33:04 +0000] "GET /js/vendor/modernizr-2.8.3-respond-1.4.2.min.js HTTP/1.1" 206 400 "http://qiankaihua.top/" "Mozilla/5.0 (Linux; Android 7.0; MHA-AL00 Build/HUAWEIMHA-AL00) AppleWebKit/537.36 (KHTML, like Gecko) Version/4.0 Mobile Safari/537.36"
139.59.61.139 - - [07/Aug/2017:15:33:04 +0000] "GET /img/about-icon.png HTTP/1.1" 304 181 "http://qiankaihua.top/" "Mozilla/5.0 (Linux; Android 7.0; MHA-AL00 Build/HUAWEIMHA-AL00) AppleWebKit/537.36 (KHTML, like Gecko) Version/4.0 Mobile Safari/537.36"
128.199.58.82 - - [07/Aug/2017:15:33:04 +0000] "GET /js/vendor/bootstrap.min.js HTTP/1.1" 200 9792 "http://qiankaihua.top/" "Mozilla/5.0 (Linux; Android 7.0; MHA-AL00 Build/HUAWEIMHA-AL00) AppleWebKit/537.36 (KHTML, like Gecko) Version/4.0 Mobile Safari/537.36"
128.199.58.82 - - [07/Aug/2017:15:33:04 +0000] "GET /js/vendor/jquery-1.11.2.min.js HTTP/1.1" 200 33635 "http://qiankaihua.top/" "Mozilla/5.0 (Linux; Android 7.0; MHA-AL00 Build/HUAWEIMHA-AL00) AppleWebKit/537.36 (KHTML, like Gecko) Version/4.0 Mobile Safari/537.36"
139.59.61.139 - - [07/Aug/2017:15:33:04 +0000] "GET /js/plugins.js HTTP/1.1" 200 729 "http://qiankaihua.top/" "Mozilla/5.0 (Linux; Android 7.0; MHA-AL00 Build/HUAWEIMHA-AL00) AppleWebKit/537.36 (KHTML, like Gecko) Version/4.0 Mobile Safari/537.36"
139.59.61.139 - - [07/Aug/2017:15:33:04 +0000] "GET /img/featured-icon.png HTTP/1.1" 304 180 "http://qiankaihua.top/" "Mozilla/5.0 (Linux; Android 7.0; MHA-AL00 Build/HUAWEIMHA-AL00) AppleWebKit/537.36 (KHTML, like Gecko) Version/4.0 Mobile Safari/537.36"
139.59.61.139 - - [07/Aug/2017:15:33:04 +0000] "GET /js/mymain.js HTTP/1.1" 200 6654 "http://qiankaihua.top/" "Mozilla/5.0 (Linux; Android 7.0; MHA-AL00 Build/HUAWEIMHA-AL00) AppleWebKit/537.36 (KHTML, like Gecko) Version/4.0 Mobile Safari/537.36"
128.199.58.82 - - [07/Aug/2017:15:33:04 +0000] "GET /js/vendor/modernizr-2.8.3-respond-1.4.2.min.js HTTP/1.1" 206 3540 "http://qiankaihua.top/" "Mozilla/5.0 (Linux; Android 7.0; MHA-AL00 Build/HUAWEIMHA-AL00) AppleWebKit/537.36 (KHTML, like Gecko) Version/4.0 Mobile Safari/537.36"
139.59.61.139 - - [07/Aug/2017:15:33:04 +0000] "GET /img/projects-icon.png HTTP/1.1" 304 180 "http://qiankaihua.top/" "Mozilla/5.0 (Linux; Android 7.0; MHA-AL00 Build/HUAWEIMHA-AL00) AppleWebKit/537.36 (KHTML, like Gecko) Version/4.0 Mobile Safari/537.36"
128.199.58.82 - - [07/Aug/2017:15:33:05 +0000] "GET /img/contact-icon.png HTTP/1.1" 304 180 "http://qiankaihua.top/" "Mozilla/5.0 (Linux; Android 7.0; MHA-AL00 Build/HUAWEIMHA-AL00) AppleWebKit/537.36 (KHTML, like Gecko) Version/4.0 Mobile Safari/537.36"
128.199.58.82 - - [07/Aug/2017:15:33:05 +0000] "GET /img/right-about-image.jpg HTTP/1.1" 304 181 "http://qiankaihua.top/" "Mozilla/5.0 (Linux; Android 7.0; MHA-AL00 Build/HUAWEIMHA-AL00) AppleWebKit/537.36 (KHTML, like Gecko) Version/4.0 Mobile Safari/537.36"
139.59.61.139 - - [07/Aug/2017:15:33:05 +0000] "GET /img/left-about-image.jpg HTTP/1.1" 304 181 "http://qiankaihua.top/" "Mozilla/5.0 (Linux; Android 7.0; MHA-AL00 Build/HUAWEIMHA-AL00) AppleWebKit/537.36 (KHTML, like Gecko) Version/4.0 Mobile Safari/537.36"
139.59.61.139 - - [07/Aug/2017:15:33:05 +0000] "GET /img/left-feature-image.png HTTP/1.1" 304 182 "http://qiankaihua.top/" "Mozilla/5.0 (Linux; Android 7.0; MHA-AL00 Build/HUAWEIMHA-AL00) AppleWebKit/537.36 (KHTML, like Gecko) Version/4.0 Mobile Safari/537.36"
139.59.61.139 - - [07/Aug/2017:15:33:05 +0000] "GET /img/project-item-01.jpg HTTP/1.1" 304 181 "http://qiankaihua.top/" "Mozilla/5.0 (Linux; Android 7.0; MHA-AL00 Build/HUAWEIMHA-AL00) AppleWebKit/537.36 (KHTML, like Gecko) Version/4.0 Mobile Safari/537.36"
139.59.61.139 - - [07/Aug/2017:15:33:05 +0000] "GET /img/project-item-02.jpg HTTP/1.1" 304 181 "http://qiankaihua.top/" "Mozilla/5.0 (Linux; Android 7.0; MHA-AL00 Build/HUAWEIMHA-AL00) AppleWebKit/537.36 (KHTML, like Gecko) Version/4.0 Mobile Safari/537.36"
128.199.58.82 - - [07/Aug/2017:15:33:05 +0000] "GET /img/project-item-04.jpg HTTP/1.1" 304 181 "http://qiankaihua.top/" "Mozilla/5.0 (Linux; Android 7.0; MHA-AL00 Build/HUAWEIMHA-AL00) AppleWebKit/537.36 (KHTML, like Gecko) Version/4.0 Mobile Safari/537.36"
128.199.58.82 - - [07/Aug/2017:15:33:05 +0000] "GET /img/project-item-05.jpg HTTP/1.1" 304 181 "http://qiankaihua.top/" "Mozilla/5.0 (Linux; Android 7.0; MHA-AL00 Build/HUAWEIMHA-AL00) AppleWebKit/537.36 (KHTML, like Gecko) Version/4.0 Mobile Safari/537.36"
115.199.243.168 - - [07/Aug/2017:15:33:05 +0000] "GET /apple-touch-icon.png HTTP/1.1" 404 776 "-" "MobileSafari/602.1 CFNetwork/811.5.4 Darwin/16.6.0"
128.199.58.82 - - [07/Aug/2017:15:33:05 +0000] "GET /img/project-item-03.jpg HTTP/1.1" 304 181 "http://qiankaihua.top/" "Mozilla/5.0 (Linux; Android 7.0; MHA-AL00 Build/HUAWEIMHA-AL00) AppleWebKit/537.36 (KHTML, like Gecko) Version/4.0 Mobile Safari/537.36"
139.59.61.139 - - [07/Aug/2017:15:33:05 +0000] "GET /img/project-item-07.jpg HTTP/1.1" 304 181 "http://qiankaihua.top/" "Mozilla/5.0 (Linux; Android 7.0; MHA-AL00 Build/HUAWEIMHA-AL00) AppleWebKit/537.36 (KHTML, like Gecko) Version/4.0 Mobile Safari/537.36"
139.59.61.139 - - [07/Aug/2017:15:33:05 +0000] "GET /img/project-item-06.jpg HTTP/1.1" 304 181 "http://qiankaihua.top/" "Mozilla/5.0 (Linux; Android 7.0; MHA-AL00 Build/HUAWEIMHA-AL00) AppleWebKit/537.36 (KHTML, like Gecko) Version/4.0 Mobile Safari/537.36"
139.59.61.139 - - [07/Aug/2017:15:33:05 +0000] "GET /img/project-item-08.jpg HTTP/1.1" 304 181 "http://qiankaihua.top/" "Mozilla/5.0 (Linux; Android 7.0; MHA-AL00 Build/HUAWEIMHA-AL00) AppleWebKit/537.36 (KHTML, like Gecko) Version/4.0 Mobile Safari/537.36"
139.59.61.139 - - [07/Aug/2017:15:33:05 +0000] "GET /img/close.png HTTP/1.1" 304 180 "http://qiankaihua.top/css/templatemo-style.css" "Mozilla/5.0 (Linux; Android 7.0; MHA-AL00 Build/HUAWEIMHA-AL00) AppleWebKit/537.36 (KHTML, like Gecko) Version/4.0 Mobile Safari/537.36"
128.199.58.82 - - [07/Aug/2017:15:33:06 +0000] "GET /img/loading.gif HTTP/1.1" 304 181 "http://qiankaihua.top/css/templatemo-style.css" "Mozilla/5.0 (Linux; Android 7.0; MHA-AL00 Build/HUAWEIMHA-AL00) AppleWebKit/537.36 (KHTML, like Gecko) Version/4.0 Mobile Safari/537.36"
128.199.58.82 - - [07/Aug/2017:15:33:06 +0000] "GET /img/prev.png HTTP/1.1" 304 180 "http://qiankaihua.top/css/templatemo-style.css" "Mozilla/5.0 (Linux; Android 7.0; MHA-AL00 Build/HUAWEIMHA-AL00) AppleWebKit/537.36 (KHTML, like Gecko) Version/4.0 Mobile Safari/537.36"
101.226.102.237 - - [07/Aug/2017:15:33:06 +0000] "-" 408 0 "-" "-"
115.199.243.168 - - [07/Aug/2017:15:33:06 +0000] "GET /apple-touch-icon-120x120-precomposed.png HTTP/1.1" 404 776 "-" "MobileSafari/602.1 CFNetwork/811.5.4 Darwin/16.6.0"
128.199.58.82 - - [07/Aug/2017:15:33:06 +0000] "GET /fonts/fontawesome-webfont.woff?v=4.7.0 HTTP/1.1" 304 182 "http://qiankaihua.top/css/fontAwesome.css" "Mozilla/5.0 (Linux; Android 7.0; MHA-AL00 Build/HUAWEIMHA-AL00) AppleWebKit/537.36 (KHTML, like Gecko) Version/4.0 Mobile Safari/537.36"
139.59.61.139 - - [07/Aug/2017:15:33:06 +0000] "GET /img/next.png HTTP/1.1" 304 180 "http://qiankaihua.top/css/templatemo-style.css" "Mozilla/5.0 (Linux; Android 7.0; MHA-AL00 Build/HUAWEIMHA-AL00) AppleWebKit/537.36 (KHTML, like Gecko) Version/4.0 Mobile Safari/537.36"
115.199.243.168 - - [07/Aug/2017:15:33:06 +0000] "GET /apple-touch-icon-120x120.png HTTP/1.1" 404 776 "-" "MobileSafari/602.1 CFNetwork/811.5.4 Darwin/16.6.0"
115.199.243.168 - - [07/Aug/2017:15:33:07 +0000] "GET /apple-touch-icon.png HTTP/1.1" 404 776 "-" "MobileSafari/602.1 CFNetwork/811.5.4 Darwin/16.6.0"
115.199.243.168 - - [07/Aug/2017:15:33:08 +0000] "GET /apple-touch-icon.png HTTP/1.1" 404 776 "-" "MobileSafari/602.1 CFNetwork/811.5.4 Darwin/16.6.0"
159.203.196.79 - - [07/Aug/2017:15:33:08 +0000] "GET / HTTP/1.0" 200 14268 "http://qiankaihua.top" "Mozilla/5.0 (Windows NT 6.1; WOW64; rv:33.0) Gecko/20100101 Firefox/33.0"
::1 - - [07/Aug/2017:15:33:13 +0000] "OPTIONS * HTTP/1.0" 200 126 "-" "Apache/2.4.18 (Ubuntu) (internal dummy connection)"
::1 - - [07/Aug/2017:15:33:14 +0000] "OPTIONS * HTTP/1.0" 200 126 "-" "Apache/2.4.18 (Ubuntu) (internal dummy connection)"
::1 - - [07/Aug/2017:15:33:15 +0000] "OPTIONS * HTTP/1.0" 200 126 "-" "Apache/2.4.18 (Ubuntu) (internal dummy connection)"
::1 - - [07/Aug/2017:15:33:16 +0000] "OPTIONS * HTTP/1.0" 200 126 "-" "Apache/2.4.18 (Ubuntu) (internal dummy connection)"
128.199.58.82 - - [07/Aug/2017:15:33:21 +0000] "GET /blog/bloglist HTTP/1.1" 200 1455 "http://qiankaihua.top/" "Mozilla/5.0 (Linux; Android 7.0; MHA-AL00 Build/HUAWEIMHA-AL00) AppleWebKit/537.36 (KHTML, like Gecko) Version/4.0 Mobile Safari/537.36"
128.199.58.82 - - [07/Aug/2017:15:33:21 +0000] "GET /js/all.js HTTP/1.1" 200 1225 "http://qiankaihua.top/blog/bloglist" "Mozilla/5.0 (Linux; Android 7.0; MHA-AL00 Build/HUAWEIMHA-AL00) AppleWebKit/537.36 (KHTML, like Gecko) Version/4.0 Mobile Safari/537.36"
128.199.58.82 - - [07/Aug/2017:15:33:22 +0000] "GET /css/all.css HTTP/1.1" 200 11215 "http://qiankaihua.top/blog/bloglist" "Mozilla/5.0 (Linux; Android 7.0; MHA-AL00 Build/HUAWEIMHA-AL00) AppleWebKit/537.36 (KHTML, like Gecko) Version/4.0 Mobile Safari/537.36"
128.199.58.82 - - [07/Aug/2017:15:33:23 +0000] "GET /blog/1 HTTP/1.1" 200 1807 "http://qiankaihua.top/blog/bloglist" "Mozilla/5.0 (Linux; Android 7.0; MHA-AL00 Build/HUAWEIMHA-AL00) AppleWebKit/537.36 (KHTML, like Gecko) Version/4.0 Mobile Safari/537.36"
221.237.85.29 - - [07/Aug/2017:15:33:48 +0000] "GET / HTTP/1.1" 200 3321 "-" "Mozilla/5.0 (Linux; Android 7.0; MHA-AL00 Build/HUAWEIMHA-AL00) AppleWebKit/537.36 (KHTML, like Gecko) Version/4.0 Mobile Safari/537.36"
221.237.85.29 - - [07/Aug/2017:15:33:54 +0000] "GET /blog/bloglist HTTP/1.1" 200 1457 "http://qiankaihua.top/" "Mozilla/5.0 (Linux; Android 7.0; MHA-AL00 Build/HUAWEIMHA-AL00) AppleWebKit/537.36 (KHTML, like Gecko) Version/4.0 Mobile Safari/537.36"
221.237.85.29 - - [07/Aug/2017:15:33:54 +0000] "GET /js/all.js HTTP/1.1" 200 1225 "http://qiankaihua.top/blog/bloglist" "Mozilla/5.0 (Linux; Android 7.0; MHA-AL00 Build/HUAWEIMHA-AL00) AppleWebKit/537.36 (KHTML, like Gecko) Version/4.0 Mobile Safari/537.36"
221.237.85.29 - - [07/Aug/2017:15:33:56 +0000] "GET /blog/1 HTTP/1.1" 200 1801 "http://qiankaihua.top/blog/bloglist" "Mozilla/5.0 (Linux; Android 7.0; MHA-AL00 Build/HUAWEIMHA-AL00) AppleWebKit/537.36 (KHTML, like Gecko) Version/4.0 Mobile Safari/537.36"
221.237.85.29 - - [07/Aug/2017:15:33:59 +0000] "GET /blog/bloglist?page=1 HTTP/1.1" 200 1452 "http://qiankaihua.top/blog/1" "Mozilla/5.0 (Linux; Android 7.0; MHA-AL00 Build/HUAWEIMHA-AL00) AppleWebKit/537.36 (KHTML, like Gecko) Version/4.0 Mobile Safari/537.36"
221.237.85.29 - - [07/Aug/2017:15:34:00 +0000] "GET / HTTP/1.1" 200 3328 "http://qiankaihua.top/blog/bloglist?page=1" "Mozilla/5.0 (Linux; Android 7.0; MHA-AL00 Build/HUAWEIMHA-AL00) AppleWebKit/537.36 (KHTML, like Gecko) Version/4.0 Mobile Safari/537.36"
