115.199.243.168 - - [07/Aug/2017:15:13:11 +0000] "GET /css/templatemo-style.css HTTP/1.1" 200 3505 "http://qiankaihua.top/?nsukey=Eehi7bvZW2Tuk3R1yq7e5NRGnFJLUJ8wGdULPMWcz9QnhT7n4ilZFqYZup3uHpwwqRj5a%2F59bcETU1CkNIp0UBMPexwipj9EBYRtiB8k0DnL1tRGPikZsBPTiEGOlq71vUK954BuXCTmmzfRmSsg37kDcy1AjXkcvNuIww0yYOyG2qNrNrda8e98EGQCToTQ" "Mozilla/5.0 (iPhone; CPU iPhone OS 10_3_2 like Mac OS X) AppleWebKit/603.2.4 (KHTML, like Gecko) Mobile/14F89 MicroMessenger/6.5.12 NetType/WIFI Language/zh_CN"
115.199.243.168 - - [07/Aug/2017:15:13:11 +0000] "GET /img/project-item-02.jpg HTTP/1.1" 200 27090 "http://qiankaihua.top/?nsukey=Eehi7bvZW2Tuk3R1yq7e5NRGnFJLUJ8wGdULPMWcz9QnhT7n4ilZFqYZup3uHpwwqRj5a%2F59bcETU1CkNIp0UBMPexwipj9EBYRtiB8k0DnL1tRGPikZsBPTiEGOlq71vUK954BuXCTmmzfRmSsg37kDcy1AjXkcvNuIww0yYOyG2qNrNrda8e98EGQCToTQ" "Mozilla/5.0 (iPhone; CPU iPhone OS 10_3_2 like Mac OS X) AppleWebKit/603.2.4 (KHTML, like Gecko) Mobile/14F89 MicroMessenger/6.5.12 NetType/WIFI Language/zh_CN"
115.199.243.168 - - [07/Aug/2017:15:13:12 +0000] "GET /img/project-item-03.jpg HTTP/1.1" 200 21008 "http://qiankaihua.top/?nsukey=Eehi7bvZW2Tuk3R1yq7e5NRGnFJLUJ8wGdULPMWcz9QnhT7n4ilZFqYZup3uHpwwqRj5a%2F59bcETU1CkNIp0UBMPexwipj9EBYRtiB8k0DnL1tRGPikZsBPTiEGOlq71vUK954BuXCTmmzfRmSsg37kDcy1AjXkcvNuIww0yYOyG2qNrNrda8e98EGQCToTQ" "Mozilla/5.0 (iPhone; CPU iPhone OS 10_3_2 like Mac OS X) AppleWebKit/603.2.4 (KHTML, like Gecko) Mobile/14F89 MicroMessenger/6.5.12 NetType/WIFI Language/zh_CN"
115.199.243.168 - - [07/Aug/2017:15:13:12 +0000] "GET /img/project-item-04.jpg HTTP/1.1" 200 19779 "http://qiankaihua.top/?nsukey=Eehi7bvZW2Tuk3R1yq7e5NRGnFJLUJ8wGdULPMWcz9QnhT7n4ilZFqYZup3uHpwwqRj5a%2F59bcETU1CkNIp0UBMPexwipj9EBYRtiB8k0DnL1tRGPikZsBPTiEGOlq71vUK954BuXCTmmzfRmSsg37kDcy1AjXkcvNuIww0yYOyG2qNrNrda8e98EGQCToTQ" "Mozilla/5.0 (iPhone; CPU iPhone OS 10_3_2 like Mac OS X) AppleWebKit/603.2.4 (KHTML, like Gecko) Mobile/14F89 MicroMessenger/6.5.12 NetType/WIFI Language/zh_CN"
115.199.243.168 - - [07/Aug/2017:15:13:12 +0000] "GET /img/project-item-05.jpg HTTP/1.1" 200 20967 "http://qiankaihua.top/?nsukey=Eehi7bvZW2Tuk3R1yq7e5NRGnFJLUJ8wGdULPMWcz9QnhT7n4ilZFqYZup3uHpwwqRj5a%2F59bcETU1CkNIp0UBMPexwipj9EBYRtiB8k0DnL1tRGPikZsBPTiEGOlq71vUK954BuXCTmmzfRmSsg37kDcy1AjXkcvNuIww0yYOyG2qNrNrda8e98EGQCToTQ" "Mozilla/5.0 (iPhone; CPU iPhone OS 10_3_2 like Mac OS X) AppleWebKit/603.2.4 (KHTML, like Gecko) Mobile/14F89 MicroMessenger/6.5.12 NetType/WIFI Language/zh_CN"
115.199.243.168 - - [07/Aug/2017:15:13:12 +0000] "GET /img/project-item-06.jpg HTTP/1.1" 200 19800 "http://qiankaihua.top/?nsukey=Eehi7bvZW2Tuk3R1yq7e5NRGnFJLUJ8wGdULPMWcz9QnhT7n4ilZFqYZup3uHpwwqRj5a%2F59bcETU1CkNIp0UBMPexwipj9EBYRtiB8k0DnL1tRGPikZsBPTiEGOlq71vUK954BuXCTmmzfRmSsg37kDcy1AjXkcvNuIww0yYOyG2qNrNrda8e98EGQCToTQ" "Mozilla/5.0 (iPhone; CPU iPhone OS 10_3_2 like Mac OS X) AppleWebKit/603.2.4 (KHTML, like Gecko) Mobile/14F89 MicroMessenger/6.5.12 NetType/WIFI Language/zh_CN"
115.199.243.168 - - [07/Aug/2017:15:13:12 +0000] "GET /img/project-item-07.jpg HTTP/1.1" 200 26605 "http://qiankaihua.top/?nsukey=Eehi7bvZW2Tuk3R1yq7e5NRGnFJLUJ8wGdULPMWcz9QnhT7n4ilZFqYZup3uHpwwqRj5a%2F59bcETU1CkNIp0UBMPexwipj9EBYRtiB8k0DnL1tRGPikZsBPTiEGOlq71vUK954BuXCTmmzfRmSsg37kDcy1AjXkcvNuIww0yYOyG2qNrNrda8e98EGQCToTQ" "Mozilla/5.0 (iPhone; CPU iPhone OS 10_3_2 like Mac OS X) AppleWebKit/603.2.4 (KHTML, like Gecko) Mobile/14F89 MicroMessenger/6.5.12 NetType/WIFI Language/zh_CN"
115.199.243.168 - - [07/Aug/2017:15:13:12 +0000] "GET /img/project-item-08.jpg HTTP/1.1" 200 20049 "http://qiankaihua.top/?nsukey=Eehi7bvZW2Tuk3R1yq7e5NRGnFJLUJ8wGdULPMWcz9QnhT7n4ilZFqYZup3uHpwwqRj5a%2F59bcETU1CkNIp0UBMPexwipj9EBYRtiB8k0DnL1tRGPikZsBPTiEGOlq71vUK954BuXCTmmzfRmSsg37kDcy1AjXkcvNuIww0yYOyG2qNrNrda8e98EGQCToTQ" "Mozilla/5.0 (iPhone; CPU iPhone OS 10_3_2 like Mac OS X) AppleWebKit/603.2.4 (KHTML, like Gecko) Mobile/14F89 MicroMessenger/6.5.12 NetType/WIFI Language/zh_CN"
115.199.243.168 - - [07/Aug/2017:15:13:12 +0000] "GET /img/close.png HTTP/1.1" 200 564 "http://qiankaihua.top/?nsukey=Eehi7bvZW2Tuk3R1yq7e5NRGnFJLUJ8wGdULPMWcz9QnhT7n4ilZFqYZup3uHpwwqRj5a%2F59bcETU1CkNIp0UBMPexwipj9EBYRtiB8k0DnL1tRGPikZsBPTiEGOlq71vUK954BuXCTmmzfRmSsg37kDcy1AjXkcvNuIww0yYOyG2qNrNrda8e98EGQCToTQ" "Mozilla/5.0 (iPhone; CPU iPhone OS 10_3_2 like Mac OS X) AppleWebKit/603.2.4 (KHTML, like Gecko) Mobile/14F89 MicroMessenger/6.5.12 NetType/WIFI Language/zh_CN"
115.199.243.168 - - [07/Aug/2017:15:13:12 +0000] "GET /img/loading.gif HTTP/1.1" 200 8762 "http://qiankaihua.top/?nsukey=Eehi7bvZW2Tuk3R1yq7e5NRGnFJLUJ8wGdULPMWcz9QnhT7n4ilZFqYZup3uHpwwqRj5a%2F59bcETU1CkNIp0UBMPexwipj9EBYRtiB8k0DnL1tRGPikZsBPTiEGOlq71vUK954BuXCTmmzfRmSsg37kDcy1AjXkcvNuIww0yYOyG2qNrNrda8e98EGQCToTQ" "Mozilla/5.0 (iPhone; CPU iPhone OS 10_3_2 like Mac OS X) AppleWebKit/603.2.4 (KHTML, like Gecko) Mobile/14F89 MicroMessenger/6.5.12 NetType/WIFI Language/zh_CN"
115.199.243.168 - - [07/Aug/2017:15:13:13 +0000] "GET /js/plugins.js? HTTP/1.1" 200 729 "http://qiankaihua.top/?nsukey=Eehi7bvZW2Tuk3R1yq7e5NRGnFJLUJ8wGdULPMWcz9QnhT7n4ilZFqYZup3uHpwwqRj5a%2F59bcETU1CkNIp0UBMPexwipj9EBYRtiB8k0DnL1tRGPikZsBPTiEGOlq71vUK954BuXCTmmzfRmSsg37kDcy1AjXkcvNuIww0yYOyG2qNrNrda8e98EGQCToTQ" "Mozilla/5.0 (iPhone; CPU iPhone OS 10_3_2 like Mac OS X) AppleWebKit/603.2.4 (KHTML, like Gecko) Mobile/14F89 MicroMessenger/6.5.12 NetType/WIFI Language/zh_CN"
115.199.243.168 - - [07/Aug/2017:15:13:13 +0000] "GET /videos/video.mp4 HTTP/1.1" 206 335 "http://qiankaihua.top/?nsukey=Eehi7bvZW2Tuk3R1yq7e5NRGnFJLUJ8wGdULPMWcz9QnhT7n4ilZFqYZup3uHpwwqRj5a%2F59bcETU1CkNIp0UBMPexwipj9EBYRtiB8k0DnL1tRGPikZsBPTiEGOlq71vUK954BuXCTmmzfRmSsg37kDcy1AjXkcvNuIww0yYOyG2qNrNrda8e98EGQCToTQ" "Mozilla/5.0 (iPhone; CPU iPhone OS 10_3_2 like Mac OS X) AppleWebKit/603.2.4 (KHTML, like Gecko) Mobile/14F89 MicroMessenger/6.5.12 NetType/WIFI Language/zh_CN"
115.199.243.168 - - [07/Aug/2017:15:13:13 +0000] "GET /img/prev.png HTTP/1.1" 200 1645 "http://qiankaihua.top/?nsukey=Eehi7bvZW2Tuk3R1yq7e5NRGnFJLUJ8wGdULPMWcz9QnhT7n4ilZFqYZup3uHpwwqRj5a%2F59bcETU1CkNIp0UBMPexwipj9EBYRtiB8k0DnL1tRGPikZsBPTiEGOlq71vUK954BuXCTmmzfRmSsg37kDcy1AjXkcvNuIww0yYOyG2qNrNrda8e98EGQCToTQ" "Mozilla/5.0 (iPhone; CPU iPhone OS 10_3_2 like Mac OS X) AppleWebKit/603.2.4 (KHTML, like Gecko) Mobile/14F89 MicroMessenger/6.5.12 NetType/WIFI Language/zh_CN"
115.199.243.168 - - [07/Aug/2017:15:13:13 +0000] "GET /img/next.png HTTP/1.1" 200 1635 "http://qiankaihua.top/?nsukey=Eehi7bvZW2Tuk3R1yq7e5NRGnFJLUJ8wGdULPMWcz9QnhT7n4ilZFqYZup3uHpwwqRj5a%2F59bcETU1CkNIp0UBMPexwipj9EBYRtiB8k0DnL1tRGPikZsBPTiEGOlq71vUK954BuXCTmmzfRmSsg37kDcy1AjXkcvNuIww0yYOyG2qNrNrda8e98EGQCToTQ" "Mozilla/5.0 (iPhone; CPU iPhone OS 10_3_2 like Mac OS X) AppleWebKit/603.2.4 (KHTML, like Gecko) Mobile/14F89 MicroMessenger/6.5.12 NetType/WIFI Language/zh_CN"
101.226.125.14 - - [07/Aug/2017:15:13:13 +0000] "GET /?nsukey=el3W7TB%2B9%2Fl3QHn8dM8BBZ%2FpAJRjAZYl3QCG%2B7Frar9ehgII%2FbrinsGjFDOK8JEqhDGvWrSipzHcQJswWQXtJeHHmesmdTybjvfr1KlKao5rb8Fn8aiVtCxisPaIqYg3qKqa4pxQVsmWfcOPLbBmrMSnaqkNf5XyZJt69T%2BmU9o%2Bk8bDvd0ruRjmYPLC6YWT HTTP/1.1" 200 3386 "-" "Mozilla/5.0 (Windows; U; Windows NT 5.1; en-US) AppleWebKit/534.13 (KHTML, like Gecko) Chrome/9.0.597.107 Safari/534.13"
115.199.243.168 - - [07/Aug/2017:15:13:11 +0000] "GET /img/left-feature-image.png HTTP/1.1" 200 497902 "http://qiankaihua.top/?nsukey=Eehi7bvZW2Tuk3R1yq7e5NRGnFJLUJ8wGdULPMWcz9QnhT7n4ilZFqYZup3uHpwwqRj5a%2F59bcETU1CkNIp0UBMPexwipj9EBYRtiB8k0DnL1tRGPikZsBPTiEGOlq71vUK954BuXCTmmzfRmSsg37kDcy1AjXkcvNuIww0yYOyG2qNrNrda8e98EGQCToTQ" "Mozilla/5.0 (iPhone; CPU iPhone OS 10_3_2 like Mac OS X) AppleWebKit/603.2.4 (KHTML, like Gecko) Mobile/14F89 MicroMessenger/6.5.12 NetType/WIFI Language/zh_CN"
101.226.33.201 - - [07/Aug/2017:15:13:14 +0000] "GET / HTTP/1.1" 200 3425 "-" "Mozilla/5.0 (Linux; Android 4.4.4; Coolpad Y82-520 Build/KTU84P) AppleWebKit/537.36 (KHTML, like Gecko) Version/4.0 Chrome/33.0.0.0 Mobile Safari/537.36 MicroMessenger/6.5.4.1000 NetType/4G Language/zh_CN"
140.207.54.215 - - [07/Aug/2017:15:13:14 +0000] "GET / HTTP/1.1" 200 3384 "-" "Mozilla/5.0 (Windows; U; Windows NT 5.1; zh-CN; rv:1.9b4) Gecko/2008030317 Firefox/3.0b4"
101.226.125.15 - - [07/Aug/2017:15:13:14 +0000] "GET /?nsukey=el3W7TB%2B9%2Fl3QHn8dM8BBZ%2FpAJRjAZYl3QCG%2B7Frar9ehgII%2FbrinsGjFDOK8JEqhDGvWrSipzHcQJswWQXtJeHHmesmdTybjvfr1KlKao5rb8Fn8aiVtCxisPaIqYg3qKqa4pxQVsmWfcOPLbBmrMSnaqkNf5XyZJt69T%2BmU9o%2Bk8bDvd0ruRjmYPLC6YWT HTTP/1.1" 200 3386 "-" "Mozilla/5.0 (Windows NT 6.1; WOW64) AppleWebKit/537.36 (KHTML, like Gecko) Chrome/46.0.2490.80 Safari/537.36"
140.207.54.199 - - [07/Aug/2017:15:13:15 +0000] "GET / HTTP/1.1" 200 3384 "-" "Mozilla/5.0 (Windows; U; Windows NT 5.1; zh-CN; rv:1.9b4) Gecko/2008030317 Firefox/3.0b4"
101.226.33.220 - - [07/Aug/2017:15:13:15 +0000] "GET /?nsukey=Eehi7bvZW2Tuk3R1yq7e5NRGnFJLUJ8wGdULPMWcz9QnhT7n4ilZFqYZup3uHpwwqRj5a%2F59bcETU1CkNIp0UBMPexwipj9EBYRtiB8k0DnL1tRGPikZsBPTiEGOlq71vUK954BuXCTmmzfRmSsg37kDcy1AjXkcvNuIww0yYOyG2qNrNrda8e98EGQCToTQ HTTP/1.1" 200 3423 "-" "Mozilla/5.0 (iPhone; CPU iPhone OS 10_2_1 like Mac OS X) AppleWebKit/602.4.6 (KHTML, like Gecko) Mobile/14D27 MicroMessenger/6.5.5 NetType/WIFI Language/zh_CN"
101.226.33.220 - - [07/Aug/2017:15:13:15 +0000] "GET /js/vendor/modernizr-2.8.3-respond-1.4.2.min.js HTTP/1.1" 200 8530 "http://qiankaihua.top/?nsukey=Eehi7bvZW2Tuk3R1yq7e5NRGnFJLUJ8wGdULPMWcz9QnhT7n4ilZFqYZup3uHpwwqRj5a%2F59bcETU1CkNIp0UBMPexwipj9EBYRtiB8k0DnL1tRGPikZsBPTiEGOlq71vUK954BuXCTmmzfRmSsg37kDcy1AjXkcvNuIww0yYOyG2qNrNrda8e98EGQCToTQ" "Mozilla/5.0 (Linux; Android 4.4.4; HUAWEI ALE-CL00 Build/HuaweiALE-CL00; wv) AppleWebKit/537.36 (KHTML, like Gecko) Version/4.0 Chrome/53.0.2785.49 Mobile MQQBrowser/6.2 TBS/043024 Safari/537.36 MicroMessenger/6.5.4.1000 NetType/4G Language/zh_CN"
115.199.243.168 - - [07/Aug/2017:15:13:13 +0000] "GET /fonts/fontawesome-webfont.woff2?v=4.7.0 HTTP/1.1" 200 77423 "http://qiankaihua.top/?nsukey=Eehi7bvZW2Tuk3R1yq7e5NRGnFJLUJ8wGdULPMWcz9QnhT7n4ilZFqYZup3uHpwwqRj5a%2F59bcETU1CkNIp0UBMPexwipj9EBYRtiB8k0DnL1tRGPikZsBPTiEGOlq71vUK954BuXCTmmzfRmSsg37kDcy1AjXkcvNuIww0yYOyG2qNrNrda8e98EGQCToTQ" "Mozilla/5.0 (iPhone; CPU iPhone OS 10_3_2 like Mac OS X) AppleWebKit/603.2.4 (KHTML, like Gecko) Mobile/14F89 MicroMessenger/6.5.12 NetType/WIFI Language/zh_CN"
101.226.33.220 - - [07/Aug/2017:15:13:16 +0000] "GET /js/vendor/jquery-1.11.2.min.js HTTP/1.1" 200 33635 "http://qiankaihua.top/?nsukey=Eehi7bvZW2Tuk3R1yq7e5NRGnFJLUJ8wGdULPMWcz9QnhT7n4ilZFqYZup3uHpwwqRj5a%2F59bcETU1CkNIp0UBMPexwipj9EBYRtiB8k0DnL1tRGPikZsBPTiEGOlq71vUK954BuXCTmmzfRmSsg37kDcy1AjXkcvNuIww0yYOyG2qNrNrda8e98EGQCToTQ" "Mozilla/5.0 (Windows NT 6.1; WOW64) AppleWebKit/537.36 (KHTML, like Gecko) Chrome/39.0.2171.95 Safari/537.36 MicroMessenger/6.5.2.501 NetType/WIFI WindowsWechat QBCore/3.43.27.400 QQBrowser/9.0.2524.400"
::1 - - [07/Aug/2017:15:13:17 +0000] "OPTIONS * HTTP/1.0" 200 126 "-" "Apache/2.4.18 (Ubuntu) (internal dummy connection)"
101.226.33.220 - - [07/Aug/2017:15:13:18 +0000] "GET /js/vendor/bootstrap.min.js HTTP/1.1" 200 9792 "http://qiankaihua.top/?nsukey=Eehi7bvZW2Tuk3R1yq7e5NRGnFJLUJ8wGdULPMWcz9QnhT7n4ilZFqYZup3uHpwwqRj5a%2F59bcETU1CkNIp0UBMPexwipj9EBYRtiB8k0DnL1tRGPikZsBPTiEGOlq71vUK954BuXCTmmzfRmSsg37kDcy1AjXkcvNuIww0yYOyG2qNrNrda8e98EGQCToTQ" "Mozilla/5.0 (iPhone; CPU iPhone OS 10_2_1 like Mac OS X) AppleWebKit/602.4.6 (KHTML, like Gecko) Mobile/14D27 MicroMessenger/6.5.5 NetType/WIFI Language/zh_CN"
::1 - - [07/Aug/2017:15:13:18 +0000] "OPTIONS * HTTP/1.0" 200 126 "-" "Apache/2.4.18 (Ubuntu) (internal dummy connection)"
101.226.33.220 - - [07/Aug/2017:15:13:19 +0000] "GET /js/plugins.js HTTP/1.1" 200 729 "http://qiankaihua.top/?nsukey=Eehi7bvZW2Tuk3R1yq7e5NRGnFJLUJ8wGdULPMWcz9QnhT7n4ilZFqYZup3uHpwwqRj5a%2F59bcETU1CkNIp0UBMPexwipj9EBYRtiB8k0DnL1tRGPikZsBPTiEGOlq71vUK954BuXCTmmzfRmSsg37kDcy1AjXkcvNuIww0yYOyG2qNrNrda8e98EGQCToTQ" "Mozilla/5.0 (Linux; Android 4.4.4; Coolpad Y82-520 Build/KTU84P) AppleWebKit/537.36 (KHTML, like Gecko) Version/4.0 Chrome/33.0.0.0 Mobile Safari/537.36 MicroMessenger/6.5.4.1000 NetType/4G Language/zh_CN"
101.226.33.201 - - [07/Aug/2017:15:13:19 +0000] "GET /js/vendor/modernizr-2.8.3-respond-1.4.2.min.js HTTP/1.1" 200 8530 "http://qiankaihua.top/" "Mozilla/5.0 (Linux; Android 4.4.4; HUAWEI ALE-CL00 Build/HuaweiALE-CL00; wv) AppleWebKit/537.36 (KHTML, like Gecko) Version/4.0 Chrome/53.0.2785.49 Mobile MQQBrowser/6.2 TBS/043024 Safari/537.36 MicroMessenger/6.5.4.1000 NetType/4G Language/zh_CN"
::1 - - [07/Aug/2017:15:13:19 +0000] "OPTIONS * HTTP/1.0" 200 126 "-" "Apache/2.4.18 (Ubuntu) (internal dummy connection)"
101.226.33.220 - - [07/Aug/2017:15:13:20 +0000] "GET /js/mymain.js HTTP/1.1" 200 6654 "http://qiankaihua.top/?nsukey=Eehi7bvZW2Tuk3R1yq7e5NRGnFJLUJ8wGdULPMWcz9QnhT7n4ilZFqYZup3uHpwwqRj5a%2F59bcETU1CkNIp0UBMPexwipj9EBYRtiB8k0DnL1tRGPikZsBPTiEGOlq71vUK954BuXCTmmzfRmSsg37kDcy1AjXkcvNuIww0yYOyG2qNrNrda8e98EGQCToTQ" "Mozilla/5.0 (iPhone; CPU iPhone OS 10_2_1 like Mac OS X) AppleWebKit/602.4.6 (KHTML, like Gecko) Mobile/14D27 MicroMessenger/6.5.5 NetType/WIFI Language/en"
::1 - - [07/Aug/2017:15:13:21 +0000] "OPTIONS * HTTP/1.0" 200 126 "-" "Apache/2.4.18 (Ubuntu) (internal dummy connection)"
101.226.66.173 - - [07/Aug/2017:15:13:22 +0000] "GET /?nsukey=Eehi7bvZW2Tuk3R1yq7e5NRGnFJLUJ8wGdULPMWcz9QnhT7n4ilZFqYZup3uHpwwqRj5a%2F59bcETU1CkNIp0UBMPexwipj9EBYRtiB8k0DnL1tRGPikZsBPTiEGOlq71vUK954BuXCTmmzfRmSsg37kDcy1AjXkcvNuIww0yYOyG2qNrNrda8e98EGQCToTQ HTTP/1.1" 200 3425 "" "Mozilla/5.0 (iPhone; CPU iPhone OS 8_4 like Mac OS X) AppleWebKit/600.1.4 (KHTML, like Gecko) Version/8.0 Mobile/12H143 Safari/600.1.4"
101.226.66.173 - - [07/Aug/2017:15:13:22 +0000] "GET /css/bootstrap.min.css HTTP/1.1" 200 19056 "http://qiankaihua.top/?nsukey=Eehi7bvZW2Tuk3R1yq7e5NRGnFJLUJ8wGdULPMWcz9QnhT7n4ilZFqYZup3uHpwwqRj5a%2F59bcETU1CkNIp0UBMPexwipj9EBYRtiB8k0DnL1tRGPikZsBPTiEGOlq71vUK954BuXCTmmzfRmSsg37kDcy1AjXkcvNuIww0yYOyG2qNrNrda8e98EGQCToTQ" "Mozilla/5.0 (iPhone; CPU iPhone OS 8_4 like Mac OS X) AppleWebKit/600.1.4 (KHTML, like Gecko) Version/8.0 Mobile/12H143 Safari/600.1.4"
101.226.66.173 - - [07/Aug/2017:15:13:22 +0000] "GET /css/templatemo-style.css HTTP/1.1" 200 3505 "http://qiankaihua.top/?nsukey=Eehi7bvZW2Tuk3R1yq7e5NRGnFJLUJ8wGdULPMWcz9QnhT7n4ilZFqYZup3uHpwwqRj5a%2F59bcETU1CkNIp0UBMPexwipj9EBYRtiB8k0DnL1tRGPikZsBPTiEGOlq71vUK954BuXCTmmzfRmSsg37kDcy1AjXkcvNuIww0yYOyG2qNrNrda8e98EGQCToTQ" "Mozilla/5.0 (iPhone; CPU iPhone OS 8_4 like Mac OS X) AppleWebKit/600.1.4 (KHTML, like Gecko) Version/8.0 Mobile/12H143 Safari/600.1.4"
101.226.66.173 - - [07/Aug/2017:15:13:22 +0000] "GET /js/vendor/jquery-1.11.2.min.js HTTP/1.1" 200 33636 "http://qiankaihua.top/?nsukey=Eehi7bvZW2Tuk3R1yq7e5NRGnFJLUJ8wGdULPMWcz9QnhT7n4ilZFqYZup3uHpwwqRj5a%2F59bcETU1CkNIp0UBMPexwipj9EBYRtiB8k0DnL1tRGPikZsBPTiEGOlq71vUK954BuXCTmmzfRmSsg37kDcy1AjXkcvNuIww0yYOyG2qNrNrda8e98EGQCToTQ" "Mozilla/5.0 (iPhone; CPU iPhone OS 8_4 like Mac OS X) AppleWebKit/600.1.4 (KHTML, like Gecko) Version/8.0 Mobile/12H143 Safari/600.1.4"
101.226.66.173 - - [07/Aug/2017:15:13:22 +0000] "GET /css/fontAwesome.css HTTP/1.1" 200 7826 "http://qiankaihua.top/?nsukey=Eehi7bvZW2Tuk3R1yq7e5NRGnFJLUJ8wGdULPMWcz9QnhT7n4ilZFqYZup3uHpwwqRj5a%2F59bcETU1CkNIp0UBMPexwipj9EBYRtiB8k0DnL1tRGPikZsBPTiEGOlq71vUK954BuXCTmmzfRmSsg37kDcy1AjXkcvNuIww0yYOyG2qNrNrda8e98EGQCToTQ" "Mozilla/5.0 (iPhone; CPU iPhone OS 8_4 like Mac OS X) AppleWebKit/600.1.4 (KHTML, like Gecko) Version/8.0 Mobile/12H143 Safari/600.1.4"
101.226.66.173 - - [07/Aug/2017:15:13:22 +0000] "GET /js/vendor/bootstrap.min.js HTTP/1.1" 200 9792 "http://qiankaihua.top/?nsukey=Eehi7bvZW2Tuk3R1yq7e5NRGnFJLUJ8wGdULPMWcz9QnhT7n4ilZFqYZup3uHpwwqRj5a%2F59bcETU1CkNIp0UBMPexwipj9EBYRtiB8k0DnL1tRGPikZsBPTiEGOlq71vUK954BuXCTmmzfRmSsg37kDcy1AjXkcvNuIww0yYOyG2qNrNrda8e98EGQCToTQ" "Mozilla/5.0 (iPhone; CPU iPhone OS 8_4 like Mac OS X) AppleWebKit/600.1.4 (KHTML, like Gecko) Version/8.0 Mobile/12H143 Safari/600.1.4"
101.226.66.173 - - [07/Aug/2017:15:13:23 +0000] "GET /js/plugins.js HTTP/1.1" 200 729 "http://qiankaihua.top/?nsukey=Eehi7bvZW2Tuk3R1yq7e5NRGnFJLUJ8wGdULPMWcz9QnhT7n4ilZFqYZup3uHpwwqRj5a%2F59bcETU1CkNIp0UBMPexwipj9EBYRtiB8k0DnL1tRGPikZsBPTiEGOlq71vUK954BuXCTmmzfRmSsg37kDcy1AjXkcvNuIww0yYOyG2qNrNrda8e98EGQCToTQ" "Mozilla/5.0 (iPhone; CPU iPhone OS 8_4 like Mac OS X) AppleWebKit/600.1.4 (KHTML, like Gecko) Version/8.0 Mobile/12H143 Safari/600.1.4"
101.226.66.173 - - [07/Aug/2017:15:13:23 +0000] "GET /js/mymain.js HTTP/1.1" 200 6654 "http://qiankaihua.top/?nsukey=Eehi7bvZW2Tuk3R1yq7e5NRGnFJLUJ8wGdULPMWcz9QnhT7n4ilZFqYZup3uHpwwqRj5a%2F59bcETU1CkNIp0UBMPexwipj9EBYRtiB8k0DnL1tRGPikZsBPTiEGOlq71vUK954BuXCTmmzfRmSsg37kDcy1AjXkcvNuIww0yYOyG2qNrNrda8e98EGQCToTQ" "Mozilla/5.0 (iPhone; CPU iPhone OS 8_4 like Mac OS X) AppleWebKit/600.1.4 (KHTML, like Gecko) Version/8.0 Mobile/12H143 Safari/600.1.4"
101.226.33.201 - - [07/Aug/2017:15:13:23 +0000] "GET /js/vendor/jquery-1.11.2.min.js HTTP/1.1" 200 33635 "http://qiankaihua.top/" "Mozilla/5.0 (Linux; Android 4.4.4; HUAWEI ALE-CL00 Build/HuaweiALE-CL00; wv) AppleWebKit/537.36 (KHTML, like Gecko) Version/4.0 Chrome/53.0.2785.49 Mobile MQQBrowser/6.2 TBS/043024 Safari/537.36 MicroMessenger/6.5.4.1000 NetType/4G Language/zh_CN"
101.226.66.173 - - [07/Aug/2017:15:13:23 +0000] "GET /css/bootstrap-theme.min.css HTTP/1.1" 200 2688 "http://qiankaihua.top/?nsukey=Eehi7bvZW2Tuk3R1yq7e5NRGnFJLUJ8wGdULPMWcz9QnhT7n4ilZFqYZup3uHpwwqRj5a%2F59bcETU1CkNIp0UBMPexwipj9EBYRtiB8k0DnL1tRGPikZsBPTiEGOlq71vUK954BuXCTmmzfRmSsg37kDcy1AjXkcvNuIww0yYOyG2qNrNrda8e98EGQCToTQ" "Mozilla/5.0 (iPhone; CPU iPhone OS 8_4 like Mac OS X) AppleWebKit/600.1.4 (KHTML, like Gecko) Version/8.0 Mobile/12H143 Safari/600.1.4"
183.61.51.199 - - [07/Aug/2017:15:13:23 +0000] "GET /?nsukey=el3W7TB%2B9%2Fl3QHn8dM8BBZ%2FpAJRjAZYl3QCG%2B7Frar9ehgII%2FbrinsGjFDOK8JEqhDGvWrSipzHcQJswWQXtJeHHmesmdTybjvfr1KlKao5rb8Fn8aiVtCxisPaIqYg3qKqa4pxQVsmWfcOPLbBmrMSnaqkNf5XyZJt69T%2BmU9o%2Bk8bDvd0ruRjmYPLC6YWT HTTP/1.1" 200 3388 "-" "Mozilla/5.0 (Windows; U; Windows NT 5.1; en-US) AppleWebKit/534.13 (KHTML, like Gecko) Chrome/9.0.597.107 Safari/534.13"
14.17.37.144 - - [07/Aug/2017:15:13:24 +0000] "GET /?nsukey=el3W7TB%2B9%2Fl3QHn8dM8BBZ%2FpAJRjAZYl3QCG%2B7Frar9ehgII%2FbrinsGjFDOK8JEqhDGvWrSipzHcQJswWQXtJeHHmesmdTybjvfr1KlKao5rb8Fn8aiVtCxisPaIqYg3qKqa4pxQVsmWfcOPLbBmrMSnaqkNf5XyZJt69T%2BmU9o%2Bk8bDvd0ruRjmYPLC6YWT HTTP/1.1" 200 3384 "-" "Mozilla/5.0 (Windows NT 6.1; WOW64) AppleWebKit/537.36 (KHTML, like Gecko) Chrome/46.0.2490.80 Safari/537.36"
163.177.69.13 - - [07/Aug/2017:15:13:24 +0000] "GET / HTTP/1.1" 200 3386 "-" "Mozilla/5.0 (Windows; U; Windows NT 5.1; zh-CN; rv:1.9b4) Gecko/2008030317 Firefox/3.0b4"
101.226.66.173 - - [07/Aug/2017:15:13:24 +0000] "GET /js/vendor/modernizr-2.8.3-respond-1.4.2.min.js HTTP/1.1" 200 8531 "http://qiankaihua.top/?nsukey=Eehi7bvZW2Tuk3R1yq7e5NRGnFJLUJ8wGdULPMWcz9QnhT7n4ilZFqYZup3uHpwwqRj5a%2F59bcETU1CkNIp0UBMPexwipj9EBYRtiB8k0DnL1tRGPikZsBPTiEGOlq71vUK954BuXCTmmzfRmSsg37kDcy1AjXkcvNuIww0yYOyG2qNrNrda8e98EGQCToTQ" "Mozilla/5.0 (iPhone; CPU iPhone OS 8_4 like Mac OS X) AppleWebKit/600.1.4 (KHTML, like Gecko) Version/8.0 Mobile/12H143 Safari/600.1.4"
219.133.40.16 - - [07/Aug/2017:15:13:24 +0000] "GET /css/templatemo-style.css HTTP/1.1" 200 3468 "http://qiankaihua.top/?nsukey=el3W7TB%2B9%2Fl3QHn8dM8BBZ%2FpAJRjAZYl3QCG%2B7Frar9ehgII%2FbrinsGjFDOK8JEqhDGvWrSipzHcQJswWQXtJeHHmesmdTybjvfr1KlKao5rb8Fn8aiVtCxisPaIqYg3qKqa4pxQVsmWfcOPLbBmrMSnaqkNf5XyZJt69T%2BmU9o%2Bk8bDvd0ruRjmYPLC6YWT" "Mozilla/5.0 (Windows NT 6.1; WOW64) AppleWebKit/537.36 (KHTML, like Gecko) Chrome/46.0.2490.80 Safari/537.36"
113.108.11.50 - - [07/Aug/2017:15:13:24 +0000] "GET /js/vendor/modernizr-2.8.3-respond-1.4.2.min.js HTTP/1.1" 200 8494 "http://qiankaihua.top/?nsukey=el3W7TB%2B9%2Fl3QHn8dM8BBZ%2FpAJRjAZYl3QCG%2B7Frar9ehgII%2FbrinsGjFDOK8JEqhDGvWrSipzHcQJswWQXtJeHHmesmdTybjvfr1KlKao5rb8Fn8aiVtCxisPaIqYg3qKqa4pxQVsmWfcOPLbBmrMSnaqkNf5XyZJt69T%2BmU9o%2Bk8bDvd0ruRjmYPLC6YWT" "Mozilla/5.0 (Windows NT 6.1; WOW64) AppleWebKit/537.36 (KHTML, like Gecko) Chrome/46.0.2490.80 Safari/537.36"
14.17.37.69 - - [07/Aug/2017:15:13:24 +0000] "GET /js/vendor/jquery-1.11.2.min.js HTTP/1.1" 200 33599 "http://qiankaihua.top/?nsukey=el3W7TB%2B9%2Fl3QHn8dM8BBZ%2FpAJRjAZYl3QCG%2B7Frar9ehgII%2FbrinsGjFDOK8JEqhDGvWrSipzHcQJswWQXtJeHHmesmdTybjvfr1KlKao5rb8Fn8aiVtCxisPaIqYg3qKqa4pxQVsmWfcOPLbBmrMSnaqkNf5XyZJt69T%2BmU9o%2Bk8bDvd0ruRjmYPLC6YWT" "Mozilla/5.0 (Windows NT 6.1; WOW64) AppleWebKit/537.36 (KHTML, like Gecko) Chrome/46.0.2490.80 Safari/537.36"
14.17.37.68 - - [07/Aug/2017:15:13:24 +0000] "GET /css/fontAwesome.css HTTP/1.1" 200 7789 "http://qiankaihua.top/?nsukey=el3W7TB%2B9%2Fl3QHn8dM8BBZ%2FpAJRjAZYl3QCG%2B7Frar9ehgII%2FbrinsGjFDOK8JEqhDGvWrSipzHcQJswWQXtJeHHmesmdTybjvfr1KlKao5rb8Fn8aiVtCxisPaIqYg3qKqa4pxQVsmWfcOPLbBmrMSnaqkNf5XyZJt69T%2BmU9o%2Bk8bDvd0ruRjmYPLC6YWT" "Mozilla/5.0 (Windows NT 6.1; WOW64) AppleWebKit/537.36 (KHTML, like Gecko) Chrome/46.0.2490.80 Safari/537.36"
14.17.37.161 - - [07/Aug/2017:15:13:24 +0000] "GET /css/bootstrap-theme.min.css HTTP/1.1" 200 2651 "http://qiankaihua.top/?nsukey=el3W7TB%2B9%2Fl3QHn8dM8BBZ%2FpAJRjAZYl3QCG%2B7Frar9ehgII%2FbrinsGjFDOK8JEqhDGvWrSipzHcQJswWQXtJeHHmesmdTybjvfr1KlKao5rb8Fn8aiVtCxisPaIqYg3qKqa4pxQVsmWfcOPLbBmrMSnaqkNf5XyZJt69T%2BmU9o%2Bk8bDvd0ruRjmYPLC6YWT" "Mozilla/5.0 (Windows NT 6.1; WOW64) AppleWebKit/537.36 (KHTML, like Gecko) Chrome/46.0.2490.80 Safari/537.36"
14.17.37.69 - - [07/Aug/2017:15:13:25 +0000] "GET /js/plugins.js HTTP/1.1" 200 693 "http://qiankaihua.top/?nsukey=el3W7TB%2B9%2Fl3QHn8dM8BBZ%2FpAJRjAZYl3QCG%2B7Frar9ehgII%2FbrinsGjFDOK8JEqhDGvWrSipzHcQJswWQXtJeHHmesmdTybjvfr1KlKao5rb8Fn8aiVtCxisPaIqYg3qKqa4pxQVsmWfcOPLbBmrMSnaqkNf5XyZJt69T%2BmU9o%2Bk8bDvd0ruRjmYPLC6YWT" "Mozilla/5.0 (Windows NT 6.1; WOW64) AppleWebKit/537.36 (KHTML, like Gecko) Chrome/46.0.2490.80 Safari/537.36"
14.17.11.196 - - [07/Aug/2017:15:13:25 +0000] "GET /js/mymain.js HTTP/1.1" 200 6618 "http://qiankaihua.top/?nsukey=el3W7TB%2B9%2Fl3QHn8dM8BBZ%2FpAJRjAZYl3QCG%2B7Frar9ehgII%2FbrinsGjFDOK8JEqhDGvWrSipzHcQJswWQXtJeHHmesmdTybjvfr1KlKao5rb8Fn8aiVtCxisPaIqYg3qKqa4pxQVsmWfcOPLbBmrMSnaqkNf5XyZJt69T%2BmU9o%2Bk8bDvd0ruRjmYPLC6YWT" "Mozilla/5.0 (Windows NT 6.1; WOW64) AppleWebKit/537.36 (KHTML, like Gecko) Chrome/46.0.2490.80 Safari/537.36"
14.17.37.145 - - [07/Aug/2017:15:13:25 +0000] "GET /js/vendor/bootstrap.min.js HTTP/1.1" 200 9756 "http://qiankaihua.top/?nsukey=el3W7TB%2B9%2Fl3QHn8dM8BBZ%2FpAJRjAZYl3QCG%2B7Frar9ehgII%2FbrinsGjFDOK8JEqhDGvWrSipzHcQJswWQXtJeHHmesmdTybjvfr1KlKao5rb8Fn8aiVtCxisPaIqYg3qKqa4pxQVsmWfcOPLbBmrMSnaqkNf5XyZJt69T%2BmU9o%2Bk8bDvd0ruRjmYPLC6YWT" "Mozilla/5.0 (Windows NT 6.1; WOW64) AppleWebKit/537.36 (KHTML, like Gecko) Chrome/46.0.2490.80 Safari/537.36"
183.232.118.16 - - [07/Aug/2017:15:13:25 +0000] "GET / HTTP/1.1" 200 3386 "-" "Mozilla/5.0 (Windows; U; Windows NT 5.1; zh-CN; rv:1.9b4) Gecko/2008030317 Firefox/3.0b4"
101.226.66.173 - - [07/Aug/2017:15:13:25 +0000] "GET /img/loading.gif HTTP/1.1" 200 8762 "http://qiankaihua.top/?nsukey=Eehi7bvZW2Tuk3R1yq7e5NRGnFJLUJ8wGdULPMWcz9QnhT7n4ilZFqYZup3uHpwwqRj5a%2F59bcETU1CkNIp0UBMPexwipj9EBYRtiB8k0DnL1tRGPikZsBPTiEGOlq71vUK954BuXCTmmzfRmSsg37kDcy1AjXkcvNuIww0yYOyG2qNrNrda8e98EGQCToTQ" "Mozilla/5.0 (iPhone; CPU iPhone OS 8_4 like Mac OS X) AppleWebKit/600.1.4 (KHTML, like Gecko) Version/8.0 Mobile/12H143 Safari/600.1.4"
101.226.66.173 - - [07/Aug/2017:15:13:25 +0000] "GET /img/home-icon.png HTTP/1.1" 200 1965 "http://qiankaihua.top/?nsukey=Eehi7bvZW2Tuk3R1yq7e5NRGnFJLUJ8wGdULPMWcz9QnhT7n4ilZFqYZup3uHpwwqRj5a%2F59bcETU1CkNIp0UBMPexwipj9EBYRtiB8k0DnL1tRGPikZsBPTiEGOlq71vUK954BuXCTmmzfRmSsg37kDcy1AjXkcvNuIww0yYOyG2qNrNrda8e98EGQCToTQ" "Mozilla/5.0 (iPhone; CPU iPhone OS 8_4 like Mac OS X) AppleWebKit/600.1.4 (KHTML, like Gecko) Version/8.0 Mobile/12H143 Safari/600.1.4"
101.226.66.173 - - [07/Aug/2017:15:13:25 +0000] "GET /img/prev.png HTTP/1.1" 200 1645 "http://qiankaihua.top/?nsukey=Eehi7bvZW2Tuk3R1yq7e5NRGnFJLUJ8wGdULPMWcz9QnhT7n4ilZFqYZup3uHpwwqRj5a%2F59bcETU1CkNIp0UBMPexwipj9EBYRtiB8k0DnL1tRGPikZsBPTiEGOlq71vUK954BuXCTmmzfRmSsg37kDcy1AjXkcvNuIww0yYOyG2qNrNrda8e98EGQCToTQ" "Mozilla/5.0 (iPhone; CPU iPhone OS 8_4 like Mac OS X) AppleWebKit/600.1.4 (KHTML, like Gecko) Version/8.0 Mobile/12H143 Safari/600.1.4"
101.226.66.173 - - [07/Aug/2017:15:13:25 +0000] "GET /img/next.png HTTP/1.1" 200 1635 "http://qiankaihua.top/?nsukey=Eehi7bvZW2Tuk3R1yq7e5NRGnFJLUJ8wGdULPMWcz9QnhT7n4ilZFqYZup3uHpwwqRj5a%2F59bcETU1CkNIp0UBMPexwipj9EBYRtiB8k0DnL1tRGPikZsBPTiEGOlq71vUK954BuXCTmmzfRmSsg37kDcy1AjXkcvNuIww0yYOyG2qNrNrda8e98EGQCToTQ" "Mozilla/5.0 (iPhone; CPU iPhone OS 8_4 like Mac OS X) AppleWebKit/600.1.4 (KHTML, like Gecko) Version/8.0 Mobile/12H143 Safari/600.1.4"
101.226.66.173 - - [07/Aug/2017:15:13:25 +0000] "GET /img/close.png HTTP/1.1" 200 564 "http://qiankaihua.top/?nsukey=Eehi7bvZW2Tuk3R1yq7e5NRGnFJLUJ8wGdULPMWcz9QnhT7n4ilZFqYZup3uHpwwqRj5a%2F59bcETU1CkNIp0UBMPexwipj9EBYRtiB8k0DnL1tRGPikZsBPTiEGOlq71vUK954BuXCTmmzfRmSsg37kDcy1AjXkcvNuIww0yYOyG2qNrNrda8e98EGQCToTQ" "Mozilla/5.0 (iPhone; CPU iPhone OS 8_4 like Mac OS X) AppleWebKit/600.1.4 (KHTML, like Gecko) Version/8.0 Mobile/12H143 Safari/600.1.4"
101.226.66.173 - - [07/Aug/2017:15:13:25 +0000] "GET /img/about-icon.png HTTP/1.1" 200 2197 "http://qiankaihua.top/?nsukey=Eehi7bvZW2Tuk3R1yq7e5NRGnFJLUJ8wGdULPMWcz9QnhT7n4ilZFqYZup3uHpwwqRj5a%2F59bcETU1CkNIp0UBMPexwipj9EBYRtiB8k0DnL1tRGPikZsBPTiEGOlq71vUK954BuXCTmmzfRmSsg37kDcy1AjXkcvNuIww0yYOyG2qNrNrda8e98EGQCToTQ" "Mozilla/5.0 (iPhone; CPU iPhone OS 8_4 like Mac OS X) AppleWebKit/600.1.4 (KHTML, like Gecko) Version/8.0 Mobile/12H143 Safari/600.1.4"
101.226.66.173 - - [07/Aug/2017:15:13:25 +0000] "GET /img/projects-icon.png HTTP/1.1" 200 1745 "http://qiankaihua.top/?nsukey=Eehi7bvZW2Tuk3R1yq7e5NRGnFJLUJ8wGdULPMWcz9QnhT7n4ilZFqYZup3uHpwwqRj5a%2F59bcETU1CkNIp0UBMPexwipj9EBYRtiB8k0DnL1tRGPikZsBPTiEGOlq71vUK954BuXCTmmzfRmSsg37kDcy1AjXkcvNuIww0yYOyG2qNrNrda8e98EGQCToTQ" "Mozilla/5.0 (iPhone; CPU iPhone OS 8_4 like Mac OS X) AppleWebKit/600.1.4 (KHTML, like Gecko) Version/8.0 Mobile/12H143 Safari/600.1.4"
101.226.66.173 - - [07/Aug/2017:15:13:25 +0000] "GET /img/featured-icon.png HTTP/1.1" 200 1817 "http://qiankaihua.top/?nsukey=Eehi7bvZW2Tuk3R1yq7e5NRGnFJLUJ8wGdULPMWcz9QnhT7n4ilZFqYZup3uHpwwqRj5a%2F59bcETU1CkNIp0UBMPexwipj9EBYRtiB8k0DnL1tRGPikZsBPTiEGOlq71vUK954BuXCTmmzfRmSsg37kDcy1AjXkcvNuIww0yYOyG2qNrNrda8e98EGQCToTQ" "Mozilla/5.0 (iPhone; CPU iPhone OS 8_4 like Mac OS X) AppleWebKit/600.1.4 (KHTML, like Gecko) Version/8.0 Mobile/12H143 Safari/600.1.4"
101.226.66.173 - - [07/Aug/2017:15:13:25 +0000] "GET /img/contact-icon.png HTTP/1.1" 200 1859 "http://qiankaihua.top/?nsukey=Eehi7bvZW2Tuk3R1yq7e5NRGnFJLUJ8wGdULPMWcz9QnhT7n4ilZFqYZup3uHpwwqRj5a%2F59bcETU1CkNIp0UBMPexwipj9EBYRtiB8k0DnL1tRGPikZsBPTiEGOlq71vUK954BuXCTmmzfRmSsg37kDcy1AjXkcvNuIww0yYOyG2qNrNrda8e98EGQCToTQ" "Mozilla/5.0 (iPhone; CPU iPhone OS 8_4 like Mac OS X) AppleWebKit/600.1.4 (KHTML, like Gecko) Version/8.0 Mobile/12H143 Safari/600.1.4"
101.226.66.173 - - [07/Aug/2017:15:13:25 +0000] "GET /img/right-about-image.jpg HTTP/1.1" 200 40466 "http://qiankaihua.top/?nsukey=Eehi7bvZW2Tuk3R1yq7e5NRGnFJLUJ8wGdULPMWcz9QnhT7n4ilZFqYZup3uHpwwqRj5a%2F59bcETU1CkNIp0UBMPexwipj9EBYRtiB8k0DnL1tRGPikZsBPTiEGOlq71vUK954BuXCTmmzfRmSsg37kDcy1AjXkcvNuIww0yYOyG2qNrNrda8e98EGQCToTQ" "Mozilla/5.0 (iPhone; CPU iPhone OS 8_4 like Mac OS X) AppleWebKit/600.1.4 (KHTML, like Gecko) Version/8.0 Mobile/12H143 Safari/600.1.4"
101.226.66.173 - - [07/Aug/2017:15:13:25 +0000] "GET /img/left-about-image.jpg HTTP/1.1" 200 48112 "http://qiankaihua.top/?nsukey=Eehi7bvZW2Tuk3R1yq7e5NRGnFJLUJ8wGdULPMWcz9QnhT7n4ilZFqYZup3uHpwwqRj5a%2F59bcETU1CkNIp0UBMPexwipj9EBYRtiB8k0DnL1tRGPikZsBPTiEGOlq71vUK954BuXCTmmzfRmSsg37kDcy1AjXkcvNuIww0yYOyG2qNrNrda8e98EGQCToTQ" "Mozilla/5.0 (iPhone; CPU iPhone OS 8_4 like Mac OS X) AppleWebKit/600.1.4 (KHTML, like Gecko) Version/8.0 Mobile/12H143 Safari/600.1.4"
101.226.33.216 - - [07/Aug/2017:15:13:25 +0000] "GET /?nsukey=el3W7TB%2B9%2Fl3QHn8dM8BBZ%2FpAJRjAZYl3QCG%2B7Frar9ehgII%2FbrinsGjFDOK8JEqhDGvWrSipzHcQJswWQXtJeHHmesmdTybjvfr1KlKao5rb8Fn8aiVtCxisPaIqYg3qKqa4pxQVsmWfcOPLbBmrMSnaqkNf5XyZJt69T%2BmU9o%2Bk8bDvd0ruRjmYPLC6YWT HTTP/1.1" 200 3425 "-" "Mozilla/5.0 (Windows NT 6.1; WOW64) AppleWebKit/537.36 (KHTML, like Gecko) Chrome/39.0.2171.95 Safari/537.36 MicroMessenger/6.5.2.501 NetType/WIFI WindowsWechat QBCore/3.43.27.400 QQBrowser/9.0.2524.400"
14.17.37.146 - - [07/Aug/2017:15:13:25 +0000] "GET /css/bootstrap.min.css HTTP/1.1" 200 19020 "http://qiankaihua.top/?nsukey=el3W7TB%2B9%2Fl3QHn8dM8BBZ%2FpAJRjAZYl3QCG%2B7Frar9ehgII%2FbrinsGjFDOK8JEqhDGvWrSipzHcQJswWQXtJeHHmesmdTybjvfr1KlKao5rb8Fn8aiVtCxisPaIqYg3qKqa4pxQVsmWfcOPLbBmrMSnaqkNf5XyZJt69T%2BmU9o%2Bk8bDvd0ruRjmYPLC6YWT" "Mozilla/5.0 (Windows NT 6.1; WOW64) AppleWebKit/537.36 (KHTML, like Gecko) Chrome/46.0.2490.80 Safari/537.36"
101.226.66.173 - - [07/Aug/2017:15:13:25 +0000] "GET /img/left-feature-image.png HTTP/1.1" 200 79640 "http://qiankaihua.top/?nsukey=Eehi7bvZW2Tuk3R1yq7e5NRGnFJLUJ8wGdULPMWcz9QnhT7n4ilZFqYZup3uHpwwqRj5a%2F59bcETU1CkNIp0UBMPexwipj9EBYRtiB8k0DnL1tRGPikZsBPTiEGOlq71vUK954BuXCTmmzfRmSsg37kDcy1AjXkcvNuIww0yYOyG2qNrNrda8e98EGQCToTQ" "Mozilla/5.0 (iPhone; CPU iPhone OS 8_4 like Mac OS X) AppleWebKit/600.1.4 (KHTML, like Gecko) Version/8.0 Mobile/12H143 Safari/600.1.4"
115.199.243.168 - - [07/Aug/2017:15:13:13 +0000] "GET /videos/video.mp4 HTTP/1.1" 206 495516 "http://qiankaihua.top/?nsukey=Eehi7bvZW2Tuk3R1yq7e5NRGnFJLUJ8wGdULPMWcz9QnhT7n4ilZFqYZup3uHpwwqRj5a%2F59bcETU1CkNIp0UBMPexwipj9EBYRtiB8k0DnL1tRGPikZsBPTiEGOlq71vUK954BuXCTmmzfRmSsg37kDcy1AjXkcvNuIww0yYOyG2qNrNrda8e98EGQCToTQ" "Mozilla/5.0 (iPhone; CPU iPhone OS 10_3_2 like Mac OS X) AppleWebKit/603.2.4 (KHTML, like Gecko) Mobile/14F89 MicroMessenger/6.5.12 NetType/WIFI Language/zh_CN"
::1 - - [07/Aug/2017:15:13:26 +0000] "OPTIONS * HTTP/1.0" 200 126 "-" "Apache/2.4.18 (Ubuntu) (internal dummy connection)"
::1 - - [07/Aug/2017:15:13:27 +0000] "OPTIONS * HTTP/1.0" 200 126 "-" "Apache/2.4.18 (Ubuntu) (internal dummy connection)"
221.237.85.29 - - [07/Aug/2017:15:13:28 +0000] "GET /?nsukey=el3W7TB%2B9%2Fl3QHn8dM8BBZ%2FpAJRjAZYl3QCG%2B7Frar9ehgII%2FbrinsGjFDOK8JEqhDGvWrSipzHcQJswWQXtJeHHmesmdTybjvfr1KlKao5rb8Fn8aiVtCxisPaIqYg3qKqa4pxQVsmWfcOPLbBmrMSnaqkNf5XyZJt69T%2BmU9o%2Bk8bDvd0ruRjmYPLC6YWT HTTP/1.1" 200 3429 "-" "Mozilla/5.0 (Linux; Android 7.0; MHA-AL00 Build/HUAWEIMHA-AL00; wv) AppleWebKit/537.36 (KHTML, like Gecko) Version/4.0 Chrome/53.0.2785.49 Mobile MQQBrowser/6.2 TBS/043409 Safari/537.36 MicroMessenger/6.5.10.1080 NetType/WIFI Language/zh_CN"
::1 - - [07/Aug/2017:15:13:28 +0000] "OPTIONS * HTTP/1.0" 200 126 "-" "Apache/2.4.18 (Ubuntu) (internal dummy connection)"
::1 - - [07/Aug/2017:15:13:29 +0000] "OPTIONS * HTTP/1.0" 200 126 "-" "Apache/2.4.18 (Ubuntu) (internal dummy connection)"
182.131.11.250 - - [07/Aug/2017:15:13:31 +0000] "GET /?nsukey=el3W7TB%2B9%2Fl3QHn8dM8BBZ%2FpAJRjAZYl3QCG%2B7Frar9ehgII%2FbrinsGjFDOK8JEqhDGvWrSipzHcQJswWQXtJeHHmesmdTybjvfr1KlKao5rb8Fn8aiVtCxisPaIqYg3qKqa4pxQVsmWfcOPLbBmrMSnaqkNf5XyZJt69T%2BmU9o%2Bk8bDvd0ruRjmYPLC6YWT HTTP/1.1" 200 3384 "-" "Mozilla/5.0 (Linux; Android 7.0; MHA-AL00 Build/HUAWEIMHA-AL00; wv) AppleWebKit/537.36 (KHTML, like Gecko) Version/4.0 Chrome/53.0.2785.49 Mobile MQQBrowser/6.2 TBS/043409 Safari/537.36 MicroMessenger/6.5.10.1080 NetType/WIFI Language/zh_CN"
182.131.11.250 - - [07/Aug/2017:15:13:31 +0000] "GET /?nsukey=el3W7TB%2B9%2Fl3QHn8dM8BBZ%2FpAJRjAZYl3QCG%2B7Frar9ehgII%2FbrinsGjFDOK8JEqhDGvWrSipzHcQJswWQXtJeHHmesmdTybjvfr1KlKao5rb8Fn8aiVtCxisPaIqYg3qKqa4pxQVsmWfcOPLbBmrMSnaqkNf5XyZJt69T%2BmU9o%2Bk8bDvd0ruRjmYPLC6YWT HTTP/1.1" 200 3388 "-" "Mozilla/5.0 (Linux; Android 7.0; MHA-AL00 Build/HUAWEIMHA-AL00; wv) AppleWebKit/537.36 (KHTML, like Gecko) Version/4.0 Chrome/53.0.2785.49 Mobile MQQBrowser/6.2 TBS/043409 Safari/537.36 MicroMessenger/6.5.10.1080 NetType/WIFI Language/zh_CN"
221.237.85.29 - - [07/Aug/2017:15:13:32 +0000] "GET /css/bootstrap-theme.min.css HTTP/1.1" 200 2688 "http://qiankaihua.top/?nsukey=el3W7TB%2B9%2Fl3QHn8dM8BBZ%2FpAJRjAZYl3QCG%2B7Frar9ehgII%2FbrinsGjFDOK8JEqhDGvWrSipzHcQJswWQXtJeHHmesmdTybjvfr1KlKao5rb8Fn8aiVtCxisPaIqYg3qKqa4pxQVsmWfcOPLbBmrMSnaqkNf5XyZJt69T%2BmU9o%2Bk8bDvd0ruRjmYPLC6YWT" "Mozilla/5.0 (Linux; Android 7.0; MHA-AL00 Build/HUAWEIMHA-AL00; wv) AppleWebKit/537.36 (KHTML, like Gecko) Version/4.0 Chrome/53.0.2785.49 Mobile MQQBrowser/6.2 TBS/043409 Safari/537.36 MicroMessenger/6.5.10.1080 NetType/WIFI Language/zh_CN"
221.237.85.29 - - [07/Aug/2017:15:13:32 +0000] "GET /css/bootstrap.min.css HTTP/1.1" 200 19056 "http://qiankaihua.top/?nsukey=el3W7TB%2B9%2Fl3QHn8dM8BBZ%2FpAJRjAZYl3QCG%2B7Frar9ehgII%2FbrinsGjFDOK8JEqhDGvWrSipzHcQJswWQXtJeHHmesmdTybjvfr1KlKao5rb8Fn8aiVtCxisPaIqYg3qKqa4pxQVsmWfcOPLbBmrMSnaqkNf5XyZJt69T%2BmU9o%2Bk8bDvd0ruRjmYPLC6YWT" "Mozilla/5.0 (Linux; Android 7.0; MHA-AL00 Build/HUAWEIMHA-AL00; wv) AppleWebKit/537.36 (KHTML, like Gecko) Version/4.0 Chrome/53.0.2785.49 Mobile MQQBrowser/6.2 TBS/043409 Safari/537.36 MicroMessenger/6.5.10.1080 NetType/WIFI Language/zh_CN"
182.131.11.250 - - [07/Aug/2017:15:13:32 +0000] "GET /js/vendor/modernizr-2.8.3-respond-1.4.2.min.js HTTP/1.1" 200 8494 "http://qiankaihua.top/?nsukey=el3W7TB%2B9%2Fl3QHn8dM8BBZ%2FpAJRjAZYl3QCG%2B7Frar9ehgII%2FbrinsGjFDOK8JEqhDGvWrSipzHcQJswWQXtJeHHmesmdTybjvfr1KlKao5rb8Fn8aiVtCxisPaIqYg3qKqa4pxQVsmWfcOPLbBmrMSnaqkNf5XyZJt69T%2BmU9o%2Bk8bDvd0ruRjmYPLC6YWT" "Mozilla/5.0 (Linux; Android 7.0; MHA-AL00 Build/HUAWEIMHA-AL00; wv) AppleWebKit/537.36 (KHTML, like Gecko) Version/4.0 Chrome/53.0.2785.49 Mobile MQQBrowser/6.2 TBS/043409 Safari/537.36 MicroMessenger/6.5.10.1080 NetType/WIFI Language/zh_CN"
221.237.85.29 - - [07/Aug/2017:15:13:32 +0000] "GET /css/fontAwesome.css HTTP/1.1" 200 7826 "http://qiankaihua.top/?nsukey=el3W7TB%2B9%2Fl3QHn8dM8BBZ%2FpAJRjAZYl3QCG%2B7Frar9ehgII%2FbrinsGjFDOK8JEqhDGvWrSipzHcQJswWQXtJeHHmesmdTybjvfr1KlKao5rb8Fn8aiVtCxisPaIqYg3qKqa4pxQVsmWfcOPLbBmrMSnaqkNf5XyZJt69T%2BmU9o%2Bk8bDvd0ruRjmYPLC6YWT" "Mozilla/5.0 (Linux; Android 7.0; MHA-AL00 Build/HUAWEIMHA-AL00; wv) AppleWebKit/537.36 (KHTML, like Gecko) Version/4.0 Chrome/53.0.2785.49 Mobile MQQBrowser/6.2 TBS/043409 Safari/537.36 MicroMessenger/6.5.10.1080 NetType/WIFI Language/zh_CN"
221.237.85.29 - - [07/Aug/2017:15:13:32 +0000] "GET /css/templatemo-style.css HTTP/1.1" 200 3505 "http://qiankaihua.top/?nsukey=el3W7TB%2B9%2Fl3QHn8dM8BBZ%2FpAJRjAZYl3QCG%2B7Frar9ehgII%2FbrinsGjFDOK8JEqhDGvWrSipzHcQJswWQXtJeHHmesmdTybjvfr1KlKao5rb8Fn8aiVtCxisPaIqYg3qKqa4pxQVsmWfcOPLbBmrMSnaqkNf5XyZJt69T%2BmU9o%2Bk8bDvd0ruRjmYPLC6YWT" "Mozilla/5.0 (Linux; Android 7.0; MHA-AL00 Build/HUAWEIMHA-AL00; wv) AppleWebKit/537.36 (KHTML, like Gecko) Version/4.0 Chrome/53.0.2785.49 Mobile MQQBrowser/6.2 TBS/043409 Safari/537.36 MicroMessenger/6.5.10.1080 NetType/WIFI Language/zh_CN"
182.131.11.250 - - [07/Aug/2017:15:13:32 +0000] "GET /js/vendor/jquery-1.11.2.min.js HTTP/1.1" 200 33599 "http://qiankaihua.top/?nsukey=el3W7TB%2B9%2Fl3QHn8dM8BBZ%2FpAJRjAZYl3QCG%2B7Frar9ehgII%2FbrinsGjFDOK8JEqhDGvWrSipzHcQJswWQXtJeHHmesmdTybjvfr1KlKao5rb8Fn8aiVtCxisPaIqYg3qKqa4pxQVsmWfcOPLbBmrMSnaqkNf5XyZJt69T%2BmU9o%2Bk8bDvd0ruRjmYPLC6YWT" "Mozilla/5.0 (Linux; Android 7.0; MHA-AL00 Build/HUAWEIMHA-AL00; wv) AppleWebKit/537.36 (KHTML, like Gecko) Version/4.0 Chrome/53.0.2785.49 Mobile MQQBrowser/6.2 TBS/043409 Safari/537.36 MicroMessenger/6.5.10.1080 NetType/WIFI Language/zh_CN"
182.131.11.250 - - [07/Aug/2017:15:13:32 +0000] "GET /js/vendor/bootstrap.min.js HTTP/1.1" 200 9756 "http://qiankaihua.top/?nsukey=el3W7TB%2B9%2Fl3QHn8dM8BBZ%2FpAJRjAZYl3QCG%2B7Frar9ehgII%2FbrinsGjFDOK8JEqhDGvWrSipzHcQJswWQXtJeHHmesmdTybjvfr1KlKao5rb8Fn8aiVtCxisPaIqYg3qKqa4pxQVsmWfcOPLbBmrMSnaqkNf5XyZJt69T%2BmU9o%2Bk8bDvd0ruRjmYPLC6YWT" "Mozilla/5.0 (Linux; Android 7.0; MHA-AL00 Build/HUAWEIMHA-AL00; wv) AppleWebKit/537.36 (KHTML, like Gecko) Version/4.0 Chrome/53.0.2785.49 Mobile MQQBrowser/6.2 TBS/043409 Safari/537.36 MicroMessenger/6.5.10.1080 NetType/WIFI Language/zh_CN"
182.131.11.250 - - [07/Aug/2017:15:13:32 +0000] "GET /js/plugins.js HTTP/1.1" 200 693 "http://qiankaihua.top/?nsukey=el3W7TB%2B9%2Fl3QHn8dM8BBZ%2FpAJRjAZYl3QCG%2B7Frar9ehgII%2FbrinsGjFDOK8JEqhDGvWrSipzHcQJswWQXtJeHHmesmdTybjvfr1KlKao5rb8Fn8aiVtCxisPaIqYg3qKqa4pxQVsmWfcOPLbBmrMSnaqkNf5XyZJt69T%2BmU9o%2Bk8bDvd0ruRjmYPLC6YWT" "Mozilla/5.0 (Linux; Android 7.0; MHA-AL00 Build/HUAWEIMHA-AL00; wv) AppleWebKit/537.36 (KHTML, like Gecko) Version/4.0 Chrome/53.0.2785.49 Mobile MQQBrowser/6.2 TBS/043409 Safari/537.36 MicroMessenger/6.5.10.1080 NetType/WIFI Language/zh_CN"
221.237.85.29 - - [07/Aug/2017:15:13:32 +0000] "GET /img/home-icon.png HTTP/1.1" 200 1965 "http://qiankaihua.top/?nsukey=el3W7TB%2B9%2Fl3QHn8dM8BBZ%2FpAJRjAZYl3QCG%2B7Frar9ehgII%2FbrinsGjFDOK8JEqhDGvWrSipzHcQJswWQXtJeHHmesmdTybjvfr1KlKao5rb8Fn8aiVtCxisPaIqYg3qKqa4pxQVsmWfcOPLbBmrMSnaqkNf5XyZJt69T%2BmU9o%2Bk8bDvd0ruRjmYPLC6YWT" "Mozilla/5.0 (Linux; Android 7.0; MHA-AL00 Build/HUAWEIMHA-AL00; wv) AppleWebKit/537.36 (KHTML, like Gecko) Version/4.0 Chrome/53.0.2785.49 Mobile MQQBrowser/6.2 TBS/043409 Safari/537.36 MicroMessenger/6.5.10.1080 NetType/WIFI Language/zh_CN"
221.237.85.29 - - [07/Aug/2017:15:13:33 +0000] "GET /img/about-icon.png HTTP/1.1" 200 2197 "http://qiankaihua.top/?nsukey=el3W7TB%2B9%2Fl3QHn8dM8BBZ%2FpAJRjAZYl3QCG%2B7Frar9ehgII%2FbrinsGjFDOK8JEqhDGvWrSipzHcQJswWQXtJeHHmesmdTybjvfr1KlKao5rb8Fn8aiVtCxisPaIqYg3qKqa4pxQVsmWfcOPLbBmrMSnaqkNf5XyZJt69T%2BmU9o%2Bk8bDvd0ruRjmYPLC6YWT" "Mozilla/5.0 (Linux; Android 7.0; MHA-AL00 Build/HUAWEIMHA-AL00; wv) AppleWebKit/537.36 (KHTML, like Gecko) Version/4.0 Chrome/53.0.2785.49 Mobile MQQBrowser/6.2 TBS/043409 Safari/537.36 MicroMessenger/6.5.10.1080 NetType/WIFI Language/zh_CN"
221.237.85.29 - - [07/Aug/2017:15:13:33 +0000] "GET /img/featured-icon.png HTTP/1.1" 200 1817 "http://qiankaihua.top/?nsukey=el3W7TB%2B9%2Fl3QHn8dM8BBZ%2FpAJRjAZYl3QCG%2B7Frar9ehgII%2FbrinsGjFDOK8JEqhDGvWrSipzHcQJswWQXtJeHHmesmdTybjvfr1KlKao5rb8Fn8aiVtCxisPaIqYg3qKqa4pxQVsmWfcOPLbBmrMSnaqkNf5XyZJt69T%2BmU9o%2Bk8bDvd0ruRjmYPLC6YWT" "Mozilla/5.0 (Linux; Android 7.0; MHA-AL00 Build/HUAWEIMHA-AL00; wv) AppleWebKit/537.36 (KHTML, like Gecko) Version/4.0 Chrome/53.0.2785.49 Mobile MQQBrowser/6.2 TBS/043409 Safari/537.36 MicroMessenger/6.5.10.1080 NetType/WIFI Language/zh_CN"
221.237.85.29 - - [07/Aug/2017:15:13:33 +0000] "GET /img/projects-icon.png HTTP/1.1" 200 1745 "http://qiankaihua.top/?nsukey=el3W7TB%2B9%2Fl3QHn8dM8BBZ%2FpAJRjAZYl3QCG%2B7Frar9ehgII%2FbrinsGjFDOK8JEqhDGvWrSipzHcQJswWQXtJeHHmesmdTybjvfr1KlKao5rb8Fn8aiVtCxisPaIqYg3qKqa4pxQVsmWfcOPLbBmrMSnaqkNf5XyZJt69T%2BmU9o%2Bk8bDvd0ruRjmYPLC6YWT" "Mozilla/5.0 (Linux; Android 7.0; MHA-AL00 Build/HUAWEIMHA-AL00; wv) AppleWebKit/537.36 (KHTML, like Gecko) Version/4.0 Chrome/53.0.2785.49 Mobile MQQBrowser/6.2 TBS/043409 Safari/537.36 MicroMessenger/6.5.10.1080 NetType/WIFI Language/zh_CN"
101.226.33.216 - - [07/Aug/2017:15:13:33 +0000] "GET /js/vendor/modernizr-2.8.3-respond-1.4.2.min.js HTTP/1.1" 200 8531 "http://qiankaihua.top/?nsukey=el3W7TB%2B9%2Fl3QHn8dM8BBZ%2FpAJRjAZYl3QCG%2B7Frar9ehgII%2FbrinsGjFDOK8JEqhDGvWrSipzHcQJswWQXtJeHHmesmdTybjvfr1KlKao5rb8Fn8aiVtCxisPaIqYg3qKqa4pxQVsmWfcOPLbBmrMSnaqkNf5XyZJt69T%2BmU9o%2Bk8bDvd0ruRjmYPLC6YWT" "Mozilla/5.0 (iPhone; CPU iPhone OS 10_2_1 like Mac OS X) AppleWebKit/602.4.6 (KHTML, like Gecko) Mobile/14D27 MicroMessenger/6.5.5 NetType/WIFI Language/zh_CN"
221.237.85.29 - - [07/Aug/2017:15:13:33 +0000] "GET /img/contact-icon.png HTTP/1.1" 200 1859 "http://qiankaihua.top/?nsukey=el3W7TB%2B9%2Fl3QHn8dM8BBZ%2FpAJRjAZYl3QCG%2B7Frar9ehgII%2FbrinsGjFDOK8JEqhDGvWrSipzHcQJswWQXtJeHHmesmdTybjvfr1KlKao5rb8Fn8aiVtCxisPaIqYg3qKqa4pxQVsmWfcOPLbBmrMSnaqkNf5XyZJt69T%2BmU9o%2Bk8bDvd0ruRjmYPLC6YWT" "Mozilla/5.0 (Linux; Android 7.0; MHA-AL00 Build/HUAWEIMHA-AL00; wv) AppleWebKit/537.36 (KHTML, like Gecko) Version/4.0 Chrome/53.0.2785.49 Mobile MQQBrowser/6.2 TBS/043409 Safari/537.36 MicroMessenger/6.5.10.1080 NetType/WIFI Language/zh_CN"
221.237.85.29 - - [07/Aug/2017:15:13:33 +0000] "GET /img/project-item-01.jpg HTTP/1.1" 200 17243 "http://qiankaihua.top/?nsukey=el3W7TB%2B9%2Fl3QHn8dM8BBZ%2FpAJRjAZYl3QCG%2B7Frar9ehgII%2FbrinsGjFDOK8JEqhDGvWrSipzHcQJswWQXtJeHHmesmdTybjvfr1KlKao5rb8Fn8aiVtCxisPaIqYg3qKqa4pxQVsmWfcOPLbBmrMSnaqkNf5XyZJt69T%2BmU9o%2Bk8bDvd0ruRjmYPLC6YWT" "Mozilla/5.0 (Linux; Android 7.0; MHA-AL00 Build/HUAWEIMHA-AL00; wv) AppleWebKit/537.36 (KHTML, like Gecko) Version/4.0 Chrome/53.0.2785.49 Mobile MQQBrowser/6.2 TBS/043409 Safari/537.36 MicroMessenger/6.5.10.1080 NetType/WIFI Language/zh_CN"
221.237.85.29 - - [07/Aug/2017:15:13:33 +0000] "GET /img/project-item-02.jpg HTTP/1.1" 200 27090 "http://qiankaihua.top/?nsukey=el3W7TB%2B9%2Fl3QHn8dM8BBZ%2FpAJRjAZYl3QCG%2B7Frar9ehgII%2FbrinsGjFDOK8JEqhDGvWrSipzHcQJswWQXtJeHHmesmdTybjvfr1KlKao5rb8Fn8aiVtCxisPaIqYg3qKqa4pxQVsmWfcOPLbBmrMSnaqkNf5XyZJt69T%2BmU9o%2Bk8bDvd0ruRjmYPLC6YWT" "Mozilla/5.0 (Linux; Android 7.0; MHA-AL00 Build/HUAWEIMHA-AL00; wv) AppleWebKit/537.36 (KHTML, like Gecko) Version/4.0 Chrome/53.0.2785.49 Mobile MQQBrowser/6.2 TBS/043409 Safari/537.36 MicroMessenger/6.5.10.1080 NetType/WIFI Language/zh_CN"
221.237.85.29 - - [07/Aug/2017:15:13:33 +0000] "GET /img/project-item-05.jpg HTTP/1.1" 200 20967 "http://qiankaihua.top/?nsukey=el3W7TB%2B9%2Fl3QHn8dM8BBZ%2FpAJRjAZYl3QCG%2B7Frar9ehgII%2FbrinsGjFDOK8JEqhDGvWrSipzHcQJswWQXtJeHHmesmdTybjvfr1KlKao5rb8Fn8aiVtCxisPaIqYg3qKqa4pxQVsmWfcOPLbBmrMSnaqkNf5XyZJt69T%2BmU9o%2Bk8bDvd0ruRjmYPLC6YWT" "Mozilla/5.0 (Linux; Android 7.0; MHA-AL00 Build/HUAWEIMHA-AL00; wv) AppleWebKit/537.36 (KHTML, like Gecko) Version/4.0 Chrome/53.0.2785.49 Mobile MQQBrowser/6.2 TBS/043409 Safari/537.36 MicroMessenger/6.5.10.1080 NetType/WIFI Language/zh_CN"
221.237.85.29 - - [07/Aug/2017:15:13:33 +0000] "GET /img/project-item-04.jpg HTTP/1.1" 200 19780 "http://qiankaihua.top/?nsukey=el3W7TB%2B9%2Fl3QHn8dM8BBZ%2FpAJRjAZYl3QCG%2B7Frar9ehgII%2FbrinsGjFDOK8JEqhDGvWrSipzHcQJswWQXtJeHHmesmdTybjvfr1KlKao5rb8Fn8aiVtCxisPaIqYg3qKqa4pxQVsmWfcOPLbBmrMSnaqkNf5XyZJt69T%2BmU9o%2Bk8bDvd0ruRjmYPLC6YWT" "Mozilla/5.0 (Linux; Android 7.0; MHA-AL00 Build/HUAWEIMHA-AL00; wv) AppleWebKit/537.36 (KHTML, like Gecko) Version/4.0 Chrome/53.0.2785.49 Mobile MQQBrowser/6.2 TBS/043409 Safari/537.36 MicroMessenger/6.5.10.1080 NetType/WIFI Language/zh_CN"
221.237.85.29 - - [07/Aug/2017:15:13:33 +0000] "GET /img/left-about-image.jpg HTTP/1.1" 200 48113 "http://qiankaihua.top/?nsukey=el3W7TB%2B9%2Fl3QHn8dM8BBZ%2FpAJRjAZYl3QCG%2B7Frar9ehgII%2FbrinsGjFDOK8JEqhDGvWrSipzHcQJswWQXtJeHHmesmdTybjvfr1KlKao5rb8Fn8aiVtCxisPaIqYg3qKqa4pxQVsmWfcOPLbBmrMSnaqkNf5XyZJt69T%2BmU9o%2Bk8bDvd0ruRjmYPLC6YWT" "Mozilla/5.0 (Linux; Android 7.0; MHA-AL00 Build/HUAWEIMHA-AL00; wv) AppleWebKit/537.36 (KHTML, like Gecko) Version/4.0 Chrome/53.0.2785.49 Mobile MQQBrowser/6.2 TBS/043409 Safari/537.36 MicroMessenger/6.5.10.1080 NetType/WIFI Language/zh_CN"
182.131.11.250 - - [07/Aug/2017:15:13:33 +0000] "GET /js/mymain.js HTTP/1.1" 200 6618 "http://qiankaihua.top/?nsukey=el3W7TB%2B9%2Fl3QHn8dM8BBZ%2FpAJRjAZYl3QCG%2B7Frar9ehgII%2FbrinsGjFDOK8JEqhDGvWrSipzHcQJswWQXtJeHHmesmdTybjvfr1KlKao5rb8Fn8aiVtCxisPaIqYg3qKqa4pxQVsmWfcOPLbBmrMSnaqkNf5XyZJt69T%2BmU9o%2Bk8bDvd0ruRjmYPLC6YWT" "Mozilla/5.0 (Linux; Android 7.0; MHA-AL00 Build/HUAWEIMHA-AL00; wv) AppleWebKit/537.36 (KHTML, like Gecko) Version/4.0 Chrome/53.0.2785.49 Mobile MQQBrowser/6.2 TBS/043409 Safari/537.36 MicroMessenger/6.5.10.1080 NetType/WIFI Language/zh_CN"
221.237.85.29 - - [07/Aug/2017:15:13:34 +0000] "GET /img/project-item-03.jpg HTTP/1.1" 200 21008 "http://qiankaihua.top/?nsukey=el3W7TB%2B9%2Fl3QHn8dM8BBZ%2FpAJRjAZYl3QCG%2B7Frar9ehgII%2FbrinsGjFDOK8JEqhDGvWrSipzHcQJswWQXtJeHHmesmdTybjvfr1KlKao5rb8Fn8aiVtCxisPaIqYg3qKqa4pxQVsmWfcOPLbBmrMSnaqkNf5XyZJt69T%2BmU9o%2Bk8bDvd0ruRjmYPLC6YWT" "Mozilla/5.0 (Linux; Android 7.0; MHA-AL00 Build/HUAWEIMHA-AL00; wv) AppleWebKit/537.36 (KHTML, like Gecko) Version/4.0 Chrome/53.0.2785.49 Mobile MQQBrowser/6.2 TBS/043409 Safari/537.36 MicroMessenger/6.5.10.1080 NetType/WIFI Language/zh_CN"
221.237.85.29 - - [07/Aug/2017:15:13:34 +0000] "GET /img/project-item-06.jpg HTTP/1.1" 200 19800 "http://qiankaihua.top/?nsukey=el3W7TB%2B9%2Fl3QHn8dM8BBZ%2FpAJRjAZYl3QCG%2B7Frar9ehgII%2FbrinsGjFDOK8JEqhDGvWrSipzHcQJswWQXtJeHHmesmdTybjvfr1KlKao5rb8Fn8aiVtCxisPaIqYg3qKqa4pxQVsmWfcOPLbBmrMSnaqkNf5XyZJt69T%2BmU9o%2Bk8bDvd0ruRjmYPLC6YWT" "Mozilla/5.0 (Linux; Android 7.0; MHA-AL00 Build/HUAWEIMHA-AL00; wv) AppleWebKit/537.36 (KHTML, like Gecko) Version/4.0 Chrome/53.0.2785.49 Mobile MQQBrowser/6.2 TBS/043409 Safari/537.36 MicroMessenger/6.5.10.1080 NetType/WIFI Language/zh_CN"
221.237.85.29 - - [07/Aug/2017:15:13:34 +0000] "GET /img/right-about-image.jpg HTTP/1.1" 200 40466 "http://qiankaihua.top/?nsukey=el3W7TB%2B9%2Fl3QHn8dM8BBZ%2FpAJRjAZYl3QCG%2B7Frar9ehgII%2FbrinsGjFDOK8JEqhDGvWrSipzHcQJswWQXtJeHHmesmdTybjvfr1KlKao5rb8Fn8aiVtCxisPaIqYg3qKqa4pxQVsmWfcOPLbBmrMSnaqkNf5XyZJt69T%2BmU9o%2Bk8bDvd0ruRjmYPLC6YWT" "Mozilla/5.0 (Linux; Android 7.0; MHA-AL00 Build/HUAWEIMHA-AL00; wv) AppleWebKit/537.36 (KHTML, like Gecko) Version/4.0 Chrome/53.0.2785.49 Mobile MQQBrowser/6.2 TBS/043409 Safari/537.36 MicroMessenger/6.5.10.1080 NetType/WIFI Language/zh_CN"
221.237.85.29 - - [07/Aug/2017:15:13:34 +0000] "GET /img/project-item-07.jpg HTTP/1.1" 200 26605 "http://qiankaihua.top/?nsukey=el3W7TB%2B9%2Fl3QHn8dM8BBZ%2FpAJRjAZYl3QCG%2B7Frar9ehgII%2FbrinsGjFDOK8JEqhDGvWrSipzHcQJswWQXtJeHHmesmdTybjvfr1KlKao5rb8Fn8aiVtCxisPaIqYg3qKqa4pxQVsmWfcOPLbBmrMSnaqkNf5XyZJt69T%2BmU9o%2Bk8bDvd0ruRjmYPLC6YWT" "Mozilla/5.0 (Linux; Android 7.0; MHA-AL00 Build/HUAWEIMHA-AL00; wv) AppleWebKit/537.36 (KHTML, like Gecko) Version/4.0 Chrome/53.0.2785.49 Mobile MQQBrowser/6.2 TBS/043409 Safari/537.36 MicroMessenger/6.5.10.1080 NetType/WIFI Language/zh_CN"
101.226.33.201 - - [07/Aug/2017:15:13:35 +0000] "GET /js/vendor/bootstrap.min.js HTTP/1.1" 200 9793 "http://qiankaihua.top/" "Mozilla/5.0 (Linux; Android 4.4.4; HUAWEI ALE-CL00 Build/HuaweiALE-CL00; wv) AppleWebKit/537.36 (KHTML, like Gecko) Version/4.0 Chrome/53.0.2785.49 Mobile MQQBrowser/6.2 TBS/043024 Safari/537.36 MicroMessenger/6.5.4.1000 NetType/4G Language/zh_CN"
221.237.85.29 - - [07/Aug/2017:15:13:33 +0000] "GET /fonts/fontawesome-webfont.woff2?v=4.7.0 HTTP/1.1" 200 77423 "http://qiankaihua.top/css/fontAwesome.css" "Mozilla/5.0 (Linux; Android 7.0; MHA-AL00 Build/HUAWEIMHA-AL00; wv) AppleWebKit/537.36 (KHTML, like Gecko) Version/4.0 Chrome/53.0.2785.49 Mobile MQQBrowser/6.2 TBS/043409 Safari/537.36 MicroMessenger/6.5.10.1080 NetType/WIFI Language/zh_CN"
221.237.85.29 - - [07/Aug/2017:15:13:35 +0000] "GET /img/project-item-08.jpg HTTP/1.1" 200 20049 "http://qiankaihua.top/?nsukey=el3W7TB%2B9%2Fl3QHn8dM8BBZ%2FpAJRjAZYl3QCG%2B7Frar9ehgII%2FbrinsGjFDOK8JEqhDGvWrSipzHcQJswWQXtJeHHmesmdTybjvfr1KlKao5rb8Fn8aiVtCxisPaIqYg3qKqa4pxQVsmWfcOPLbBmrMSnaqkNf5XyZJt69T%2BmU9o%2Bk8bDvd0ruRjmYPLC6YWT" "Mozilla/5.0 (Linux; Android 7.0; MHA-AL00 Build/HUAWEIMHA-AL00; wv) AppleWebKit/537.36 (KHTML, like Gecko) Version/4.0 Chrome/53.0.2785.49 Mobile MQQBrowser/6.2 TBS/043409 Safari/537.36 MicroMessenger/6.5.10.1080 NetType/WIFI Language/zh_CN"
221.237.85.29 - - [07/Aug/2017:15:13:36 +0000] "GET /img/close.png HTTP/1.1" 200 564 "http://qiankaihua.top/css/templatemo-style.css" "Mozilla/5.0 (Linux; Android 7.0; MHA-AL00 Build/HUAWEIMHA-AL00; wv) AppleWebKit/537.36 (KHTML, like Gecko) Version/4.0 Chrome/53.0.2785.49 Mobile MQQBrowser/6.2 TBS/043409 Safari/537.36 MicroMessenger/6.5.10.1080 NetType/WIFI Language/zh_CN"
221.237.85.29 - - [07/Aug/2017:15:13:36 +0000] "GET /img/loading.gif HTTP/1.1" 200 8762 "http://qiankaihua.top/css/templatemo-style.css" "Mozilla/5.0 (Linux; Android 7.0; MHA-AL00 Build/HUAWEIMHA-AL00; wv) AppleWebKit/537.36 (KHTML, like Gecko) Version/4.0 Chrome/53.0.2785.49 Mobile MQQBrowser/6.2 TBS/043409 Safari/537.36 MicroMessenger/6.5.10.1080 NetType/WIFI Language/zh_CN"
221.237.85.29 - - [07/Aug/2017:15:13:36 +0000] "GET /img/prev.png HTTP/1.1" 200 1645 "http://qiankaihua.top/css/templatemo-style.css" "Mozilla/5.0 (Linux; Android 7.0; MHA-AL00 Build/HUAWEIMHA-AL00; wv) AppleWebKit/537.36 (KHTML, like Gecko) Version/4.0 Chrome/53.0.2785.49 Mobile MQQBrowser/6.2 TBS/043409 Safari/537.36 MicroMessenger/6.5.10.1080 NetType/WIFI Language/zh_CN"
221.237.85.29 - - [07/Aug/2017:15:13:36 +0000] "GET /img/next.png HTTP/1.1" 200 1635 "http://qiankaihua.top/css/templatemo-style.css" "Mozilla/5.0 (Linux; Android 7.0; MHA-AL00 Build/HUAWEIMHA-AL00; wv) AppleWebKit/537.36 (KHTML, like Gecko) Version/4.0 Chrome/53.0.2785.49 Mobile MQQBrowser/6.2 TBS/043409 Safari/537.36 MicroMessenger/6.5.10.1080 NetType/WIFI Language/zh_CN"
221.237.85.29 - - [07/Aug/2017:15:13:33 +0000] "GET /img/left-feature-image.png HTTP/1.1" 200 219724 "http://qiankaihua.top/?nsukey=el3W7TB%2B9%2Fl3QHn8dM8BBZ%2FpAJRjAZYl3QCG%2B7Frar9ehgII%2FbrinsGjFDOK8JEqhDGvWrSipzHcQJswWQXtJeHHmesmdTybjvfr1KlKao5rb8Fn8aiVtCxisPaIqYg3qKqa4pxQVsmWfcOPLbBmrMSnaqkNf5XyZJt69T%2BmU9o%2Bk8bDvd0ruRjmYPLC6YWT" "Mozilla/5.0 (Linux; Android 7.0; MHA-AL00 Build/HUAWEIMHA-AL00; wv) AppleWebKit/537.36 (KHTML, like Gecko) Version/4.0 Chrome/53.0.2785.49 Mobile MQQBrowser/6.2 TBS/043409 Safari/537.36 MicroMessenger/6.5.10.1080 NetType/WIFI Language/zh_CN"
180.163.2.88 - - [07/Aug/2017:15:13:38 +0000] "GET /?nsukey=el3W7TB%2B9%2Fl3QHn8dM8BBZ%2FpAJRjAZYl3QCG%2B7Frar9ehgII%2FbrinsGjFDOK8JEqhDGvWrSipzHcQJswWQXtJeHHmesmdTybjvfr1KlKao5rb8Fn8aiVtCxisPaIqYg3qKqa4pxQVsmWfcOPLbBmrMSnaqkNf5XyZJt69T%2BmU9o%2Bk8bDvd0ruRjmYPLC6YWT HTTP/1.1" 200 3423 "-" "Mozilla/5.0 (Linux; Android 4.4.4; HUAWEI ALE-CL00 Build/HuaweiALE-CL00; wv) AppleWebKit/537.36 (KHTML, like Gecko) Version/4.0 Chrome/53.0.2785.49 Mobile MQQBrowser/6.2 TBS/043024 Safari/537.36 MicroMessenger/6.5.4.1000 NetType/4G Language/zh_CN"
