115.199.243.168 - - [07/Aug/2017:15:34:01 +0000] "GET /?nsukey=UooAI01zCsxLZsZSIh%2BGmxZhUsMGeQVoM5%2FejeVpJAgqQ3EsTdv4qmvTncRHU3W2Uoj19o7IbfvDUxul2kFogAMSaO9Od2qtkM5huosZxIeCldF0Dh3ZYEmzQDz2fesHL%2BHyOT51%2BugO8TinXKwgTK72RT9D1tYx5T7ehfmBMxEOseI5hcr%2BaORTOnSsaLWz HTTP/1.1" 200 3323 "-" "Mozilla/5.0 (iPhone; CPU iPhone OS 10_3_2 like Mac OS X) AppleWebKit/603.2.4 (KHTML, like Gecko) Version/10.0 Mobile/14F89 Safari/602.1"
115.199.243.168 - - [07/Aug/2017:15:34:02 +0000] "GET /img/close.png HTTP/1.1" 200 565 "http://qiankaihua.top/?nsukey=UooAI01zCsxLZsZSIh%2BGmxZhUsMGeQVoM5%2FejeVpJAgqQ3EsTdv4qmvTncRHU3W2Uoj19o7IbfvDUxul2kFogAMSaO9Od2qtkM5huosZxIeCldF0Dh3ZYEmzQDz2fesHL%2BHyOT51%2BugO8TinXKwgTK72RT9D1tYx5T7ehfmBMxEOseI5hcr%2BaORTOnSsaLWz" "Mozilla/5.0 (iPhone; CPU iPhone OS 10_3_2 like Mac OS X) AppleWebKit/603.2.4 (KHTML, like Gecko) Version/10.0 Mobile/14F89 Safari/602.1"
115.199.243.168 - - [07/Aug/2017:15:34:02 +0000] "GET /img/loading.gif HTTP/1.1" 200 8763 "http://qiankaihua.top/?nsukey=UooAI01zCsxLZsZSIh%2BGmxZhUsMGeQVoM5%2FejeVpJAgqQ3EsTdv4qmvTncRHU3W2Uoj19o7IbfvDUxul2kFogAMSaO9Od2qtkM5huosZxIeCldF0Dh3ZYEmzQDz2fesHL%2BHyOT51%2BugO8TinXKwgTK72RT9D1tYx5T7ehfmBMxEOseI5hcr%2BaORTOnSsaLWz" "Mozilla/5.0 (iPhone; CPU iPhone OS 10_3_2 like Mac OS X) AppleWebKit/603.2.4 (KHTML, like Gecko) Version/10.0 Mobile/14F89 Safari/602.1"
115.199.243.168 - - [07/Aug/2017:15:34:02 +0000] "GET /img/next.png HTTP/1.1" 200 1635 "http://qiankaihua.top/?nsukey=UooAI01zCsxLZsZSIh%2BGmxZhUsMGeQVoM5%2FejeVpJAgqQ3EsTdv4qmvTncRHU3W2Uoj19o7IbfvDUxul2kFogAMSaO9Od2qtkM5huosZxIeCldF0Dh3ZYEmzQDz2fesHL%2BHyOT51%2BugO8TinXKwgTK72RT9D1tYx5T7ehfmBMxEOseI5hcr%2BaORTOnSsaLWz" "Mozilla/5.0 (iPhone; CPU iPhone OS 10_3_2 like Mac OS X) AppleWebKit/603.2.4 (KHTML, like Gecko) Version/10.0 Mobile/14F89 Safari/602.1"
115.199.243.168 - - [07/Aug/2017:15:34:03 +0000] "GET /img/prev.png HTTP/1.1" 200 1646 "http://qiankaihua.top/?nsukey=UooAI01zCsxLZsZSIh%2BGmxZhUsMGeQVoM5%2FejeVpJAgqQ3EsTdv4qmvTncRHU3W2Uoj19o7IbfvDUxul2kFogAMSaO9Od2qtkM5huosZxIeCldF0Dh3ZYEmzQDz2fesHL%2BHyOT51%2BugO8TinXKwgTK72RT9D1tYx5T7ehfmBMxEOseI5hcr%2BaORTOnSsaLWz" "Mozilla/5.0 (iPhone; CPU iPhone OS 10_3_2 like Mac OS X) AppleWebKit/603.2.4 (KHTML, like Gecko) Version/10.0 Mobile/14F89 Safari/602.1"
183.61.38.55 - - [07/Aug/2017:15:34:04 +0000] "-" 408 0 "-" "-"
182.131.11.250 - - [07/Aug/2017:15:34:05 +0000] "-" 408 0 "-" "-"
::1 - - [07/Aug/2017:15:34:08 +0000] "OPTIONS * HTTP/1.0" 200 126 "-" "Apache/2.4.18 (Ubuntu) (internal dummy connection)"
::1 - - [07/Aug/2017:15:34:09 +0000] "OPTIONS * HTTP/1.0" 200 126 "-" "Apache/2.4.18 (Ubuntu) (internal dummy connection)"
117.144.246.77 - - [07/Aug/2017:15:34:12 +0000] "-" 408 0 "-" "-"
::1 - - [07/Aug/2017:15:34:13 +0000] "OPTIONS * HTTP/1.0" 200 126 "-" "Apache/2.4.18 (Ubuntu) (internal dummy connection)"
101.226.102.89 - - [07/Aug/2017:15:34:15 +0000] "-" 408 0 "-" "-"
::1 - - [07/Aug/2017:15:34:16 +0000] "OPTIONS * HTTP/1.0" 200 126 "-" "Apache/2.4.18 (Ubuntu) (internal dummy connection)"
117.185.24.135 - - [07/Aug/2017:15:34:16 +0000] "-" 408 0 "-" "-"
::1 - - [07/Aug/2017:15:34:17 +0000] "OPTIONS * HTTP/1.0" 200 126 "-" "Apache/2.4.18 (Ubuntu) (internal dummy connection)"
221.237.85.29 - - [07/Aug/2017:15:34:53 +0000] "GET /blog/1 HTTP/1.1" 200 1800 "http://qiankaihua.top/" "Mozilla/5.0 (X11; Linux x86_64) AppleWebKit/537.36 (KHTML, like Gecko) Chrome/59.0.3071.115 Safari/537.36"
221.237.85.29 - - [07/Aug/2017:15:34:53 +0000] "GET /css/all.css HTTP/1.1" 200 11214 "http://qiankaihua.top/blog/1" "Mozilla/5.0 (X11; Linux x86_64) AppleWebKit/537.36 (KHTML, like Gecko) Chrome/59.0.3071.115 Safari/537.36"
221.237.85.29 - - [07/Aug/2017:15:34:53 +0000] "GET /js/all.js HTTP/1.1" 200 1226 "http://qiankaihua.top/blog/1" "Mozilla/5.0 (X11; Linux x86_64) AppleWebKit/537.36 (KHTML, like Gecko) Chrome/59.0.3071.115 Safari/537.36"
115.199.243.168 - - [07/Aug/2017:15:34:54 +0000] "GET /?nsukey=UooAI01zCsxLZsZSIh%2BGmxZhUsMGeQVoM5%2FejeVpJAgqQ3EsTdv4qmvTncRHU3W2Uoj19o7IbfvDUxul2kFogAMSaO9Od2qtkM5huosZxIeCldF0Dh3ZYEmzQDz2fesHL%2BHyOT51%2BugO8TinXKwgTK72RT9D1tYx5T7ehfmBMxEOseI5hcr%2BaORTOnSsaLWz HTTP/1.1" 200 3323 "-" "Mozilla/5.0 (iPhone; CPU iPhone OS 10_3_2 like Mac OS X) AppleWebKit/603.2.4 (KHTML, like Gecko) Version/10.0 Mobile/14F89 Safari/602.1"
115.199.243.168 - - [07/Aug/2017:15:34:55 +0000] "GET /css/bootstrap.min.css HTTP/1.1" 200 19056 "http://qiankaihua.top/?nsukey=UooAI01zCsxLZsZSIh%2BGmxZhUsMGeQVoM5%2FejeVpJAgqQ3EsTdv4qmvTncRHU3W2Uoj19o7IbfvDUxul2kFogAMSaO9Od2qtkM5huosZxIeCldF0Dh3ZYEmzQDz2fesHL%2BHyOT51%2BugO8TinXKwgTK72RT9D1tYx5T7ehfmBMxEOseI5hcr%2BaORTOnSsaLWz" "Mozilla/5.0 (iPhone; CPU iPhone OS 10_3_2 like Mac OS X) AppleWebKit/603.2.4 (KHTML, like Gecko) Version/10.0 Mobile/14F89 Safari/602.1"
115.199.243.168 - - [07/Aug/2017:15:34:55 +0000] "GET /css/bootstrap-theme.min.css HTTP/1.1" 200 2688 "http://qiankaihua.top/?nsukey=UooAI01zCsxLZsZSIh%2BGmxZhUsMGeQVoM5%2FejeVpJAgqQ3EsTdv4qmvTncRHU3W2Uoj19o7IbfvDUxul2kFogAMSaO9Od2qtkM5huosZxIeCldF0Dh3ZYEmzQDz2fesHL%2BHyOT51%2BugO8TinXKwgTK72RT9D1tYx5T7ehfmBMxEOseI5hcr%2BaORTOnSsaLWz" "Mozilla/5.0 (iPhone; CPU iPhone OS 10_3_2 like Mac OS X) AppleWebKit/603.2.4 (KHTML, like Gecko) Version/10.0 Mobile/14F89 Safari/602.1"
115.199.243.168 - - [07/Aug/2017:15:34:56 +0000] "GET /js/vendor/modernizr-2.8.3-respond-1.4.2.min.js HTTP/1.1" 200 8530 "http://qiankaihua.top/?nsukey=UooAI01zCsxLZsZSIh%2BGmxZhUsMGeQVoM5%2FejeVpJAgqQ3EsTdv4qmvTncRHU3W2Uoj19o7IbfvDUxul2kFogAMSaO9Od2qtkM5huosZxIeCldF0Dh3ZYEmzQDz2fesHL%2BHyOT51%2BugO8TinXKwgTK72RT9D1tYx5T7ehfmBMxEOseI5hcr%2BaORTOnSsaLWz" "Mozilla/5.0 (iPhone; CPU iPhone OS 10_3_2 like Mac OS X) AppleWebKit/603.2.4 (KHTML, like Gecko) Version/10.0 Mobile/14F89 Safari/602.1"
115.199.243.168 - - [07/Aug/2017:15:34:56 +0000] "GET /js/vendor/jquery-1.11.2.min.js HTTP/1.1" 200 33635 "http://qiankaihua.top/?nsukey=UooAI01zCsxLZsZSIh%2BGmxZhUsMGeQVoM5%2FejeVpJAgqQ3EsTdv4qmvTncRHU3W2Uoj19o7IbfvDUxul2kFogAMSaO9Od2qtkM5huosZxIeCldF0Dh3ZYEmzQDz2fesHL%2BHyOT51%2BugO8TinXKwgTK72RT9D1tYx5T7ehfmBMxEOseI5hcr%2BaORTOnSsaLWz" "Mozilla/5.0 (iPhone; CPU iPhone OS 10_3_2 like Mac OS X) AppleWebKit/603.2.4 (KHTML, like Gecko) Version/10.0 Mobile/14F89 Safari/602.1"
115.199.243.168 - - [07/Aug/2017:15:34:56 +0000] "GET /js/vendor/bootstrap.min.js HTTP/1.1" 200 9792 "http://qiankaihua.top/?nsukey=UooAI01zCsxLZsZSIh%2BGmxZhUsMGeQVoM5%2FejeVpJAgqQ3EsTdv4qmvTncRHU3W2Uoj19o7IbfvDUxul2kFogAMSaO9Od2qtkM5huosZxIeCldF0Dh3ZYEmzQDz2fesHL%2BHyOT51%2BugO8TinXKwgTK72RT9D1tYx5T7ehfmBMxEOseI5hcr%2BaORTOnSsaLWz" "Mozilla/5.0 (iPhone; CPU iPhone OS 10_3_2 like Mac OS X) AppleWebKit/603.2.4 (KHTML, like Gecko) Version/10.0 Mobile/14F89 Safari/602.1"
115.199.243.168 - - [07/Aug/2017:15:34:56 +0000] "GET /js/plugins.js HTTP/1.1" 200 729 "http://qiankaihua.top/?nsukey=UooAI01zCsxLZsZSIh%2BGmxZhUsMGeQVoM5%2FejeVpJAgqQ3EsTdv4qmvTncRHU3W2Uoj19o7IbfvDUxul2kFogAMSaO9Od2qtkM5huosZxIeCldF0Dh3ZYEmzQDz2fesHL%2BHyOT51%2BugO8TinXKwgTK72RT9D1tYx5T7ehfmBMxEOseI5hcr%2BaORTOnSsaLWz" "Mozilla/5.0 (iPhone; CPU iPhone OS 10_3_2 like Mac OS X) AppleWebKit/603.2.4 (KHTML, like Gecko) Version/10.0 Mobile/14F89 Safari/602.1"
115.199.243.168 - - [07/Aug/2017:15:34:56 +0000] "GET /css/templatemo-style.css HTTP/1.1" 200 3505 "http://qiankaihua.top/?nsukey=UooAI01zCsxLZsZSIh%2BGmxZhUsMGeQVoM5%2FejeVpJAgqQ3EsTdv4qmvTncRHU3W2Uoj19o7IbfvDUxul2kFogAMSaO9Od2qtkM5huosZxIeCldF0Dh3ZYEmzQDz2fesHL%2BHyOT51%2BugO8TinXKwgTK72RT9D1tYx5T7ehfmBMxEOseI5hcr%2BaORTOnSsaLWz" "Mozilla/5.0 (iPhone; CPU iPhone OS 10_3_2 like Mac OS X) AppleWebKit/603.2.4 (KHTML, like Gecko) Version/10.0 Mobile/14F89 Safari/602.1"
115.199.243.168 - - [07/Aug/2017:15:34:56 +0000] "GET /css/fontAwesome.css HTTP/1.1" 200 7826 "http://qiankaihua.top/?nsukey=UooAI01zCsxLZsZSIh%2BGmxZhUsMGeQVoM5%2FejeVpJAgqQ3EsTdv4qmvTncRHU3W2Uoj19o7IbfvDUxul2kFogAMSaO9Od2qtkM5huosZxIeCldF0Dh3ZYEmzQDz2fesHL%2BHyOT51%2BugO8TinXKwgTK72RT9D1tYx5T7ehfmBMxEOseI5hcr%2BaORTOnSsaLWz" "Mozilla/5.0 (iPhone; CPU iPhone OS 10_3_2 like Mac OS X) AppleWebKit/603.2.4 (KHTML, like Gecko) Version/10.0 Mobile/14F89 Safari/602.1"
115.199.243.168 - - [07/Aug/2017:15:34:57 +0000] "GET /js/mymain.js HTTP/1.1" 200 6654 "http://qiankaihua.top/?nsukey=UooAI01zCsxLZsZSIh%2BGmxZhUsMGeQVoM5%2FejeVpJAgqQ3EsTdv4qmvTncRHU3W2Uoj19o7IbfvDUxul2kFogAMSaO9Od2qtkM5huosZxIeCldF0Dh3ZYEmzQDz2fesHL%2BHyOT51%2BugO8TinXKwgTK72RT9D1tYx5T7ehfmBMxEOseI5hcr%2BaORTOnSsaLWz" "Mozilla/5.0 (iPhone; CPU iPhone OS 10_3_2 like Mac OS X) AppleWebKit/603.2.4 (KHTML, like Gecko) Version/10.0 Mobile/14F89 Safari/602.1"
115.199.243.168 - - [07/Aug/2017:15:34:57 +0000] "GET /img/home-icon.png HTTP/1.1" 200 1965 "http://qiankaihua.top/?nsukey=UooAI01zCsxLZsZSIh%2BGmxZhUsMGeQVoM5%2FejeVpJAgqQ3EsTdv4qmvTncRHU3W2Uoj19o7IbfvDUxul2kFogAMSaO9Od2qtkM5huosZxIeCldF0Dh3ZYEmzQDz2fesHL%2BHyOT51%2BugO8TinXKwgTK72RT9D1tYx5T7ehfmBMxEOseI5hcr%2BaORTOnSsaLWz" "Mozilla/5.0 (iPhone; CPU iPhone OS 10_3_2 like Mac OS X) AppleWebKit/603.2.4 (KHTML, like Gecko) Version/10.0 Mobile/14F89 Safari/602.1"
115.199.243.168 - - [07/Aug/2017:15:34:57 +0000] "GET /img/about-icon.png HTTP/1.1" 200 2197 "http://qiankaihua.top/?nsukey=UooAI01zCsxLZsZSIh%2BGmxZhUsMGeQVoM5%2FejeVpJAgqQ3EsTdv4qmvTncRHU3W2Uoj19o7IbfvDUxul2kFogAMSaO9Od2qtkM5huosZxIeCldF0Dh3ZYEmzQDz2fesHL%2BHyOT51%2BugO8TinXKwgTK72RT9D1tYx5T7ehfmBMxEOseI5hcr%2BaORTOnSsaLWz" "Mozilla/5.0 (iPhone; CPU iPhone OS 10_3_2 like Mac OS X) AppleWebKit/603.2.4 (KHTML, like Gecko) Version/10.0 Mobile/14F89 Safari/602.1"
115.199.243.168 - - [07/Aug/2017:15:34:57 +0000] "GET /img/featured-icon.png HTTP/1.1" 200 1817 "http://qiankaihua.top/?nsukey=UooAI01zCsxLZsZSIh%2BGmxZhUsMGeQVoM5%2FejeVpJAgqQ3EsTdv4qmvTncRHU3W2Uoj19o7IbfvDUxul2kFogAMSaO9Od2qtkM5huosZxIeCldF0Dh3ZYEmzQDz2fesHL%2BHyOT51%2BugO8TinXKwgTK72RT9D1tYx5T7ehfmBMxEOseI5hcr%2BaORTOnSsaLWz" "Mozilla/5.0 (iPhone; CPU iPhone OS 10_3_2 like Mac OS X) AppleWebKit/603.2.4 (KHTML, like Gecko) Version/10.0 Mobile/14F89 Safari/602.1"
115.199.243.168 - - [07/Aug/2017:15:34:57 +0000] "GET /img/projects-icon.png HTTP/1.1" 200 1745 "http://qiankaihua.top/?nsukey=UooAI01zCsxLZsZSIh%2BGmxZhUsMGeQVoM5%2FejeVpJAgqQ3EsTdv4qmvTncRHU3W2Uoj19o7IbfvDUxul2kFogAMSaO9Od2qtkM5huosZxIeCldF0Dh3ZYEmzQDz2fesHL%2BHyOT51%2BugO8TinXKwgTK72RT9D1tYx5T7ehfmBMxEOseI5hcr%2BaORTOnSsaLWz" "Mozilla/5.0 (iPhone; CPU iPhone OS 10_3_2 like Mac OS X) AppleWebKit/603.2.4 (KHTML, like Gecko) Version/10.0 Mobile/14F89 Safari/602.1"
115.199.243.168 - - [07/Aug/2017:15:34:57 +0000] "GET /img/contact-icon.png HTTP/1.1" 200 1859 "http://qiankaihua.top/?nsukey=UooAI01zCsxLZsZSIh%2BGmxZhUsMGeQVoM5%2FejeVpJAgqQ3EsTdv4qmvTncRHU3W2Uoj19o7IbfvDUxul2kFogAMSaO9Od2qtkM5huosZxIeCldF0Dh3ZYEmzQDz2fesHL%2BHyOT51%2BugO8TinXKwgTK72RT9D1tYx5T7ehfmBMxEOseI5hcr%2BaORTOnSsaLWz" "Mozilla/5.0 (iPhone; CPU iPhone OS 10_3_2 like Mac OS X) AppleWebKit/603.2.4 (KHTML, like Gecko) Version/10.0 Mobile/14F89 Safari/602.1"
115.199.243.168 - - [07/Aug/2017:15:34:58 +0000] "GET /img/left-about-image.jpg HTTP/1.1" 200 48112 "http://qiankaihua.top/?nsukey=UooAI01zCsxLZsZSIh%2BGmxZhUsMGeQVoM5%2FejeVpJAgqQ3EsTdv4qmvTncRHU3W2Uoj19o7IbfvDUxul2kFogAMSaO9Od2qtkM5huosZxIeCldF0Dh3ZYEmzQDz2fesHL%2BHyOT51%2BugO8TinXKwgTK72RT9D1tYx5T7ehfmBMxEOseI5hcr%2BaORTOnSsaLWz" "Mozilla/5.0 (iPhone; CPU iPhone OS 10_3_2 like Mac OS X) AppleWebKit/603.2.4 (KHTML, like Gecko) Version/10.0 Mobile/14F89 Safari/602.1"
115.199.243.168 - - [07/Aug/2017:15:34:58 +0000] "GET /img/right-about-image.jpg HTTP/1.1" 200 40466 "http://qiankaihua.top/?nsukey=UooAI01zCsxLZsZSIh%2BGmxZhUsMGeQVoM5%2FejeVpJAgqQ3EsTdv4qmvTncRHU3W2Uoj19o7IbfvDUxul2kFogAMSaO9Od2qtkM5huosZxIeCldF0Dh3ZYEmzQDz2fesHL%2BHyOT51%2BugO8TinXKwgTK72RT9D1tYx5T7ehfmBMxEOseI5hcr%2BaORTOnSsaLWz" "Mozilla/5.0 (iPhone; CPU iPhone OS 10_3_2 like Mac OS X) AppleWebKit/603.2.4 (KHTML, like Gecko) Version/10.0 Mobile/14F89 Safari/602.1"
115.199.243.168 - - [07/Aug/2017:15:34:57 +0000] "GET /fonts/fontawesome-webfont.woff2?v=4.7.0 HTTP/1.1" 200 77423 "http://qiankaihua.top/?nsukey=UooAI01zCsxLZsZSIh%2BGmxZhUsMGeQVoM5%2FejeVpJAgqQ3EsTdv4qmvTncRHU3W2Uoj19o7IbfvDUxul2kFogAMSaO9Od2qtkM5huosZxIeCldF0Dh3ZYEmzQDz2fesHL%2BHyOT51%2BugO8TinXKwgTK72RT9D1tYx5T7ehfmBMxEOseI5hcr%2BaORTOnSsaLWz" "Mozilla/5.0 (iPhone; CPU iPhone OS 10_3_2 like Mac OS X) AppleWebKit/603.2.4 (KHTML, like Gecko) Version/10.0 Mobile/14F89 Safari/602.1"
115.199.243.168 - - [07/Aug/2017:15:34:59 +0000] "GET /img/project-item-01.jpg HTTP/1.1" 200 17243 "http://qiankaihua.top/?nsukey=UooAI01zCsxLZsZSIh%2BGmxZhUsMGeQVoM5%2FejeVpJAgqQ3EsTdv4qmvTncRHU3W2Uoj19o7IbfvDUxul2kFogAMSaO9Od2qtkM5huosZxIeCldF0Dh3ZYEmzQDz2fesHL%2BHyOT51%2BugO8TinXKwgTK72RT9D1tYx5T7ehfmBMxEOseI5hcr%2BaORTOnSsaLWz" "Mozilla/5.0 (iPhone; CPU iPhone OS 10_3_2 like Mac OS X) AppleWebKit/603.2.4 (KHTML, like Gecko) Version/10.0 Mobile/14F89 Safari/602.1"
115.199.243.168 - - [07/Aug/2017:15:35:00 +0000] "GET /img/project-item-02.jpg HTTP/1.1" 200 27090 "http://qiankaihua.top/?nsukey=UooAI01zCsxLZsZSIh%2BGmxZhUsMGeQVoM5%2FejeVpJAgqQ3EsTdv4qmvTncRHU3W2Uoj19o7IbfvDUxul2kFogAMSaO9Od2qtkM5huosZxIeCldF0Dh3ZYEmzQDz2fesHL%2BHyOT51%2BugO8TinXKwgTK72RT9D1tYx5T7ehfmBMxEOseI5hcr%2BaORTOnSsaLWz" "Mozilla/5.0 (iPhone; CPU iPhone OS 10_3_2 like Mac OS X) AppleWebKit/603.2.4 (KHTML, like Gecko) Version/10.0 Mobile/14F89 Safari/602.1"
115.199.243.168 - - [07/Aug/2017:15:35:01 +0000] "GET /img/project-item-03.jpg HTTP/1.1" 200 21008 "http://qiankaihua.top/?nsukey=UooAI01zCsxLZsZSIh%2BGmxZhUsMGeQVoM5%2FejeVpJAgqQ3EsTdv4qmvTncRHU3W2Uoj19o7IbfvDUxul2kFogAMSaO9Od2qtkM5huosZxIeCldF0Dh3ZYEmzQDz2fesHL%2BHyOT51%2BugO8TinXKwgTK72RT9D1tYx5T7ehfmBMxEOseI5hcr%2BaORTOnSsaLWz" "Mozilla/5.0 (iPhone; CPU iPhone OS 10_3_2 like Mac OS X) AppleWebKit/603.2.4 (KHTML, like Gecko) Version/10.0 Mobile/14F89 Safari/602.1"
115.199.243.168 - - [07/Aug/2017:15:35:02 +0000] "GET /img/project-item-04.jpg HTTP/1.1" 200 19779 "http://qiankaihua.top/?nsukey=UooAI01zCsxLZsZSIh%2BGmxZhUsMGeQVoM5%2FejeVpJAgqQ3EsTdv4qmvTncRHU3W2Uoj19o7IbfvDUxul2kFogAMSaO9Od2qtkM5huosZxIeCldF0Dh3ZYEmzQDz2fesHL%2BHyOT51%2BugO8TinXKwgTK72RT9D1tYx5T7ehfmBMxEOseI5hcr%2BaORTOnSsaLWz" "Mozilla/5.0 (iPhone; CPU iPhone OS 10_3_2 like Mac OS X) AppleWebKit/603.2.4 (KHTML, like Gecko) Version/10.0 Mobile/14F89 Safari/602.1"
221.237.85.29 - - [07/Aug/2017:15:35:02 +0000] "GET /blog/bloglist HTTP/1.1" 200 1455 "http://qiankaihua.top/" "Mozilla/5.0 (X11; Linux x86_64) AppleWebKit/537.36 (KHTML, like Gecko) Chrome/59.0.3071.115 Safari/537.36"
115.199.243.168 - - [07/Aug/2017:15:35:03 +0000] "GET /img/project-item-05.jpg HTTP/1.1" 200 20967 "http://qiankaihua.top/?nsukey=UooAI01zCsxLZsZSIh%2BGmxZhUsMGeQVoM5%2FejeVpJAgqQ3EsTdv4qmvTncRHU3W2Uoj19o7IbfvDUxul2kFogAMSaO9Od2qtkM5huosZxIeCldF0Dh3ZYEmzQDz2fesHL%2BHyOT51%2BugO8TinXKwgTK72RT9D1tYx5T7ehfmBMxEOseI5hcr%2BaORTOnSsaLWz" "Mozilla/5.0 (iPhone; CPU iPhone OS 10_3_2 like Mac OS X) AppleWebKit/603.2.4 (KHTML, like Gecko) Version/10.0 Mobile/14F89 Safari/602.1"
115.199.243.168 - - [07/Aug/2017:15:35:04 +0000] "GET /img/project-item-06.jpg HTTP/1.1" 200 19800 "http://qiankaihua.top/?nsukey=UooAI01zCsxLZsZSIh%2BGmxZhUsMGeQVoM5%2FejeVpJAgqQ3EsTdv4qmvTncRHU3W2Uoj19o7IbfvDUxul2kFogAMSaO9Od2qtkM5huosZxIeCldF0Dh3ZYEmzQDz2fesHL%2BHyOT51%2BugO8TinXKwgTK72RT9D1tYx5T7ehfmBMxEOseI5hcr%2BaORTOnSsaLWz" "Mozilla/5.0 (iPhone; CPU iPhone OS 10_3_2 like Mac OS X) AppleWebKit/603.2.4 (KHTML, like Gecko) Version/10.0 Mobile/14F89 Safari/602.1"
115.199.243.168 - - [07/Aug/2017:15:35:04 +0000] "GET /img/project-item-07.jpg HTTP/1.1" 200 26605 "http://qiankaihua.top/?nsukey=UooAI01zCsxLZsZSIh%2BGmxZhUsMGeQVoM5%2FejeVpJAgqQ3EsTdv4qmvTncRHU3W2Uoj19o7IbfvDUxul2kFogAMSaO9Od2qtkM5huosZxIeCldF0Dh3ZYEmzQDz2fesHL%2BHyOT51%2BugO8TinXKwgTK72RT9D1tYx5T7ehfmBMxEOseI5hcr%2BaORTOnSsaLWz" "Mozilla/5.0 (iPhone; CPU iPhone OS 10_3_2 like Mac OS X) AppleWebKit/603.2.4 (KHTML, like Gecko) Version/10.0 Mobile/14F89 Safari/602.1"
221.237.85.29 - - [07/Aug/2017:15:35:04 +0000] "GET /blog/bloglist HTTP/1.1" 200 1453 "http://qiankaihua.top/" "Mozilla/5.0 (X11; Linux x86_64) AppleWebKit/537.36 (KHTML, like Gecko) Chrome/59.0.3071.115 Safari/537.36"
115.199.243.168 - - [07/Aug/2017:15:35:05 +0000] "GET /img/project-item-08.jpg HTTP/1.1" 200 20049 "http://qiankaihua.top/?nsukey=UooAI01zCsxLZsZSIh%2BGmxZhUsMGeQVoM5%2FejeVpJAgqQ3EsTdv4qmvTncRHU3W2Uoj19o7IbfvDUxul2kFogAMSaO9Od2qtkM5huosZxIeCldF0Dh3ZYEmzQDz2fesHL%2BHyOT51%2BugO8TinXKwgTK72RT9D1tYx5T7ehfmBMxEOseI5hcr%2BaORTOnSsaLWz" "Mozilla/5.0 (iPhone; CPU iPhone OS 10_3_2 like Mac OS X) AppleWebKit/603.2.4 (KHTML, like Gecko) Version/10.0 Mobile/14F89 Safari/602.1"
115.199.243.168 - - [07/Aug/2017:15:35:05 +0000] "GET /img/close.png HTTP/1.1" 200 564 "http://qiankaihua.top/?nsukey=UooAI01zCsxLZsZSIh%2BGmxZhUsMGeQVoM5%2FejeVpJAgqQ3EsTdv4qmvTncRHU3W2Uoj19o7IbfvDUxul2kFogAMSaO9Od2qtkM5huosZxIeCldF0Dh3ZYEmzQDz2fesHL%2BHyOT51%2BugO8TinXKwgTK72RT9D1tYx5T7ehfmBMxEOseI5hcr%2BaORTOnSsaLWz" "Mozilla/5.0 (iPhone; CPU iPhone OS 10_3_2 like Mac OS X) AppleWebKit/603.2.4 (KHTML, like Gecko) Version/10.0 Mobile/14F89 Safari/602.1"
115.199.243.168 - - [07/Aug/2017:15:35:05 +0000] "GET /img/loading.gif HTTP/1.1" 200 8762 "http://qiankaihua.top/?nsukey=UooAI01zCsxLZsZSIh%2BGmxZhUsMGeQVoM5%2FejeVpJAgqQ3EsTdv4qmvTncRHU3W2Uoj19o7IbfvDUxul2kFogAMSaO9Od2qtkM5huosZxIeCldF0Dh3ZYEmzQDz2fesHL%2BHyOT51%2BugO8TinXKwgTK72RT9D1tYx5T7ehfmBMxEOseI5hcr%2BaORTOnSsaLWz" "Mozilla/5.0 (iPhone; CPU iPhone OS 10_3_2 like Mac OS X) AppleWebKit/603.2.4 (KHTML, like Gecko) Version/10.0 Mobile/14F89 Safari/602.1"
115.199.243.168 - - [07/Aug/2017:15:35:06 +0000] "GET /img/prev.png HTTP/1.1" 200 1645 "http://qiankaihua.top/?nsukey=UooAI01zCsxLZsZSIh%2BGmxZhUsMGeQVoM5%2FejeVpJAgqQ3EsTdv4qmvTncRHU3W2Uoj19o7IbfvDUxul2kFogAMSaO9Od2qtkM5huosZxIeCldF0Dh3ZYEmzQDz2fesHL%2BHyOT51%2BugO8TinXKwgTK72RT9D1tYx5T7ehfmBMxEOseI5hcr%2BaORTOnSsaLWz" "Mozilla/5.0 (iPhone; CPU iPhone OS 10_3_2 like Mac OS X) AppleWebKit/603.2.4 (KHTML, like Gecko) Version/10.0 Mobile/14F89 Safari/602.1"
115.199.243.168 - - [07/Aug/2017:15:35:06 +0000] "GET /img/next.png HTTP/1.1" 200 1635 "http://qiankaihua.top/?nsukey=UooAI01zCsxLZsZSIh%2BGmxZhUsMGeQVoM5%2FejeVpJAgqQ3EsTdv4qmvTncRHU3W2Uoj19o7IbfvDUxul2kFogAMSaO9Od2qtkM5huosZxIeCldF0Dh3ZYEmzQDz2fesHL%2BHyOT51%2BugO8TinXKwgTK72RT9D1tYx5T7ehfmBMxEOseI5hcr%2BaORTOnSsaLWz" "Mozilla/5.0 (iPhone; CPU iPhone OS 10_3_2 like Mac OS X) AppleWebKit/603.2.4 (KHTML, like Gecko) Version/10.0 Mobile/14F89 Safari/602.1"
117.185.27.99 - - [07/Aug/2017:15:35:07 +0000] "-" 408 0 "-" "-"
221.237.85.29 - - [07/Aug/2017:15:35:07 +0000] "GET /blog/1 HTTP/1.1" 200 1799 "http://qiankaihua.top/blog/bloglist" "Mozilla/5.0 (X11; Linux x86_64) AppleWebKit/537.36 (KHTML, like Gecko) Chrome/59.0.3071.115 Safari/537.36"
101.226.125.117 - - [07/Aug/2017:15:35:08 +0000] "-" 408 0 "-" "-"
::1 - - [07/Aug/2017:15:35:12 +0000] "OPTIONS * HTTP/1.0" 200 126 "-" "Apache/2.4.18 (Ubuntu) (internal dummy connection)"
::1 - - [07/Aug/2017:15:35:15 +0000] "OPTIONS * HTTP/1.0" 200 126 "-" "Apache/2.4.18 (Ubuntu) (internal dummy connection)"
115.199.243.168 - - [07/Aug/2017:15:34:58 +0000] "GET /img/left-feature-image.png HTTP/1.1" 200 497902 "http://qiankaihua.top/?nsukey=UooAI01zCsxLZsZSIh%2BGmxZhUsMGeQVoM5%2FejeVpJAgqQ3EsTdv4qmvTncRHU3W2Uoj19o7IbfvDUxul2kFogAMSaO9Od2qtkM5huosZxIeCldF0Dh3ZYEmzQDz2fesHL%2BHyOT51%2BugO8TinXKwgTK72RT9D1tYx5T7ehfmBMxEOseI5hcr%2BaORTOnSsaLWz" "Mozilla/5.0 (iPhone; CPU iPhone OS 10_3_2 like Mac OS X) AppleWebKit/603.2.4 (KHTML, like Gecko) Version/10.0 Mobile/14F89 Safari/602.1"
::1 - - [07/Aug/2017:15:35:24 +0000] "OPTIONS * HTTP/1.0" 200 126 "-" "Apache/2.4.18 (Ubuntu) (internal dummy connection)"
115.199.243.168 - - [07/Aug/2017:15:35:32 +0000] "GET /apple-touch-icon.png HTTP/1.1" 404 776 "-" "MobileSafari/602.1 CFNetwork/811.5.4 Darwin/16.6.0"
115.199.243.168 - - [07/Aug/2017:15:35:32 +0000] "GET /apple-touch-icon-120x120-precomposed.png HTTP/1.1" 404 776 "-" "MobileSafari/602.1 CFNetwork/811.5.4 Darwin/16.6.0"
115.199.243.168 - - [07/Aug/2017:15:35:33 +0000] "GET /apple-touch-icon-120x120.png HTTP/1.1" 404 776 "-" "MobileSafari/602.1 CFNetwork/811.5.4 Darwin/16.6.0"
115.199.243.168 - - [07/Aug/2017:15:35:33 +0000] "GET /apple-touch-icon.png HTTP/1.1" 404 776 "-" "MobileSafari/602.1 CFNetwork/811.5.4 Darwin/16.6.0"
115.199.243.168 - - [07/Aug/2017:15:35:36 +0000] "GET /apple-touch-icon.png HTTP/1.1" 404 776 "-" "MobileSafari/602.1 CFNetwork/811.5.4 Darwin/16.6.0"
115.199.243.168 - - [07/Aug/2017:15:35:37 +0000] "GET /apple-touch-icon.png HTTP/1.1" 404 776 "-" "WeChatShareExtensionNew/6.5.12.32 CFNetwork/811.5.4 Darwin/16.6.0"
221.237.85.29 - - [07/Aug/2017:15:36:02 +0000] "GET /blog/bloglist HTTP/1.1" 200 1455 "http://qiankaihua.top/" "Mozilla/5.0 (Linux; Android 7.0; MHA-AL00 Build/HUAWEIMHA-AL00) AppleWebKit/537.36 (KHTML, like Gecko) Version/4.0 Mobile Safari/537.36"
221.237.85.29 - - [07/Aug/2017:15:36:03 +0000] "GET /js/all.js HTTP/1.1" 200 1225 "http://qiankaihua.top/blog/bloglist" "Mozilla/5.0 (Linux; Android 7.0; MHA-AL00 Build/HUAWEIMHA-AL00) AppleWebKit/537.36 (KHTML, like Gecko) Version/4.0 Mobile Safari/537.36"
221.237.85.29 - - [07/Aug/2017:15:36:03 +0000] "POST /phpmyadmin/index.php HTTP/1.1" 200 2450 "http://qiankaihua.top/phpmyadmin/sql.php?server=1&db=mysite&table=blog&pos=0&token=671697e673ba82b92f9896df4a63619d" "Mozilla/5.0 (X11; Linux x86_64) AppleWebKit/537.36 (KHTML, like Gecko) Chrome/59.0.3071.115 Safari/537.36"
101.226.33.204 - - [07/Aug/2017:15:37:30 +0000] "GET /blog/1?nsukey=AWRRechMda2w0SywxnbMMwsfivPHgD49rfN%2Bszyn6f5kn8dt9T7jhzeaXGk0B1k40cqR9VodGxe7oxST7GKCP8BwJ5MfiNfrRlDeJ06aOdUCUP9w5Ml7GQXwGQby%2BUvYCVdqG3VOHY5tl7rtagqvwmpZ2vCS4tyd3qxiJ8%2BJSMcPwIzllLAcpVXrkaDefN3u HTTP/1.1" 200 1800 "-" "Mozilla/5.0 (iPhone; CPU iPhone OS 10_2_1 like Mac OS X) AppleWebKit/602.4.6 (KHTML, like Gecko) Mobile/14D27 MicroMessenger/6.5.5 NetType/WIFI Language/en"
101.226.33.204 - - [07/Aug/2017:15:37:41 +0000] "GET /js/all.js HTTP/1.1" 200 1226 "http://qiankaihua.top/blog/1?nsukey=AWRRechMda2w0SywxnbMMwsfivPHgD49rfN%2Bszyn6f5kn8dt9T7jhzeaXGk0B1k40cqR9VodGxe7oxST7GKCP8BwJ5MfiNfrRlDeJ06aOdUCUP9w5Ml7GQXwGQby%2BUvYCVdqG3VOHY5tl7rtagqvwmpZ2vCS4tyd3qxiJ8%2BJSMcPwIzllLAcpVXrkaDefN3u" "Mozilla/5.0 (iPhone; CPU iPhone OS 10_2_1 like Mac OS X) AppleWebKit/602.4.6 (KHTML, like Gecko) Mobile/14D27 MicroMessenger/6.5.5 NetType/WIFI Language/zh_CN"
101.226.33.204 - - [07/Aug/2017:15:37:53 +0000] "GET /js/vendor/modernizr-2.8.3-respond-1.4.2.min.js HTTP/1.1" 200 8531 "http://qiankaihua.top/blog/1?nsukey=AWRRechMda2w0SywxnbMMwsfivPHgD49rfN%2Bszyn6f5kn8dt9T7jhzeaXGk0B1k40cqR9VodGxe7oxST7GKCP8BwJ5MfiNfrRlDeJ06aOdUCUP9w5Ml7GQXwGQby%2BUvYCVdqG3VOHY5tl7rtagqvwmpZ2vCS4tyd3qxiJ8%2BJSMcPwIzllLAcpVXrkaDefN3u" "Mozilla/5.0 (Windows NT 6.1; WOW64) AppleWebKit/537.36 (KHTML, like Gecko) Chrome/39.0.2171.95 Safari/537.36 MicroMessenger/6.5.2.501 NetType/WIFI WindowsWechat QBCore/3.43.27.400 QQBrowser/9.0.2524.400"
118.123.16.122 - - [07/Aug/2017:15:38:36 +0000] "GET /db.sql.zip HTTP/1.1" 404 776 "http://qiankaihua.top" "-"
101.226.85.67 - - [07/Aug/2017:15:38:38 +0000] "GET /?nsukey=%2BjFYpk%2BEdk%2BcqHBT1qg3e%2FLG38PUgRMeRc2rXKvMYylgtBCU0vOJOA8NphQ%2BSaHXPWK32z6WJCdANYLylTVQMREKVWvcqoUIAE4uDc9ZcKAueUD9HB7umLQLJve9H5f3pOVdoz%2FGvmC6Ef70EmFVVv9x96o%2Bzs%2BOsZz8P%2F6sHgV%2F7t1ZqacQpGwocW1lULiS&from=singlemessage&isappinstalled=0 HTTP/1.1" 200 3323 "-" "Mozilla/5.0 (iPhone; CPU iPhone OS 10_2_1 like Mac OS X) AppleWebKit/602.4.6 (KHTML, like Gecko) Mobile/14D27 MicroMessenger/6.5.5 NetType/WIFI Language/zh_CN"
101.226.85.67 - - [07/Aug/2017:15:38:38 +0000] "GET /js/vendor/modernizr-2.8.3-respond-1.4.2.min.js HTTP/1.1" 200 8530 "http://qiankaihua.top/?nsukey=%2BjFYpk%2BEdk%2BcqHBT1qg3e%2FLG38PUgRMeRc2rXKvMYylgtBCU0vOJOA8NphQ%2BSaHXPWK32z6WJCdANYLylTVQMREKVWvcqoUIAE4uDc9ZcKAueUD9HB7umLQLJve9H5f3pOVdoz%2FGvmC6Ef70EmFVVv9x96o%2Bzs%2BOsZz8P%2F6sHgV%2F7t1ZqacQpGwocW1lULiS&from=singlemessage&isappinstalled=0" "Mozilla/5.0 (Linux; Android 4.4.4; Coolpad Y82-520 Build/KTU84P) AppleWebKit/537.36 (KHTML, like Gecko) Version/4.0 Chrome/33.0.0.0 Mobile Safari/537.36 MicroMessenger/6.5.4.1000 NetType/4G Language/zh_CN"
101.226.85.67 - - [07/Aug/2017:15:38:38 +0000] "GET /js/vendor/jquery-1.11.2.min.js HTTP/1.1" 200 33635 "http://qiankaihua.top/?nsukey=%2BjFYpk%2BEdk%2BcqHBT1qg3e%2FLG38PUgRMeRc2rXKvMYylgtBCU0vOJOA8NphQ%2BSaHXPWK32z6WJCdANYLylTVQMREKVWvcqoUIAE4uDc9ZcKAueUD9HB7umLQLJve9H5f3pOVdoz%2FGvmC6Ef70EmFVVv9x96o%2Bzs%2BOsZz8P%2F6sHgV%2F7t1ZqacQpGwocW1lULiS&from=singlemessage&isappinstalled=0" "Mozilla/5.0 (iPhone; CPU iPhone OS 10_2_1 like Mac OS X) AppleWebKit/602.4.6 (KHTML, like Gecko) Mobile/14D27 MicroMessenger/6.5.5 NetType/WIFI Language/zh_CN"
117.185.27.144 - - [07/Aug/2017:15:38:38 +0000] "GET /?nsukey=%2BjFYpk%2BEdk%2BcqHBT1qg3e%2FLG38PUgRMeRc2rXKvMYylgtBCU0vOJOA8NphQ%2BSaHXPWK32z6WJCdANYLylTVQMREKVWvcqoUIAE4uDc9ZcKAueUD9HB7umLQLJve9H5f3pOVdoz%2FGvmC6Ef70EmFVVv9x96o%2Bzs%2BOsZz8P%2F6sHgV%2F7t1ZqacQpGwocW1lULiS&from=singlemessage&isappinstalled=0 HTTP/1.1" 200 3388 "-" "Mozilla/5.0 (Windows; U; Windows NT 5.1; en-US) AppleWebKit/534.13 (KHTML, like Gecko) Chrome/9.0.597.107 Safari/534.13"
101.226.85.67 - - [07/Aug/2017:15:38:39 +0000] "GET /js/vendor/bootstrap.min.js HTTP/1.1" 200 9792 "http://qiankaihua.top/?nsukey=%2BjFYpk%2BEdk%2BcqHBT1qg3e%2FLG38PUgRMeRc2rXKvMYylgtBCU0vOJOA8NphQ%2BSaHXPWK32z6WJCdANYLylTVQMREKVWvcqoUIAE4uDc9ZcKAueUD9HB7umLQLJve9H5f3pOVdoz%2FGvmC6Ef70EmFVVv9x96o%2Bzs%2BOsZz8P%2F6sHgV%2F7t1ZqacQpGwocW1lULiS&from=singlemessage&isappinstalled=0" "Mozilla/5.0 (iPhone; CPU iPhone OS 10_2_1 like Mac OS X) AppleWebKit/602.4.6 (KHTML, like Gecko) Mobile/14D27 MicroMessenger/6.5.5 NetType/WIFI Language/zh_CN"
101.226.85.67 - - [07/Aug/2017:15:38:39 +0000] "GET /js/plugins.js HTTP/1.1" 200 729 "http://qiankaihua.top/?nsukey=%2BjFYpk%2BEdk%2BcqHBT1qg3e%2FLG38PUgRMeRc2rXKvMYylgtBCU0vOJOA8NphQ%2BSaHXPWK32z6WJCdANYLylTVQMREKVWvcqoUIAE4uDc9ZcKAueUD9HB7umLQLJve9H5f3pOVdoz%2FGvmC6Ef70EmFVVv9x96o%2Bzs%2BOsZz8P%2F6sHgV%2F7t1ZqacQpGwocW1lULiS&from=singlemessage&isappinstalled=0" "Mozilla/5.0 (Windows NT 6.1; WOW64) AppleWebKit/537.36 (KHTML, like Gecko) Chrome/39.0.2171.95 Safari/537.36 MicroMessenger/6.5.2.501 NetType/WIFI WindowsWechat QBCore/3.43.27.400 QQBrowser/9.0.2524.400"
101.226.85.67 - - [07/Aug/2017:15:38:40 +0000] "GET /js/mymain.js HTTP/1.1" 200 6654 "http://qiankaihua.top/?nsukey=%2BjFYpk%2BEdk%2BcqHBT1qg3e%2FLG38PUgRMeRc2rXKvMYylgtBCU0vOJOA8NphQ%2BSaHXPWK32z6WJCdANYLylTVQMREKVWvcqoUIAE4uDc9ZcKAueUD9HB7umLQLJve9H5f3pOVdoz%2FGvmC6Ef70EmFVVv9x96o%2Bzs%2BOsZz8P%2F6sHgV%2F7t1ZqacQpGwocW1lULiS&from=singlemessage&isappinstalled=0" "Mozilla/5.0 (Windows NT 6.1; WOW64) AppleWebKit/537.36 (KHTML, like Gecko) Chrome/39.0.2171.95 Safari/537.36 MicroMessenger/6.5.2.501 NetType/WIFI WindowsWechat QBCore/3.43.27.400 QQBrowser/9.0.2524.400"
101.226.125.109 - - [07/Aug/2017:15:38:40 +0000] "GET /?nsukey=%2BjFYpk%2BEdk%2BcqHBT1qg3e%2FLG38PUgRMeRc2rXKvMYylgtBCU0vOJOA8NphQ%2BSaHXPWK32z6WJCdANYLylTVQMREKVWvcqoUIAE4uDc9ZcKAueUD9HB7umLQLJve9H5f3pOVdoz%2FGvmC6Ef70EmFVVv9x96o%2Bzs%2BOsZz8P%2F6sHgV%2F7t1ZqacQpGwocW1lULiS&from=singlemessage&isappinstalled=0 HTTP/1.1" 200 3388 "-" "Mozilla/5.0 (Windows NT 6.1; WOW64) AppleWebKit/537.36 (KHTML, like Gecko) Chrome/46.0.2490.80 Safari/537.36"
115.199.243.168 - - [07/Aug/2017:15:38:55 +0000] "GET /?nsukey=UooAI01zCsxLZsZSIh%2BGmxZhUsMGeQVoM5%2FejeVpJAgqQ3EsTdv4qmvTncRHU3W2Uoj19o7IbfvDUxul2kFogAMSaO9Od2qtkM5huosZxIeCldF0Dh3ZYEmzQDz2fesHL%2BHyOT51%2BugO8TinXKwgTK72RT9D1tYx5T7ehfmBMxEOseI5hcr%2BaORTOnSsaLWz&from=singlemessage&isappinstalled=0 HTTP/1.1" 200 3325 "-" "Mozilla/5.0 (iPhone; CPU iPhone OS 10_3_2 like Mac OS X) AppleWebKit/603.2.4 (KHTML, like Gecko) Mobile/14F89 MicroMessenger/6.5.12 NetType/WIFI Language/zh_CN"
221.237.85.29 - - [07/Aug/2017:15:39:43 +0000] "POST /phpmyadmin/index.php HTTP/1.1" 200 2456 "http://qiankaihua.top/phpmyadmin/sql.php?server=1&db=mysite&table=blog&pos=0&token=671697e673ba82b92f9896df4a63619d" "Mozilla/5.0 (X11; Linux x86_64) AppleWebKit/537.36 (KHTML, like Gecko) Chrome/59.0.3071.115 Safari/537.36"
221.237.85.29 - - [07/Aug/2017:15:39:46 +0000] "POST /phpmyadmin/index.php HTTP/1.1" 200 2449 "http://qiankaihua.top/phpmyadmin/sql.php?server=1&db=mysite&table=blog&pos=0&token=671697e673ba82b92f9896df4a63619d" "Mozilla/5.0 (X11; Linux x86_64) AppleWebKit/537.36 (KHTML, like Gecko) Chrome/59.0.3071.115 Safari/537.36"
221.237.85.29 - - [07/Aug/2017:15:39:49 +0000] "POST /phpmyadmin/index.php HTTP/1.1" 200 676 "http://qiankaihua.top/phpmyadmin/sql.php?server=1&db=mysite&table=blog&pos=0&token=671697e673ba82b92f9896df4a63619d" "Mozilla/5.0 (X11; Linux x86_64) AppleWebKit/537.36 (KHTML, like Gecko) Chrome/59.0.3071.115 Safari/537.36"
221.237.85.29 - - [07/Aug/2017:15:39:49 +0000] "GET /phpmyadmin/sql.php?server=1&db=mysite&table=blog&pos=0&token=671697e673ba82b92f9896df4a63619d HTTP/1.1" 200 4358 "http://qiankaihua.top/phpmyadmin/sql.php?server=1&db=mysite&table=blog&pos=0&token=671697e673ba82b92f9896df4a63619d" "Mozilla/5.0 (X11; Linux x86_64) AppleWebKit/537.36 (KHTML, like Gecko) Chrome/59.0.3071.115 Safari/537.36"
221.237.85.29 - - [07/Aug/2017:15:39:49 +0000] "POST /phpmyadmin/sql.php?server=1&db=mysite&table=blog&pos=0&token=671697e673ba82b92f9896df4a63619d HTTP/1.1" 200 4358 "http://qiankaihua.top/phpmyadmin/sql.php?server=1&db=mysite&table=blog&pos=0&token=671697e673ba82b92f9896df4a63619d" "Mozilla/5.0 (X11; Linux x86_64) AppleWebKit/537.36 (KHTML, like Gecko) Chrome/59.0.3071.115 Safari/537.36"
115.199.243.168 - - [07/Aug/2017:15:39:54 +0000] "GET /img/left-about-image.jpg HTTP/1.1" 200 48113 "-" "WeChat/6.5.12.32 CFNetwork/811.5.4 Darwin/16.6.0"
115.199.243.168 - - [07/Aug/2017:15:39:58 +0000] "GET /blog/1 HTTP/1.1" 200 1802 "http://qiankaihua.top/?nsukey=UooAI01zCsxLZsZSIh%2BGmxZhUsMGeQVoM5%2FejeVpJAgqQ3EsTdv4qmvTncRHU3W2Uoj19o7IbfvDUxul2kFogAMSaO9Od2qtkM5huosZxIeCldF0Dh3ZYEmzQDz2fesHL%2BHyOT51%2BugO8TinXKwgTK72RT9D1tYx5T7ehfmBMxEOseI5hcr%2BaORTOnSsaLWz&from=singlemessage&isappinstalled=0" "Mozilla/5.0 (iPhone; CPU iPhone OS 10_3_2 like Mac OS X) AppleWebKit/603.2.4 (KHTML, like Gecko) Mobile/14F89 MicroMessenger/6.5.12 NetType/WIFI Language/zh_CN"
101.226.125.119 - - [07/Aug/2017:15:40:01 +0000] "GET /blog/1?nsukey=fryhEPipV3khKbuK8cbGwCYX543K7Yjc0HfX4ahU8JOKM8GWAk4UYv7Ja9ngppm7K0gCEJ7TA%2FJY9pA77WDlj23pEPFSsf%2FjkMFFQJUaQ9L7E79wtGmYzrLhuGVfKFK6oZl26iMG8FPk2Hu%2FNFuJtp9IKP5ScfoaJ1IVT4ETskVf%2B%2Bf0yhbiCyJgygAf9zey HTTP/1.1" 200 1765 "-" "Mozilla/5.0 (Windows; U; Windows NT 5.1; en-US) AppleWebKit/534.13 (KHTML, like Gecko) Chrome/9.0.597.107 Safari/534.13"
101.226.89.14 - - [07/Aug/2017:15:40:02 +0000] "GET /blog/1?nsukey=fryhEPipV3khKbuK8cbGwCYX543K7Yjc0HfX4ahU8JOKM8GWAk4UYv7Ja9ngppm7K0gCEJ7TA%2FJY9pA77WDlj23pEPFSsf%2FjkMFFQJUaQ9L7E79wtGmYzrLhuGVfKFK6oZl26iMG8FPk2Hu%2FNFuJtp9IKP5ScfoaJ1IVT4ETskVf%2B%2Bf0yhbiCyJgygAf9zey HTTP/1.1" 200 1767 "-" "Mozilla/5.0 (Windows NT 6.1; WOW64) AppleWebKit/537.36 (KHTML, like Gecko) Chrome/46.0.2490.80 Safari/537.36"
101.226.125.120 - - [07/Aug/2017:15:40:02 +0000] "GET /blog/1?nsukey=fryhEPipV3khKbuK8cbGwCYX543K7Yjc0HfX4ahU8JOKM8GWAk4UYv7Ja9ngppm7K0gCEJ7TA%2FJY9pA77WDlj23pEPFSsf%2FjkMFFQJUaQ9L7E79wtGmYzrLhuGVfKFK6oZl26iMG8FPk2Hu%2FNFuJtp9IKP5ScfoaJ1IVT4ETskVf%2B%2Bf0yhbiCyJgygAf9zey HTTP/1.1" 200 1765 "-" "Mozilla/5.0 (Windows; U; Windows NT 5.1; en-US) AppleWebKit/534.13 (KHTML, like Gecko) Chrome/9.0.597.107 Safari/534.13"
101.226.102.141 - - [07/Aug/2017:15:40:03 +0000] "GET /blog/1?nsukey=fryhEPipV3khKbuK8cbGwCYX543K7Yjc0HfX4ahU8JOKM8GWAk4UYv7Ja9ngppm7K0gCEJ7TA%2FJY9pA77WDlj23pEPFSsf%2FjkMFFQJUaQ9L7E79wtGmYzrLhuGVfKFK6oZl26iMG8FPk2Hu%2FNFuJtp9IKP5ScfoaJ1IVT4ETskVf%2B%2Bf0yhbiCyJgygAf9zey HTTP/1.1" 200 1767 "-" "Mozilla/5.0 (Windows NT 6.1; WOW64) AppleWebKit/537.36 (KHTML, like Gecko) Chrome/46.0.2490.80 Safari/537.36"
221.237.85.29 - - [07/Aug/2017:15:40:04 +0000] "GET /blog/1 HTTP/1.1" 200 1808 "http://qiankaihua.top/blog/bloglist" "Mozilla/5.0 (X11; Linux x86_64) AppleWebKit/537.36 (KHTML, like Gecko) Chrome/59.0.3071.115 Safari/537.36"
221.237.85.29 - - [07/Aug/2017:15:40:05 +0000] "GET /css/all.css HTTP/1.1" 200 11214 "http://qiankaihua.top/blog/1" "Mozilla/5.0 (X11; Linux x86_64) AppleWebKit/537.36 (KHTML, like Gecko) Chrome/59.0.3071.115 Safari/537.36"
221.237.85.29 - - [07/Aug/2017:15:40:05 +0000] "GET /js/all.js HTTP/1.1" 200 1226 "http://qiankaihua.top/blog/1" "Mozilla/5.0 (X11; Linux x86_64) AppleWebKit/537.36 (KHTML, like Gecko) Chrome/59.0.3071.115 Safari/537.36"
221.237.85.29 - - [07/Aug/2017:15:40:06 +0000] "GET /blog/1 HTTP/1.1" 200 1799 "http://qiankaihua.top/blog/bloglist" "Mozilla/5.0 (X11; Linux x86_64) AppleWebKit/537.36 (KHTML, like Gecko) Chrome/59.0.3071.115 Safari/537.36"
221.237.85.29 - - [07/Aug/2017:15:40:06 +0000] "GET /css/all.css HTTP/1.1" 206 386 "http://qiankaihua.top/blog/1" "Mozilla/5.0 (X11; Linux x86_64) AppleWebKit/537.36 (KHTML, like Gecko) Chrome/59.0.3071.115 Safari/537.36"
115.199.243.168 - - [07/Aug/2017:15:40:06 +0000] "GET /blog/1?nsukey=fryhEPipV3khKbuK8cbGwCYX543K7Yjc0HfX4ahU8JOKM8GWAk4UYv7Ja9ngppm7K0gCEJ7TA%2FJY9pA77WDlj23pEPFSsf%2FjkMFFQJUaQ9L7E79wtGmYzrLhuGVfKFK6oZl26iMG8FPk2Hu%2FNFuJtp9IKP5ScfoaJ1IVT4ETskVf%2B%2Bf0yhbiCyJgygAf9zey HTTP/1.1" 200 1802 "-" "Mozilla/5.0 (iPhone; CPU iPhone OS 10_3_2 like Mac OS X) AppleWebKit/603.2.4 (KHTML, like Gecko) Mobile/14F89 MicroMessenger/6.5.12 NetType/WIFI Language/zh_CN"
115.199.243.168 - - [07/Aug/2017:15:40:06 +0000] "GET /css/all.css HTTP/1.1" 200 11214 "http://qiankaihua.top/blog/1?nsukey=fryhEPipV3khKbuK8cbGwCYX543K7Yjc0HfX4ahU8JOKM8GWAk4UYv7Ja9ngppm7K0gCEJ7TA%2FJY9pA77WDlj23pEPFSsf%2FjkMFFQJUaQ9L7E79wtGmYzrLhuGVfKFK6oZl26iMG8FPk2Hu%2FNFuJtp9IKP5ScfoaJ1IVT4ETskVf%2B%2Bf0yhbiCyJgygAf9zey" "Mozilla/5.0 (iPhone; CPU iPhone OS 10_3_2 like Mac OS X) AppleWebKit/603.2.4 (KHTML, like Gecko) Mobile/14F89 MicroMessenger/6.5.12 NetType/WIFI Language/zh_CN"
115.199.243.168 - - [07/Aug/2017:15:40:06 +0000] "GET /js/all.js HTTP/1.1" 200 1226 "http://qiankaihua.top/blog/1?nsukey=fryhEPipV3khKbuK8cbGwCYX543K7Yjc0HfX4ahU8JOKM8GWAk4UYv7Ja9ngppm7K0gCEJ7TA%2FJY9pA77WDlj23pEPFSsf%2FjkMFFQJUaQ9L7E79wtGmYzrLhuGVfKFK6oZl26iMG8FPk2Hu%2FNFuJtp9IKP5ScfoaJ1IVT4ETskVf%2B%2Bf0yhbiCyJgygAf9zey" "Mozilla/5.0 (iPhone; CPU iPhone OS 10_3_2 like Mac OS X) AppleWebKit/603.2.4 (KHTML, like Gecko) Mobile/14F89 MicroMessenger/6.5.12 NetType/WIFI Language/zh_CN"
221.237.85.29 - - [07/Aug/2017:15:40:07 +0000] "GET /css/all.css HTTP/1.1" 206 8747 "http://qiankaihua.top/blog/1" "Mozilla/5.0 (X11; Linux x86_64) AppleWebKit/537.36 (KHTML, like Gecko) Chrome/59.0.3071.115 Safari/537.36"
221.237.85.29 - - [07/Aug/2017:15:40:08 +0000] "GET /blog/1 HTTP/1.1" 200 1807 "http://qiankaihua.top/blog/bloglist" "Mozilla/5.0 (X11; Linux x86_64) AppleWebKit/537.36 (KHTML, like Gecko) Chrome/59.0.3071.115 Safari/537.36"
101.226.66.172 - - [07/Aug/2017:15:40:11 +0000] "GET /blog/1?nsukey=fryhEPipV3khKbuK8cbGwCYX543K7Yjc0HfX4ahU8JOKM8GWAk4UYv7Ja9ngppm7K0gCEJ7TA%2FJY9pA77WDlj23pEPFSsf%2FjkMFFQJUaQ9L7E79wtGmYzrLhuGVfKFK6oZl26iMG8FPk2Hu%2FNFuJtp9IKP5ScfoaJ1IVT4ETskVf%2B%2Bf0yhbiCyJgygAf9zey HTTP/1.1" 200 1808 "-" "Mozilla/5.0 (Linux; Android 5.1.1; SM801 Build/LMY47V) AppleWebKit/537.36 (KHTML, like Gecko)     \t\tChrome/46.0.2490.11 Mobile Safari/537.36"
101.226.33.228 - - [07/Aug/2017:15:40:11 +0000] "GET /blog/1?nsukey=fryhEPipV3khKbuK8cbGwCYX543K7Yjc0HfX4ahU8JOKM8GWAk4UYv7Ja9ngppm7K0gCEJ7TA%2FJY9pA77WDlj23pEPFSsf%2FjkMFFQJUaQ9L7E79wtGmYzrLhuGVfKFK6oZl26iMG8FPk2Hu%2FNFuJtp9IKP5ScfoaJ1IVT4ETskVf%2B%2Bf0yhbiCyJgygAf9zey HTTP/1.1" 200 1804 "-" "Mozilla/5.0 (Linux; Android 4.4.4; HUAWEI ALE-CL00 Build/HuaweiALE-CL00; wv) AppleWebKit/537.36 (KHTML, like Gecko) Version/4.0 Chrome/53.0.2785.49 Mobile MQQBrowser/6.2 TBS/043024 Safari/537.36 MicroMessenger/6.5.4.1000 NetType/4G Language/zh_CN"
101.226.33.228 - - [07/Aug/2017:15:40:11 +0000] "GET /js/all.js HTTP/1.1" 200 1225 "http://qiankaihua.top/blog/1?nsukey=fryhEPipV3khKbuK8cbGwCYX543K7Yjc0HfX4ahU8JOKM8GWAk4UYv7Ja9ngppm7K0gCEJ7TA%2FJY9pA77WDlj23pEPFSsf%2FjkMFFQJUaQ9L7E79wtGmYzrLhuGVfKFK6oZl26iMG8FPk2Hu%2FNFuJtp9IKP5ScfoaJ1IVT4ETskVf%2B%2Bf0yhbiCyJgygAf9zey" "Mozilla/5.0 (Linux; Android 6.0.1; OPPO R9s Build/MMB29M) AppleWebKit/537.36 (KHTML, like Gecko) Version/4.0 Chrome/37.0.0.0 Mobile MQQBrowser/6.9 TBS/036906 Safari/537.36 MicroMessenger/6.5.4.1000 NetType/4G Language/zh_CN"
101.226.66.172 - - [07/Aug/2017:15:40:11 +0000] "GET /js/all.js HTTP/1.1" 200 1225 "http://qiankaihua.top/blog/1?nsukey=fryhEPipV3khKbuK8cbGwCYX543K7Yjc0HfX4ahU8JOKM8GWAk4UYv7Ja9ngppm7K0gCEJ7TA%2FJY9pA77WDlj23pEPFSsf%2FjkMFFQJUaQ9L7E79wtGmYzrLhuGVfKFK6oZl26iMG8FPk2Hu%2FNFuJtp9IKP5ScfoaJ1IVT4ETskVf%2B%2Bf0yhbiCyJgygAf9zey" "Mozilla/5.0 (Linux; U; Android 6.0.1; zh-cn; OPPO R9s Build/MMB29M) AppleWebKit/537.36 (KHTML, like Gecko) Version/4.0 Chrome/38.0.0.0 Mobile Safari/537.36 OppoBrowser/4.2.8"
101.226.66.172 - - [07/Aug/2017:15:40:11 +0000] "GET /js/vendor/modernizr-2.8.3-respond-1.4.2.min.js HTTP/1.1" 200 8530 "http://qiankaihua.top/blog/1?nsukey=fryhEPipV3khKbuK8cbGwCYX543K7Yjc0HfX4ahU8JOKM8GWAk4UYv7Ja9ngppm7K0gCEJ7TA%2FJY9pA77WDlj23pEPFSsf%2FjkMFFQJUaQ9L7E79wtGmYzrLhuGVfKFK6oZl26iMG8FPk2Hu%2FNFuJtp9IKP5ScfoaJ1IVT4ETskVf%2B%2Bf0yhbiCyJgygAf9zey" "Mozilla/5.0 (Linux; U; Android 4.4.4; zh-CN; HUAWEI ALE-CL00 Build/HuaweiALE-CL00) AppleWebKit/537.36 (KHTML, like Gecko) Version/4.0 Chrome/40.0.2214.89 UCBrowser/11.3.0.907 Mobile Safari/537.36"
101.226.33.228 - - [07/Aug/2017:15:40:11 +0000] "GET /js/vendor/modernizr-2.8.3-respond-1.4.2.min.js HTTP/1.1" 200 8530 "http://qiankaihua.top/blog/1?nsukey=fryhEPipV3khKbuK8cbGwCYX543K7Yjc0HfX4ahU8JOKM8GWAk4UYv7Ja9ngppm7K0gCEJ7TA%2FJY9pA77WDlj23pEPFSsf%2FjkMFFQJUaQ9L7E79wtGmYzrLhuGVfKFK6oZl26iMG8FPk2Hu%2FNFuJtp9IKP5ScfoaJ1IVT4ETskVf%2B%2Bf0yhbiCyJgygAf9zey" "Mozilla/5.0 (Linux; Android 5.1.1; SM801 Build/LMY47V; wv) AppleWebKit/537.36 (KHTML, like Gecko) Version/4.0 Chrome/53.0.2785.49 Mobile MQQBrowser/6.2 TBS/043024 Safari/537.36 MicroMessenger/6.5.4.1000 NetType/4G Language/zh_CN"
112.65.193.15 - - [07/Aug/2017:15:40:13 +0000] "GET /blog/1?nsukey=fryhEPipV3khKbuK8cbGwCYX543K7Yjc0HfX4ahU8JOKM8GWAk4UYv7Ja9ngppm7K0gCEJ7TA%2FJY9pA77WDlj23pEPFSsf%2FjkMFFQJUaQ9L7E79wtGmYzrLhuGVfKFK6oZl26iMG8FPk2Hu%2FNFuJtp9IKP5ScfoaJ1IVT4ETskVf%2B%2Bf0yhbiCyJgygAf9zey HTTP/1.1" 200 1800 "" "Mozilla/5.0 (iPhone; CPU iPhone OS 8_4 like Mac OS X) AppleWebKit/600.1.4 (KHTML, like Gecko) Version/8.0 Mobile/12H143 Safari/600.1.4"
112.65.193.15 - - [07/Aug/2017:15:40:13 +0000] "GET /css/all.css HTTP/1.1" 200 11214 "http://qiankaihua.top/blog/1?nsukey=fryhEPipV3khKbuK8cbGwCYX543K7Yjc0HfX4ahU8JOKM8GWAk4UYv7Ja9ngppm7K0gCEJ7TA%2FJY9pA77WDlj23pEPFSsf%2FjkMFFQJUaQ9L7E79wtGmYzrLhuGVfKFK6oZl26iMG8FPk2Hu%2FNFuJtp9IKP5ScfoaJ1IVT4ETskVf%2B%2Bf0yhbiCyJgygAf9zey" "Mozilla/5.0 (iPhone; CPU iPhone OS 8_4 like Mac OS X) AppleWebKit/600.1.4 (KHTML, like Gecko) Version/8.0 Mobile/12H143 Safari/600.1.4"
112.65.193.15 - - [07/Aug/2017:15:40:14 +0000] "GET /css/templatemo-style.css HTTP/1.1" 200 3505 "http://qiankaihua.top/blog/1?nsukey=fryhEPipV3khKbuK8cbGwCYX543K7Yjc0HfX4ahU8JOKM8GWAk4UYv7Ja9ngppm7K0gCEJ7TA%2FJY9pA77WDlj23pEPFSsf%2FjkMFFQJUaQ9L7E79wtGmYzrLhuGVfKFK6oZl26iMG8FPk2Hu%2FNFuJtp9IKP5ScfoaJ1IVT4ETskVf%2B%2Bf0yhbiCyJgygAf9zey" "Mozilla/5.0 (iPhone; CPU iPhone OS 8_4 like Mac OS X) AppleWebKit/600.1.4 (KHTML, like Gecko) Version/8.0 Mobile/12H143 Safari/600.1.4"
112.65.193.15 - - [07/Aug/2017:15:40:14 +0000] "GET /css/bootstrap-theme.min.css HTTP/1.1" 200 2688 "http://qiankaihua.top/blog/1?nsukey=fryhEPipV3khKbuK8cbGwCYX543K7Yjc0HfX4ahU8JOKM8GWAk4UYv7Ja9ngppm7K0gCEJ7TA%2FJY9pA77WDlj23pEPFSsf%2FjkMFFQJUaQ9L7E79wtGmYzrLhuGVfKFK6oZl26iMG8FPk2Hu%2FNFuJtp9IKP5ScfoaJ1IVT4ETskVf%2B%2Bf0yhbiCyJgygAf9zey" "Mozilla/5.0 (iPhone; CPU iPhone OS 8_4 like Mac OS X) AppleWebKit/600.1.4 (KHTML, like Gecko) Version/8.0 Mobile/12H143 Safari/600.1.4"
112.65.193.15 - - [07/Aug/2017:15:40:14 +0000] "GET /js/vendor/modernizr-2.8.3-respond-1.4.2.min.js HTTP/1.1" 200 8531 "http://qiankaihua.top/blog/1?nsukey=fryhEPipV3khKbuK8cbGwCYX543K7Yjc0HfX4ahU8JOKM8GWAk4UYv7Ja9ngppm7K0gCEJ7TA%2FJY9pA77WDlj23pEPFSsf%2FjkMFFQJUaQ9L7E79wtGmYzrLhuGVfKFK6oZl26iMG8FPk2Hu%2FNFuJtp9IKP5ScfoaJ1IVT4ETskVf%2B%2Bf0yhbiCyJgygAf9zey" "Mozilla/5.0 (iPhone; CPU iPhone OS 8_4 like Mac OS X) AppleWebKit/600.1.4 (KHTML, like Gecko) Version/8.0 Mobile/12H143 Safari/600.1.4"
112.65.193.15 - - [07/Aug/2017:15:40:14 +0000] "GET /js/all.js HTTP/1.1" 200 1226 "http://qiankaihua.top/blog/1?nsukey=fryhEPipV3khKbuK8cbGwCYX543K7Yjc0HfX4ahU8JOKM8GWAk4UYv7Ja9ngppm7K0gCEJ7TA%2FJY9pA77WDlj23pEPFSsf%2FjkMFFQJUaQ9L7E79wtGmYzrLhuGVfKFK6oZl26iMG8FPk2Hu%2FNFuJtp9IKP5ScfoaJ1IVT4ETskVf%2B%2Bf0yhbiCyJgygAf9zey" "Mozilla/5.0 (iPhone; CPU iPhone OS 8_4 like Mac OS X) AppleWebKit/600.1.4 (KHTML, like Gecko) Version/8.0 Mobile/12H143 Safari/600.1.4"
112.65.193.15 - - [07/Aug/2017:15:40:14 +0000] "GET /js/vendor/modernizr-2.8.3-respond-1.4.2.min.js HTTP/1.1" 200 8530 "http://qiankaihua.top/blog/1?nsukey=fryhEPipV3khKbuK8cbGwCYX543K7Yjc0HfX4ahU8JOKM8GWAk4UYv7Ja9ngppm7K0gCEJ7TA%2FJY9pA77WDlj23pEPFSsf%2FjkMFFQJUaQ9L7E79wtGmYzrLhuGVfKFK6oZl26iMG8FPk2Hu%2FNFuJtp9IKP5ScfoaJ1IVT4ETskVf%2B%2Bf0yhbiCyJgygAf9zey" "Mozilla/5.0 (iPhone; CPU iPhone OS 8_4 like Mac OS X) AppleWebKit/600.1.4 (KHTML, like Gecko) Version/8.0 Mobile/12H143 Safari/600.1.4"
112.65.193.15 - - [07/Aug/2017:15:40:14 +0000] "GET /css/templatemo-style.css HTTP/1.1" 200 3504 "http://qiankaihua.top/blog/1?nsukey=fryhEPipV3khKbuK8cbGwCYX543K7Yjc0HfX4ahU8JOKM8GWAk4UYv7Ja9ngppm7K0gCEJ7TA%2FJY9pA77WDlj23pEPFSsf%2FjkMFFQJUaQ9L7E79wtGmYzrLhuGVfKFK6oZl26iMG8FPk2Hu%2FNFuJtp9IKP5ScfoaJ1IVT4ETskVf%2B%2Bf0yhbiCyJgygAf9zey" "Mozilla/5.0 (iPhone; CPU iPhone OS 8_4 like Mac OS X) AppleWebKit/600.1.4 (KHTML, like Gecko) Version/8.0 Mobile/12H143 Safari/600.1.4"
112.65.193.15 - - [07/Aug/2017:15:40:14 +0000] "GET /css/bootstrap-theme.min.css HTTP/1.1" 200 2687 "http://qiankaihua.top/blog/1?nsukey=fryhEPipV3khKbuK8cbGwCYX543K7Yjc0HfX4ahU8JOKM8GWAk4UYv7Ja9ngppm7K0gCEJ7TA%2FJY9pA77WDlj23pEPFSsf%2FjkMFFQJUaQ9L7E79wtGmYzrLhuGVfKFK6oZl26iMG8FPk2Hu%2FNFuJtp9IKP5ScfoaJ1IVT4ETskVf%2B%2Bf0yhbiCyJgygAf9zey" "Mozilla/5.0 (iPhone; CPU iPhone OS 8_4 like Mac OS X) AppleWebKit/600.1.4 (KHTML, like Gecko) Version/8.0 Mobile/12H143 Safari/600.1.4"
112.65.193.15 - - [07/Aug/2017:15:40:14 +0000] "GET /img/loading.gif HTTP/1.1" 200 8762 "http://qiankaihua.top/blog/1?nsukey=fryhEPipV3khKbuK8cbGwCYX543K7Yjc0HfX4ahU8JOKM8GWAk4UYv7Ja9ngppm7K0gCEJ7TA%2FJY9pA77WDlj23pEPFSsf%2FjkMFFQJUaQ9L7E79wtGmYzrLhuGVfKFK6oZl26iMG8FPk2Hu%2FNFuJtp9IKP5ScfoaJ1IVT4ETskVf%2B%2Bf0yhbiCyJgygAf9zey" "Mozilla/5.0 (iPhone; CPU iPhone OS 8_4 like Mac OS X) AppleWebKit/600.1.4 (KHTML, like Gecko) Version/8.0 Mobile/12H143 Safari/600.1.4"
112.65.193.15 - - [07/Aug/2017:15:40:14 +0000] "GET /img/close.png HTTP/1.1" 200 564 "http://qiankaihua.top/blog/1?nsukey=fryhEPipV3khKbuK8cbGwCYX543K7Yjc0HfX4ahU8JOKM8GWAk4UYv7Ja9ngppm7K0gCEJ7TA%2FJY9pA77WDlj23pEPFSsf%2FjkMFFQJUaQ9L7E79wtGmYzrLhuGVfKFK6oZl26iMG8FPk2Hu%2FNFuJtp9IKP5ScfoaJ1IVT4ETskVf%2B%2Bf0yhbiCyJgygAf9zey" "Mozilla/5.0 (iPhone; CPU iPhone OS 8_4 like Mac OS X) AppleWebKit/600.1.4 (KHTML, like Gecko) Version/8.0 Mobile/12H143 Safari/600.1.4"
112.65.193.15 - - [07/Aug/2017:15:40:14 +0000] "GET /img/prev.png HTTP/1.1" 200 1645 "http://qiankaihua.top/blog/1?nsukey=fryhEPipV3khKbuK8cbGwCYX543K7Yjc0HfX4ahU8JOKM8GWAk4UYv7Ja9ngppm7K0gCEJ7TA%2FJY9pA77WDlj23pEPFSsf%2FjkMFFQJUaQ9L7E79wtGmYzrLhuGVfKFK6oZl26iMG8FPk2Hu%2FNFuJtp9IKP5ScfoaJ1IVT4ETskVf%2B%2Bf0yhbiCyJgygAf9zey" "Mozilla/5.0 (iPhone; CPU iPhone OS 8_4 like Mac OS X) AppleWebKit/600.1.4 (KHTML, like Gecko) Version/8.0 Mobile/12H143 Safari/600.1.4"
112.65.193.15 - - [07/Aug/2017:15:40:14 +0000] "GET /img/next.png HTTP/1.1" 200 1635 "http://qiankaihua.top/blog/1?nsukey=fryhEPipV3khKbuK8cbGwCYX543K7Yjc0HfX4ahU8JOKM8GWAk4UYv7Ja9ngppm7K0gCEJ7TA%2FJY9pA77WDlj23pEPFSsf%2FjkMFFQJUaQ9L7E79wtGmYzrLhuGVfKFK6oZl26iMG8FPk2Hu%2FNFuJtp9IKP5ScfoaJ1IVT4ETskVf%2B%2Bf0yhbiCyJgygAf9zey" "Mozilla/5.0 (iPhone; CPU iPhone OS 8_4 like Mac OS X) AppleWebKit/600.1.4 (KHTML, like Gecko) Version/8.0 Mobile/12H143 Safari/600.1.4"
115.199.243.168 - - [07/Aug/2017:15:40:16 +0000] "GET /?nsukey=ipHer8F1PCz%2FNBrYBBrWJ%2Bye%2FSS4btB44Zrf%2ByFKg3pMfXpz62USsV8UVIXctQguJnO8YqmeOzfM6ugWNFudwuFbCN3Tq9k1LKrEtkWN5Uk0rSZPHLf9KPD14Az1nr9Pr%2Fod7fdeqvSPfCN2TZsojhJdnPKJQKzRupZoWRl%2BO2PQ8zUxtjEB8HiDsGefVe6U&from=singlemessage&isappinstalled=0 HTTP/1.1" 200 3321 "-" "Mozilla/5.0 (iPhone; CPU iPhone OS 10_3_2 like Mac OS X) AppleWebKit/603.2.4 (KHTML, like Gecko) Mobile/14F89 MicroMessenger/6.5.12 NetType/WIFI Language/zh_CN"
::1 - - [07/Aug/2017:15:40:20 +0000] "OPTIONS * HTTP/1.0" 200 126 "-" "Apache/2.4.18 (Ubuntu) (internal dummy connection)"
180.153.160.61 - - [07/Aug/2017:15:40:23 +0000] "GET /?nsukey=UooAI01zCsxLZsZSIh%2BGmxZhUsMGeQVoM5%2FejeVpJAgqQ3EsTdv4qmvTncRHU3W2Uoj19o7IbfvDUxul2kFogAMSaO9Od2qtkM5huosZxIeCldF0Dh3ZYEmzQDz2fesHL%2BHyOT51%2BugO8TinXKwgTK72RT9D1tYx5T7ehfmBMxEOseI5hcr%2BaORTOnSsaLWz&from=singlemessage&isappinstalled=0 HTTP/1.1" 200 3423 "-" "Mozilla/5.0 (Windows NT 6.1; WOW64) AppleWebKit/537.36 (KHTML, like Gecko) Chrome/39.0.2171.95 Safari/537.36 MicroMessenger/6.5.2.501 NetType/WIFI WindowsWechat QBCore/3.43.27.400 QQBrowser/9.0.2524.400"
180.153.160.61 - - [07/Aug/2017:15:40:24 +0000] "GET /js/vendor/modernizr-2.8.3-respond-1.4.2.min.js HTTP/1.1" 200 8530 "http://qiankaihua.top/?nsukey=UooAI01zCsxLZsZSIh%2BGmxZhUsMGeQVoM5%2FejeVpJAgqQ3EsTdv4qmvTncRHU3W2Uoj19o7IbfvDUxul2kFogAMSaO9Od2qtkM5huosZxIeCldF0Dh3ZYEmzQDz2fesHL%2BHyOT51%2BugO8TinXKwgTK72RT9D1tYx5T7ehfmBMxEOseI5hcr%2BaORTOnSsaLWz&from=singlemessage&isappinstalled=0" "Mozilla/5.0 (Linux; Android 4.4.4; HUAWEI ALE-CL00 Build/HuaweiALE-CL00; wv) AppleWebKit/537.36 (KHTML, like Gecko) Version/4.0 Chrome/53.0.2785.49 Mobile MQQBrowser/6.2 TBS/043024 Safari/537.36 MicroMessenger/6.5.4.1000 NetType/4G Language/zh_CN"
180.153.160.61 - - [07/Aug/2017:15:40:24 +0000] "GET /js/vendor/jquery-1.11.2.min.js HTTP/1.1" 200 33635 "http://qiankaihua.top/?nsukey=UooAI01zCsxLZsZSIh%2BGmxZhUsMGeQVoM5%2FejeVpJAgqQ3EsTdv4qmvTncRHU3W2Uoj19o7IbfvDUxul2kFogAMSaO9Od2qtkM5huosZxIeCldF0Dh3ZYEmzQDz2fesHL%2BHyOT51%2BugO8TinXKwgTK72RT9D1tYx5T7ehfmBMxEOseI5hcr%2BaORTOnSsaLWz&from=singlemessage&isappinstalled=0" "Mozilla/5.0 (iPhone; CPU iPhone OS 10_2_1 like Mac OS X) AppleWebKit/602.4.6 (KHTML, like Gecko) Mobile/14D27 MicroMessenger/6.5.5 NetType/WIFI Language/en"
180.153.160.61 - - [07/Aug/2017:15:40:25 +0000] "GET /js/vendor/bootstrap.min.js HTTP/1.1" 200 9792 "http://qiankaihua.top/?nsukey=UooAI01zCsxLZsZSIh%2BGmxZhUsMGeQVoM5%2FejeVpJAgqQ3EsTdv4qmvTncRHU3W2Uoj19o7IbfvDUxul2kFogAMSaO9Od2qtkM5huosZxIeCldF0Dh3ZYEmzQDz2fesHL%2BHyOT51%2BugO8TinXKwgTK72RT9D1tYx5T7ehfmBMxEOseI5hcr%2BaORTOnSsaLWz&from=singlemessage&isappinstalled=0" "Mozilla/5.0 (iPhone; CPU iPhone OS 10_2_1 like Mac OS X) AppleWebKit/602.4.6 (KHTML, like Gecko) Mobile/14D27 MicroMessenger/6.5.5 NetType/WIFI Language/zh_CN"
180.153.160.61 - - [07/Aug/2017:15:40:26 +0000] "GET /js/plugins.js HTTP/1.1" 200 729 "http://qiankaihua.top/?nsukey=UooAI01zCsxLZsZSIh%2BGmxZhUsMGeQVoM5%2FejeVpJAgqQ3EsTdv4qmvTncRHU3W2Uoj19o7IbfvDUxul2kFogAMSaO9Od2qtkM5huosZxIeCldF0Dh3ZYEmzQDz2fesHL%2BHyOT51%2BugO8TinXKwgTK72RT9D1tYx5T7ehfmBMxEOseI5hcr%2BaORTOnSsaLWz&from=singlemessage&isappinstalled=0" "Mozilla/5.0 (iPhone; CPU iPhone OS 10_2_1 like Mac OS X) AppleWebKit/602.4.6 (KHTML, like Gecko) Mobile/14D27 MicroMessenger/6.5.5 NetType/WIFI Language/en"
101.226.65.104 - - [07/Aug/2017:15:40:26 +0000] "GET /?nsukey=ipHer8F1PCz%2FNBrYBBrWJ%2Bye%2FSS4btB44Zrf%2ByFKg3pMfXpz62USsV8UVIXctQguJnO8YqmeOzfM6ugWNFudwuFbCN3Tq9k1LKrEtkWN5Uk0rSZPHLf9KPD14Az1nr9Pr%2Fod7fdeqvSPfCN2TZsojhJdnPKJQKzRupZoWRl%2BO2PQ8zUxtjEB8HiDsGefVe6U&from=singlemessage&isappinstalled=0 HTTP/1.1" 200 3323 "-" "Mozilla/5.0 (iPhone; CPU iPhone OS 10_2_1 like Mac OS X) AppleWebKit/602.4.6 (KHTML, like Gecko) Mobile/14D27 MicroMessenger/6.5.5 NetType/WIFI Language/zh_CN"
180.153.160.61 - - [07/Aug/2017:15:40:26 +0000] "GET /js/mymain.js HTTP/1.1" 200 6654 "http://qiankaihua.top/?nsukey=UooAI01zCsxLZsZSIh%2BGmxZhUsMGeQVoM5%2FejeVpJAgqQ3EsTdv4qmvTncRHU3W2Uoj19o7IbfvDUxul2kFogAMSaO9Od2qtkM5huosZxIeCldF0Dh3ZYEmzQDz2fesHL%2BHyOT51%2BugO8TinXKwgTK72RT9D1tYx5T7ehfmBMxEOseI5hcr%2BaORTOnSsaLWz&from=singlemessage&isappinstalled=0" "Mozilla/5.0 (Windows NT 6.1; WOW64) AppleWebKit/537.36 (KHTML, like Gecko) Chrome/39.0.2171.95 Safari/537.36 MicroMessenger/6.5.2.501 NetType/WIFI WindowsWechat QBCore/3.43.27.400 QQBrowser/9.0.2524.400"
101.226.65.104 - - [07/Aug/2017:15:40:27 +0000] "GET /js/vendor/modernizr-2.8.3-respond-1.4.2.min.js HTTP/1.1" 200 8530 "http://qiankaihua.top/?nsukey=ipHer8F1PCz%2FNBrYBBrWJ%2Bye%2FSS4btB44Zrf%2ByFKg3pMfXpz62USsV8UVIXctQguJnO8YqmeOzfM6ugWNFudwuFbCN3Tq9k1LKrEtkWN5Uk0rSZPHLf9KPD14Az1nr9Pr%2Fod7fdeqvSPfCN2TZsojhJdnPKJQKzRupZoWRl%2BO2PQ8zUxtjEB8HiDsGefVe6U&from=singlemessage&isappinstalled=0" "Mozilla/5.0 (iPhone; CPU iPhone OS 10_2_1 like Mac OS X) AppleWebKit/602.4.6 (KHTML, like Gecko) Mobile/14D27 MicroMessenger/6.5.5 NetType/WIFI Language/en"
101.226.65.104 - - [07/Aug/2017:15:40:27 +0000] "GET /js/vendor/jquery-1.11.2.min.js HTTP/1.1" 200 33635 "http://qiankaihua.top/?nsukey=ipHer8F1PCz%2FNBrYBBrWJ%2Bye%2FSS4btB44Zrf%2ByFKg3pMfXpz62USsV8UVIXctQguJnO8YqmeOzfM6ugWNFudwuFbCN3Tq9k1LKrEtkWN5Uk0rSZPHLf9KPD14Az1nr9Pr%2Fod7fdeqvSPfCN2TZsojhJdnPKJQKzRupZoWRl%2BO2PQ8zUxtjEB8HiDsGefVe6U&from=singlemessage&isappinstalled=0" "Mozilla/5.0 (iPhone; CPU iPhone OS 10_2_1 like Mac OS X) AppleWebKit/602.4.6 (KHTML, like Gecko) Mobile/14D27 MicroMessenger/6.5.5 NetType/WIFI Language/zh_CN"
